 ray

 Timestamp is 58e46c6e (Wed Apr  5 12:02:54 2017)

 Preferred load address is 00400000

 Start         Length     Name                   Class
 0001:00000000 000001e0H .text$di                CODE
 0001:000001e0 00074320H .text$mn                CODE
 0001:00074500 00002570H .text$x                 CODE
 0001:00076a70 000000d9H .text$yd                CODE
 0002:00000000 000006c0H .idata$5                DATA
 0002:000006c0 00000004H .00cfg                  DATA
 0002:000006c4 00000004H .CRT$XCA                DATA
 0002:000006c8 00000004H .CRT$XCAA               DATA
 0002:000006cc 00000004H .CRT$XCL                DATA
 0002:000006d0 0000002cH .CRT$XCU                DATA
 0002:000006fc 00000004H .CRT$XCZ                DATA
 0002:00000700 00000004H .CRT$XIA                DATA
 0002:00000704 00000004H .CRT$XIAA               DATA
 0002:00000708 00000004H .CRT$XIAC               DATA
 0002:0000070c 00000004H .CRT$XIC                DATA
 0002:00000710 00000004H .CRT$XIZ                DATA
 0002:00000714 00000004H .CRT$XLA                DATA
 0002:00000718 00000004H .CRT$XLZ                DATA
 0002:0000071c 00000004H .CRT$XPA                DATA
 0002:00000720 00000004H .CRT$XPZ                DATA
 0002:00000724 00000004H .CRT$XTA                DATA
 0002:00000728 00000008H .CRT$XTZ                DATA
 0002:00000730 00007db4H .rdata                  DATA
 0002:000084e4 00000018H .rdata$T                DATA
 0002:000084fc 000024fcH .rdata$r                DATA
 0002:0000a9f8 000003c4H .rdata$zzzdbg           DATA
 0002:0000adbc 00000004H .rtc$IAA                DATA
 0002:0000adc0 00000004H .rtc$IZZ                DATA
 0002:0000adc4 00000004H .rtc$TAA                DATA
 0002:0000adc8 00000008H .rtc$TZZ                DATA
 0002:0000add0 00002684H .xdata$x                DATA
 0002:0000d454 00000000H .edata                  DATA
 0002:0000d454 000001b8H .idata$2                DATA
 0002:0000d60c 00000014H .idata$3                DATA
 0002:0000d620 000006c0H .idata$4                DATA
 0002:0000dce0 000024a6H .idata$6                DATA
 0003:00000000 00001eb8H .data                   DATA
 0003:00001eb8 00000e80H .data$r                 DATA
 0003:00002d38 000055e0H .bss                    DATA
 0004:00000000 00000058H .gfids$y                DATA
 0005:00000000 00000004H .tls                    DATA
 0005:00000004 00000004H .tls$                   DATA
 0005:00000008 00000001H .tls$ZZZ                DATA
 0006:00000000 00000060H .rsrc$01                DATA
 0006:00000060 00000180H .rsrc$02                DATA

  Address         Publics by Value              Rva+Base       Lib:Object

 0000:00000000       ___guard_longjmp_count     00000000     <absolute>
 0000:00000000       ___guard_iat_table         00000000     <absolute>
 0000:00000000       ___guard_longjmp_table     00000000     <absolute>
 0000:00000000       ___safe_se_handler_count   00000000     <absolute>
 0000:00000000       ___guard_fids_count        00000000     <absolute>
 0000:00000000       ___guard_iat_count         00000000     <absolute>
 0000:00000000       ___guard_fids_table        00000000     <absolute>
 0000:00000000       ___safe_se_handler_table   00000000     <absolute>
 0000:00000000       ___dynamic_value_reloc_table 00000000     <absolute>
 0000:0000002c       __tls_array                0000002c     <absolute>
 0000:00000100       ___guard_flags             00000100     <absolute>
 0000:00000000       ___ImageBase               00400000     <linker-defined>
 0001:000001e0       ?GetOption@@YAHHPAPADPAD0@Z 004011e0 f   getopt.obj
 0001:000002c0       ?getopt@@YAHHPAPADPAD@Z    004012c0 f   getopt.obj
 0001:00000300       ??$__vcrt_va_start_verify_argument_type@QBD@@YAXXZ 00401300 f i main.obj
 0001:00000310       ??_H@YGXPAXIIP6EPAX0@Z@Z   00401310 f i main.obj
 0001:00000340       ?processArgs@@YA_NHPAPAD@Z 00401340 f   main.obj
 0001:00000430       ?usage@@YAXXZ              00401430 f   main.obj
 0001:00000450       ___local_stdio_printf_options 00401450 f i main.obj
 0001:00000460       _fprintf                   00401460 f i main.obj
 0001:00000490       _main                      00401490 f   main.obj
 0001:000006c0       ??$?6U?$char_traits@D@std@@@std@@YAAAV?$basic_ostream@DU?$char_traits@D@std@@@0@AAV10@PBD@Z 004016c0 f i RayTracer.obj
 0001:00000900       ??$endl@DU?$char_traits@D@std@@@std@@YAAAV?$basic_ostream@DU?$char_traits@D@std@@@0@AAV10@@Z 00401900 f i RayTracer.obj
 0001:00000930       ??0RayTracer@@QAE@XZ       00401930 f   RayTracer.obj
 0001:00000970       ??0vec3f@@QAE@XZ           00401970 f i RayTracer.obj
 0001:00000980       ??1?$basic_string@DU?$char_traits@D@std@@V?$allocator@D@2@@std@@QAE@XZ 00401980 f i RayTracer.obj
 0001:000009c0       ??1ParseError@@QAE@XZ      004019c0 f i RayTracer.obj
 0001:00000a00       ??1RayTracer@@QAE@XZ       00401a00 f   RayTracer.obj
 0001:00000a20       ??1_Sentry_base@?$basic_ostream@DU?$char_traits@D@std@@@std@@QAE@XZ 00401a20 f i RayTracer.obj
 0001:00000a70       ??1isect@@QAE@XZ           00401a70 f i RayTracer.obj
 0001:00000a90       ??1sentry@?$basic_ostream@DU?$char_traits@D@std@@@std@@QAE@XZ 00401a90 f i RayTracer.obj
 0001:00000b00       ?_Copy@?$basic_string@DU?$char_traits@D@std@@V?$allocator@D@2@@std@@QAEXII@Z 00401b00 f i RayTracer.obj
 0001:00000cb0       ?_Deallocate@std@@YAXPAXII@Z 00401cb0 f i RayTracer.obj
 0001:00000d20       ?allocate@?$_Wrap_alloc@V?$allocator@D@std@@@std@@QAEPADI@Z 00401d20 f i RayTracer.obj
 0001:00000d80       ?aspectRatio@RayTracer@@QAENXZ 00401d80 f   RayTracer.obj
 0001:00000dc0       ?assign@?$basic_string@DU?$char_traits@D@std@@V?$allocator@D@2@@std@@QAEAAV12@ABV12@II@Z 00401dc0 f i RayTracer.obj
 0001:00000ee0       ?assign@?$basic_string@DU?$char_traits@D@std@@V?$allocator@D@2@@std@@QAEAAV12@PBDI@Z 00401ee0 f i RayTracer.obj
 0001:00000fe0       ?degreeRadian@@YANVvec3f@@0@Z 00401fe0 f   RayTracer.obj
 0001:000010b0       ?erase@?$basic_string@DU?$char_traits@D@std@@V?$allocator@D@2@@std@@QAEAAV12@II@Z 004020b0 f i RayTracer.obj
 0001:00001150       ?getBackgroundColor@RayTracer@@QAE?AVvec3f@@NN@Z 00402150 f   RayTracer.obj
 0001:00001250       ?getBuffer@RayTracer@@QAEXAAPAEAAH1@Z 00402250 f   RayTracer.obj
 0001:00001270       ?getScene@RayTracer@@QAEPAVScene@@XZ 00402270 f   RayTracer.obj
 0001:00001280       ?loadScene@RayTracer@@QAE_NPAD@Z 00402280 f   RayTracer.obj
 0001:000013d0       ?sceneLoaded@RayTracer@@QAE_NXZ 004023d0 f   RayTracer.obj
 0001:000013e0       ?setBackgroundImg@RayTracer@@QAEXPAE@Z 004023e0 f   RayTracer.obj
 0001:000013f0       ?setDepthLimit@RayTracer@@QAEXH@Z 004023f0 f   RayTracer.obj
 0001:00001410       ?setUI@RayTracer@@QAEXPAVTraceUI@@@Z 00402410 f   RayTracer.obj
 0001:00001420       ?trace@RayTracer@@QAE?AVvec3f@@PAVScene@@NN@Z 00402420 f   RayTracer.obj
 0001:00001530       ?traceLines@RayTracer@@QAEXHH@Z 00402530 f   RayTracer.obj
 0001:000016d0       ?tracePixel@RayTracer@@QAEXHH@Z 004026d0 f   RayTracer.obj
 0001:00001830       ?traceRay@RayTracer@@QAE?AVvec3f@@PAVScene@@ABVray@@ABV2@H_NNN@Z 00402830 f   RayTracer.obj
 0001:00001f90       ?traceSetup@RayTracer@@QAEXHH@Z 00402f90 f   RayTracer.obj
 0001:00001ff0       ??0TraceGLWindow@@QAE@HHHHPBD@Z 00402ff0 f   TraceGLWindow.obj
 0001:00002070       ??_EFl_Gl_Window@@UAEPAXI@Z 00403070 f i TraceGLWindow.obj
 0001:00002070       ??_GFl_Gl_Window@@UAEPAXI@Z 00403070 f i TraceGLWindow.obj
 0001:000020a0       ??_GTraceGLWindow@@UAEPAXI@Z 004030a0 f i TraceGLWindow.obj
 0001:000020a0       ??_ETraceGLWindow@@UAEPAXI@Z 004030a0 f i TraceGLWindow.obj
 0001:000020d0       ?as_gl_window@Fl_Gl_Window@@UAEPAV1@XZ 004030d0 f i TraceGLWindow.obj
 0001:000020e0       ?as_group@Fl_Group@@UAEPAV1@XZ 004030e0 f i TraceGLWindow.obj
 0001:000020f0       ?as_window@Fl_Window@@UAEPAV1@XZ 004030f0 f i TraceGLWindow.obj
 0001:00002100       ?draw@TraceGLWindow@@UAEXXZ 00403100 f   TraceGLWindow.obj
 0001:000021e0       ?handle@TraceGLWindow@@UAEHH@Z 004031e0 f   TraceGLWindow.obj
 0001:000021f0       ?refresh@TraceGLWindow@@QAEXXZ 004031f0 f   TraceGLWindow.obj
 0001:00002200       ?resizeWindow@TraceGLWindow@@QAEXHH@Z 00403200 f   TraceGLWindow.obj
 0001:00002230       ?saveImage@TraceGLWindow@@QAEXPAD@Z 00403230 f   TraceGLWindow.obj
 0001:00002280       ?setRayTracer@TraceGLWindow@@QAEXPAVRayTracer@@@Z 00403280 f   TraceGLWindow.obj
 0001:00002290       ?cb_load_scene@TraceUI@@CAXPAVFl_Menu_@@PAX@Z 00403290 f   TraceUI.obj
 0001:00002370       ?cb_save_image@TraceUI@@CAXPAVFl_Menu_@@PAX@Z 00403370 f   TraceUI.obj
 0001:000023b0       ?cb_load_background@TraceUI@@CAXPAVFl_Menu_@@PAX@Z 004033b0 f   TraceUI.obj
 0001:00002430       ?cb_exit@TraceUI@@CAXPAVFl_Menu_@@PAX@Z 00403430 f   TraceUI.obj
 0001:00002460       ?cb_about@TraceUI@@CAXPAVFl_Menu_@@PAX@Z 00403460 f   TraceUI.obj
 0001:00002470       ??0TraceUI@@QAE@XZ         00403470 f   TraceUI.obj
 0001:00002a70       ?cb_constAttenSlides@TraceUI@@CAXPAVFl_Widget@@PAX@Z 00403a70 f   TraceUI.obj
 0001:00002ab0       ?cb_depthSlides@TraceUI@@CAXPAVFl_Widget@@PAX@Z 00403ab0 f   TraceUI.obj
 0001:00002ae0       ?cb_enableBackground@TraceUI@@CAXPAVFl_Widget@@PAX@Z 00403ae0 f   TraceUI.obj
 0001:00002b00       ?cb_exit2@TraceUI@@CAXPAVFl_Widget@@PAX@Z 00403b00 f   TraceUI.obj
 0001:00002b30       ?cb_linearAttenSlides@TraceUI@@CAXPAVFl_Widget@@PAX@Z 00403b30 f   TraceUI.obj
 0001:00002b70       ?cb_quadAttenSlides@TraceUI@@CAXPAVFl_Widget@@PAX@Z 00403b70 f   TraceUI.obj
 0001:00002bb0       ?cb_render@TraceUI@@CAXPAVFl_Widget@@PAX@Z 00403bb0 f   TraceUI.obj
 0001:00002df0       ?cb_sizeSlides@TraceUI@@CAXPAVFl_Widget@@PAX@Z 00403df0 f   TraceUI.obj
 0001:00002e40       ?cb_stop@TraceUI@@CAXPAVFl_Widget@@PAX@Z 00403e40 f   TraceUI.obj
 0001:00002e50       ?getDepth@TraceUI@@QAEHXZ  00403e50 f   TraceUI.obj
 0001:00002e60       ?getEnableBackground@TraceUI@@QAE_NXZ 00403e60 f   TraceUI.obj
 0001:00002e70       ?getSize@TraceUI@@QAEHXZ   00403e70 f   TraceUI.obj
 0001:00002e80       ?setRayTracer@TraceUI@@QAEXPAVRayTracer@@@Z 00403e80 f   TraceUI.obj
 0001:00002ea0       ?show@TraceUI@@QAEXXZ      00403ea0 f   TraceUI.obj
 0001:00002eb0       ?whoami@TraceUI@@CAPAV1@PAVFl_Menu_@@@Z 00403eb0 f   TraceUI.obj
 0001:00002ec0       _sprintf                   00403ec0 f i TraceUI.obj
 0001:00002f00       ?readBMP@@YAPAEPADAAH1@Z   00403f00 f   bitmap.obj
 0001:00003070       ?writeBMP@@YAXPADHHPAE@Z   00404070 f   bitmap.obj
 0001:00003200       ??$?0U?$_Wrap_alloc@V?$allocator@U?$_Tree_node@U?$pair@$$CBV?$basic_string@DU?$char_traits@D@std@@V?$allocator@D@2@@std@@PAVObj@@@std@@PAX@std@@@std@@@std@@@?$_Tree@V?$_Tmap_traits@V?$basic_string@DU?$char_traits@D@std@@V?$allocator@D@2@@std@@PAVObj@@U?$less@V?$basic_string@DU?$char_traits@D@std@@V?$allocator@D@2@@std@@@2@V?$allocator@U?$pair@$$CBV?$basic_string@DU?$char_traits@D@std@@V?$allocator@D@2@@std@@PAVObj@@@std@@@2@$0A@@std@@@std@@QAE@ABV01@$$QAU?$_Wrap_alloc@V?$allocator@U?$_Tree_node@U?$pair@$$CBV?$basic_string@DU?$char_traits@D@std@@V?$allocator@D@2@@std@@PAVObj@@@std@@PAX@std@@@std@@@1@@Z 00404200 f i parse.obj
 0001:00003290       ??$?6DU?$char_traits@D@std@@V?$allocator@D@1@@std@@YAAAV?$basic_ostream@DU?$char_traits@D@std@@@0@AAV10@ABV?$basic_string@DU?$char_traits@D@std@@V?$allocator@D@2@@0@@Z 00404290 f i parse.obj
 0001:00003490       ??$?6U?$char_traits@D@std@@@std@@YAAAV?$basic_ostream@DU?$char_traits@D@std@@@0@AAV10@D@Z 00404490 f i parse.obj
 0001:000036a0       ??$?8DU?$char_traits@D@std@@V?$allocator@D@1@@std@@YA_NABV?$basic_string@DU?$char_traits@D@std@@V?$allocator@D@2@@0@PBD@Z 004046a0 f i parse.obj
 0001:00003710       ??$?HDU?$char_traits@D@std@@V?$allocator@D@1@@std@@YA?AV?$basic_string@DU?$char_traits@D@std@@V?$allocator@D@2@@0@$$QAV10@0@Z 00404710 f i parse.obj
 0001:00003780       ??$?HDU?$char_traits@D@std@@V?$allocator@D@1@@std@@YA?AV?$basic_string@DU?$char_traits@D@std@@V?$allocator@D@2@@0@$$QAV10@ABV10@@Z 00404780 f i parse.obj
 0001:000037c0       ??$_Buynode@AAU?$pair@$$CBV?$basic_string@DU?$char_traits@D@std@@V?$allocator@D@2@@std@@PAVObj@@@std@@@?$_Tree_comp_alloc@V?$_Tmap_traits@V?$basic_string@DU?$char_traits@D@std@@V?$allocator@D@2@@std@@PAVObj@@U?$less@V?$basic_string@DU?$char_traits@D@std@@V?$allocator@D@2@@std@@@2@V?$allocator@U?$pair@$$CBV?$basic_string@DU?$char_traits@D@std@@V?$allocator@D@2@@std@@PAVObj@@@std@@@2@$0A@@std@@@std@@QAEPAU?$_Tree_node@U?$pair@$$CBV?$basic_string@DU?$char_traits@D@std@@V?$allocator@D@2@@std@@PAVObj@@@std@@PAX@1@AAU?$pair@$$CBV?$basic_string@DU?$char_traits@D@std@@V?$allocator@D@2@@std@@PAVObj@@@1@@Z 004047c0 f i parse.obj
 0001:00003880       ??$_Buynode@ABUpiecewise_construct_t@std@@V?$tuple@ABV?$basic_string@DU?$char_traits@D@std@@V?$allocator@D@2@@std@@@2@V?$tuple@$$V@2@@?$_Tree_comp_alloc@V?$_Tmap_traits@V?$basic_string@DU?$char_traits@D@std@@V?$allocator@D@2@@std@@PAVObj@@U?$less@V?$basic_string@DU?$char_traits@D@std@@V?$allocator@D@2@@std@@@2@V?$allocator@U?$pair@$$CBV?$basic_string@DU?$char_traits@D@std@@V?$allocator@D@2@@std@@PAVObj@@@std@@@2@$0A@@std@@@std@@QAEPAU?$_Tree_node@U?$pair@$$CBV?$basic_string@DU?$char_traits@D@std@@V?$allocator@D@2@@std@@PAVObj@@@std@@PAX@1@ABUpiecewise_construct_t@1@$$QAV?$tuple@ABV?$basic_string@DU?$char_traits@D@std@@V?$allocator@D@2@@std@@@1@$$QAV?$tuple@$$V@1@@Z 00404880 f i parse.obj
 0001:00003940       ??$_Copy@U_Copy_tag@?$_Tree@V?$_Tmap_traits@V?$basic_string@DU?$char_traits@D@std@@V?$allocator@D@2@@std@@PAVObj@@U?$less@V?$basic_string@DU?$char_traits@D@std@@V?$allocator@D@2@@std@@@2@V?$allocator@U?$pair@$$CBV?$basic_string@DU?$char_traits@D@std@@V?$allocator@D@2@@std@@PAVObj@@@std@@@2@$0A@@std@@@std@@@?$_Tree@V?$_Tmap_traits@V?$basic_string@DU?$char_traits@D@std@@V?$allocator@D@2@@std@@PAVObj@@U?$less@V?$basic_string@DU?$char_traits@D@std@@V?$allocator@D@2@@std@@@2@V?$allocator@U?$pair@$$CBV?$basic_string@DU?$char_traits@D@std@@V?$allocator@D@2@@std@@PAVObj@@@std@@@2@$0A@@std@@@std@@IAEXABV01@U_Copy_tag@01@@Z 00404940 f i parse.obj
 0001:000039c0       ??$_Copy_nodes@U_Copy_tag@?$_Tree@V?$_Tmap_traits@V?$basic_string@DU?$char_traits@D@std@@V?$allocator@D@2@@std@@PAVObj@@U?$less@V?$basic_string@DU?$char_traits@D@std@@V?$allocator@D@2@@std@@@2@V?$allocator@U?$pair@$$CBV?$basic_string@DU?$char_traits@D@std@@V?$allocator@D@2@@std@@PAVObj@@@std@@@2@$0A@@std@@@std@@@?$_Tree@V?$_Tmap_traits@V?$basic_string@DU?$char_traits@D@std@@V?$allocator@D@2@@std@@PAVObj@@U?$less@V?$basic_string@DU?$char_traits@D@std@@V?$allocator@D@2@@std@@@2@V?$allocator@U?$pair@$$CBV?$basic_string@DU?$char_traits@D@std@@V?$allocator@D@2@@std@@PAVObj@@@std@@@2@$0A@@std@@@std@@IAEPAU?$_Tree_node@U?$pair@$$CBV?$basic_string@DU?$char_traits@D@std@@V?$allocator@D@2@@std@@PAVObj@@@std@@PAX@1@PAU21@0U_Copy_tag@01@@Z 004049c0 f i parse.obj
 0001:00003a80       ??$_Insert_at@AAU?$pair@$$CBV?$basic_string@DU?$char_traits@D@std@@V?$allocator@D@2@@std@@PAVObj@@@std@@PAU?$_Tree_node@U?$pair@$$CBV?$basic_string@DU?$char_traits@D@std@@V?$allocator@D@2@@std@@PAVObj@@@std@@PAX@2@@?$_Tree@V?$_Tmap_traits@V?$basic_string@DU?$char_traits@D@std@@V?$allocator@D@2@@std@@PAVObj@@U?$less@V?$basic_string@DU?$char_traits@D@std@@V?$allocator@D@2@@std@@@2@V?$allocator@U?$pair@$$CBV?$basic_string@DU?$char_traits@D@std@@V?$allocator@D@2@@std@@PAVObj@@@std@@@2@$0A@@std@@@std@@IAE?AV?$_Tree_iterator@V?$_Tree_val@U?$_Tree_simple_types@U?$pair@$$CBV?$basic_string@DU?$char_traits@D@std@@V?$allocator@D@2@@std@@PAVObj@@@std@@@std@@@std@@@1@_NPAU?$_Tree_node@U?$pair@$$CBV?$basic_string@DU?$char_traits@D@std@@V?$allocator@D@2@@std@@PAVObj@@@std@@PAX@1@AAU?$pair@$$CBV?$basic_string@DU?$char_traits@D@std@@V?$allocator@D@2@@std@@PAVObj@@@1@1@Z 00404a80 f i parse.obj
 0001:00003c50       ??$_Insert_hint@AAU?$pair@$$CBV?$basic_string@DU?$char_traits@D@std@@V?$allocator@D@2@@std@@PAVObj@@@std@@PAU?$_Tree_node@U?$pair@$$CBV?$basic_string@DU?$char_traits@D@std@@V?$allocator@D@2@@std@@PAVObj@@@std@@PAX@2@@?$_Tree@V?$_Tmap_traits@V?$basic_string@DU?$char_traits@D@std@@V?$allocator@D@2@@std@@PAVObj@@U?$less@V?$basic_string@DU?$char_traits@D@std@@V?$allocator@D@2@@std@@@2@V?$allocator@U?$pair@$$CBV?$basic_string@DU?$char_traits@D@std@@V?$allocator@D@2@@std@@PAVObj@@@std@@@2@$0A@@std@@@std@@IAE?AV?$_Tree_iterator@V?$_Tree_val@U?$_Tree_simple_types@U?$pair@$$CBV?$basic_string@DU?$char_traits@D@std@@V?$allocator@D@2@@std@@PAVObj@@@std@@@std@@@std@@@1@V?$_Tree_const_iterator@V?$_Tree_val@U?$_Tree_simple_types@U?$pair@$$CBV?$basic_string@DU?$char_traits@D@std@@V?$allocator@D@2@@std@@PAVObj@@@std@@@std@@@std@@@1@AAU?$pair@$$CBV?$basic_string@DU?$char_traits@D@std@@V?$allocator@D@2@@std@@PAVObj@@@1@PAU?$_Tree_node@U?$pair@$$CBV?$basic_string@DU?$char_traits@D@std@@V?$allocator@D@2@@std@@PAVObj@@@std@@PAX@1@@Z 00404c50 f i parse.obj
 0001:00003eb0       ??$_Insert_nohint@AAU?$pair@$$CBV?$basic_string@DU?$char_traits@D@std@@V?$allocator@D@2@@std@@PAVObj@@@std@@PAU?$_Tree_node@U?$pair@$$CBV?$basic_string@DU?$char_traits@D@std@@V?$allocator@D@2@@std@@PAVObj@@@std@@PAX@2@@?$_Tree@V?$_Tmap_traits@V?$basic_string@DU?$char_traits@D@std@@V?$allocator@D@2@@std@@PAVObj@@U?$less@V?$basic_string@DU?$char_traits@D@std@@V?$allocator@D@2@@std@@@2@V?$allocator@U?$pair@$$CBV?$basic_string@DU?$char_traits@D@std@@V?$allocator@D@2@@std@@PAVObj@@@std@@@2@$0A@@std@@@std@@IAE?AU?$pair@V?$_Tree_iterator@V?$_Tree_val@U?$_Tree_simple_types@U?$pair@$$CBV?$basic_string@DU?$char_traits@D@std@@V?$allocator@D@2@@std@@PAVObj@@@std@@@std@@@std@@@std@@_N@1@_NAAU?$pair@$$CBV?$basic_string@DU?$char_traits@D@std@@V?$allocator@D@2@@std@@PAVObj@@@1@PAU?$_Tree_node@U?$pair@$$CBV?$basic_string@DU?$char_traits@D@std@@V?$allocator@D@2@@std@@PAVObj@@@std@@PAX@1@@Z 00404eb0 f i parse.obj
 0001:00004120       ??$_Lbound@V?$basic_string@DU?$char_traits@D@std@@V?$allocator@D@2@@std@@@?$_Tree@V?$_Tmap_traits@V?$basic_string@DU?$char_traits@D@std@@V?$allocator@D@2@@std@@PAVObj@@U?$less@V?$basic_string@DU?$char_traits@D@std@@V?$allocator@D@2@@std@@@2@V?$allocator@U?$pair@$$CBV?$basic_string@DU?$char_traits@D@std@@V?$allocator@D@2@@std@@PAVObj@@@std@@@2@$0A@@std@@@std@@IBEPAU?$_Tree_node@U?$pair@$$CBV?$basic_string@DU?$char_traits@D@std@@V?$allocator@D@2@@std@@PAVObj@@@std@@PAX@1@ABV?$basic_string@DU?$char_traits@D@std@@V?$allocator@D@2@@1@@Z 00405120 f i parse.obj
 0001:00004200       ??$_Try_emplace@ABV?$basic_string@DU?$char_traits@D@std@@V?$allocator@D@2@@std@@$$V@?$map@V?$basic_string@DU?$char_traits@D@std@@V?$allocator@D@2@@std@@PAVObj@@U?$less@V?$basic_string@DU?$char_traits@D@std@@V?$allocator@D@2@@std@@@2@V?$allocator@U?$pair@$$CBV?$basic_string@DU?$char_traits@D@std@@V?$allocator@D@2@@std@@PAVObj@@@std@@@2@@std@@QAE?AU?$pair@V?$_Tree_iterator@V?$_Tree_val@U?$_Tree_simple_types@U?$pair@$$CBV?$basic_string@DU?$char_traits@D@std@@V?$allocator@D@2@@std@@PAVObj@@@std@@@std@@@std@@@std@@_N@1@ABV?$basic_string@DU?$char_traits@D@std@@V?$allocator@D@2@@1@@Z 00405200 f i parse.obj
 0001:000042b0       ??0?$basic_string@DU?$char_traits@D@std@@V?$allocator@D@2@@std@@QAE@PBD@Z 004052b0 f i parse.obj
 0001:00004310       ??0?$vector@PAVObj@@V?$allocator@PAVObj@@@std@@@std@@QAE@ABV01@@Z 00405310 f i parse.obj
 0001:000043a0       ??0Exception@@QAE@ABV0@@Z  004053a0 f i parse.obj
 0001:000043d0       ??0IdObj@@QAE@ABV?$basic_string@DU?$char_traits@D@std@@V?$allocator@D@2@@std@@@Z 004053d0 f i parse.obj
 0001:00004440       ??0NamedObj@@QAE@ABV?$basic_string@DU?$char_traits@D@std@@V?$allocator@D@2@@std@@PAVObj@@@Z 00405440 f i parse.obj
 0001:000044b0       ??0ObjTypeMismatch@@QAE@ABV0@@Z 004054b0 f i parse.obj
 0001:000044e0       ??0ObjTypeMismatch@@QAE@V?$basic_string@DU?$char_traits@D@std@@V?$allocator@D@2@@std@@0@Z 004054e0 f i parse.obj
 0001:00004790       ??0ParseError@@QAE@ABV0@@Z 00405790 f i parse.obj
 0001:000047c0       ??1?$_Tree_comp_alloc@V?$_Tmap_traits@V?$basic_string@DU?$char_traits@D@std@@V?$allocator@D@2@@std@@PAVObj@@U?$less@V?$basic_string@DU?$char_traits@D@std@@V?$allocator@D@2@@std@@@2@V?$allocator@U?$pair@$$CBV?$basic_string@DU?$char_traits@D@std@@V?$allocator@D@2@@std@@PAVObj@@@std@@@2@$0A@@std@@@std@@QAE@XZ 004057c0 f i parse.obj
 0001:000047d0       ??1?$map@V?$basic_string@DU?$char_traits@D@std@@V?$allocator@D@2@@std@@PAVObj@@U?$less@V?$basic_string@DU?$char_traits@D@std@@V?$allocator@D@2@@std@@@2@V?$allocator@U?$pair@$$CBV?$basic_string@DU?$char_traits@D@std@@V?$allocator@D@2@@std@@PAVObj@@@std@@@2@@std@@QAE@XZ 004057d0 f i parse.obj
 0001:00004830       ??1?$vector@PAVObj@@V?$allocator@PAVObj@@@std@@@std@@QAE@XZ 00405830 f i parse.obj
 0001:00004870       ??1BooleanObj@@UAE@XZ      00405870 f i parse.obj
 0001:00004880       ??1DictObj@@UAE@XZ         00405880 f i parse.obj
 0001:00004950       ??1IdObj@@UAE@XZ           00405950 f i parse.obj
 0001:000049a0       ??1NamedObj@@UAE@XZ        004059a0 f i parse.obj
 0001:00004a00       ??1Obj@@UAE@XZ             00405a00 f i parse.obj
 0001:00004a10       ??1ObjTypeMismatch@@QAE@XZ 00405a10 f i parse.obj
 0001:00004a50       ??1ScalarObj@@UAE@XZ       00405a50 f i parse.obj
 0001:00004a60       ??1StringObj@@UAE@XZ       00405a60 f i parse.obj
 0001:00004ab0       ??1TupleObj@@UAE@XZ        00405ab0 f i parse.obj
 0001:00004b60       ??3@YAXPAX0@Z              00405b60 f i parse.obj
 0001:00004b70       ??E?$_Tree_unchecked_const_iterator@V?$_Tree_val@U?$_Tree_simple_types@U?$pair@$$CBV?$basic_string@DU?$char_traits@D@std@@V?$allocator@D@2@@std@@PAVObj@@@std@@@std@@@std@@U_Iterator_base0@2@@std@@QAEAAV01@XZ 00405b70 f i parse.obj
 0001:00004bc0       ??F?$_Tree_unchecked_const_iterator@V?$_Tree_val@U?$_Tree_simple_types@U?$pair@$$CBV?$basic_string@DU?$char_traits@D@std@@V?$allocator@D@2@@std@@PAVObj@@@std@@@std@@@std@@U_Iterator_base0@2@@std@@QAEAAV01@XZ 00405bc0 f i parse.obj
 0001:00004c20       ??R?$less@V?$basic_string@DU?$char_traits@D@std@@V?$allocator@D@2@@std@@@std@@QBE_NABV?$basic_string@DU?$char_traits@D@std@@V?$allocator@D@2@@1@0@Z 00405c20 f i parse.obj
 0001:00004c80       ??_GBooleanObj@@UAEPAXI@Z  00405c80 f i parse.obj
 0001:00004c80       ??_EBooleanObj@@UAEPAXI@Z  00405c80 f i parse.obj
 0001:00004cb0       ??_GDictObj@@UAEPAXI@Z     00405cb0 f i parse.obj
 0001:00004cb0       ??_EDictObj@@UAEPAXI@Z     00405cb0 f i parse.obj
 0001:00004ce0       ??_GIdObj@@UAEPAXI@Z       00405ce0 f i parse.obj
 0001:00004ce0       ??_EIdObj@@UAEPAXI@Z       00405ce0 f i parse.obj
 0001:00004d40       ??_ENamedObj@@UAEPAXI@Z    00405d40 f i parse.obj
 0001:00004d40       ??_GNamedObj@@UAEPAXI@Z    00405d40 f i parse.obj
 0001:00004d70       ??_GObj@@UAEPAXI@Z         00405d70 f i parse.obj
 0001:00004d70       ??_EObj@@UAEPAXI@Z         00405d70 f i parse.obj
 0001:00004da0       ??_EScalarObj@@UAEPAXI@Z   00405da0 f i parse.obj
 0001:00004da0       ??_GScalarObj@@UAEPAXI@Z   00405da0 f i parse.obj
 0001:00004dd0       ??_EStringObj@@UAEPAXI@Z   00405dd0 f i parse.obj
 0001:00004dd0       ??_GStringObj@@UAEPAXI@Z   00405dd0 f i parse.obj
 0001:00004e30       ??_GTupleObj@@UAEPAXI@Z    00405e30 f i parse.obj
 0001:00004e30       ??_ETupleObj@@UAEPAXI@Z    00405e30 f i parse.obj
 0001:00004e60       ?_Assign_rv@?$basic_string@DU?$char_traits@D@std@@V?$allocator@D@2@@std@@QAEX$$QAV12@@Z 00405e60 f i parse.obj
 0001:00004ed0       ?_Buyheadnode@?$_Tree_comp_alloc@V?$_Tmap_traits@V?$basic_string@DU?$char_traits@D@std@@V?$allocator@D@2@@std@@PAVObj@@U?$less@V?$basic_string@DU?$char_traits@D@std@@V?$allocator@D@2@@std@@@2@V?$allocator@U?$pair@$$CBV?$basic_string@DU?$char_traits@D@std@@V?$allocator@D@2@@std@@PAVObj@@@std@@@2@$0A@@std@@@std@@QAEPAU?$_Tree_node@U?$pair@$$CBV?$basic_string@DU?$char_traits@D@std@@V?$allocator@D@2@@std@@PAVObj@@@std@@PAX@2@XZ 00405ed0 f i parse.obj
 0001:00004f00       ?_Buynode0@?$_Tree_comp_alloc@V?$_Tmap_traits@V?$basic_string@DU?$char_traits@D@std@@V?$allocator@D@2@@std@@PAVObj@@U?$less@V?$basic_string@DU?$char_traits@D@std@@V?$allocator@D@2@@std@@@2@V?$allocator@U?$pair@$$CBV?$basic_string@DU?$char_traits@D@std@@V?$allocator@D@2@@std@@PAVObj@@@std@@@2@$0A@@std@@@std@@QAEPAU?$_Tree_node@U?$pair@$$CBV?$basic_string@DU?$char_traits@D@std@@V?$allocator@D@2@@std@@PAVObj@@@std@@PAX@2@XZ 00405f00 f i parse.obj
 0001:00004f40       ?_Chassign@?$basic_string@DU?$char_traits@D@std@@V?$allocator@D@2@@std@@QAEXIID@Z 00405f40 f i parse.obj
 0001:00004f90       ?_Destroy_if_not_nil@?$_Tree@V?$_Tmap_traits@V?$basic_string@DU?$char_traits@D@std@@V?$allocator@D@2@@std@@PAVObj@@U?$less@V?$basic_string@DU?$char_traits@D@std@@V?$allocator@D@2@@std@@@2@V?$allocator@U?$pair@$$CBV?$basic_string@DU?$char_traits@D@std@@V?$allocator@D@2@@std@@PAVObj@@@std@@@2@$0A@@std@@@std@@IAEXPAU?$_Tree_node@U?$pair@$$CBV?$basic_string@DU?$char_traits@D@std@@V?$allocator@D@2@@std@@PAVObj@@@std@@PAX@2@@Z 00405f90 f i parse.obj
 0001:00004fe0       ?_Erase@?$_Tree@V?$_Tmap_traits@V?$basic_string@DU?$char_traits@D@std@@V?$allocator@D@2@@std@@PAVObj@@U?$less@V?$basic_string@DU?$char_traits@D@std@@V?$allocator@D@2@@std@@@2@V?$allocator@U?$pair@$$CBV?$basic_string@DU?$char_traits@D@std@@V?$allocator@D@2@@std@@PAVObj@@@std@@@2@$0A@@std@@@std@@IAEXPAU?$_Tree_node@U?$pair@$$CBV?$basic_string@DU?$char_traits@D@std@@V?$allocator@D@2@@std@@PAVObj@@@std@@PAX@2@@Z 00405fe0 f i parse.obj
 0001:00005090       ?_Lrotate@?$_Tree@V?$_Tmap_traits@V?$basic_string@DU?$char_traits@D@std@@V?$allocator@D@2@@std@@PAVObj@@U?$less@V?$basic_string@DU?$char_traits@D@std@@V?$allocator@D@2@@std@@@2@V?$allocator@U?$pair@$$CBV?$basic_string@DU?$char_traits@D@std@@V?$allocator@D@2@@std@@PAVObj@@@std@@@2@$0A@@std@@@std@@IAEXPAU?$_Tree_node@U?$pair@$$CBV?$basic_string@DU?$char_traits@D@std@@V?$allocator@D@2@@std@@PAVObj@@@std@@PAX@2@@Z 00406090 f i parse.obj
 0001:000050f0       ?_Reallocate@?$vector@PAVObj@@V?$allocator@PAVObj@@@std@@@std@@IAEXI@Z 004060f0 f i parse.obj
 0001:00005150       ?_Reserve@?$vector@PAVObj@@V?$allocator@PAVObj@@@std@@@std@@IAEXI@Z 00406150 f i parse.obj
 0001:000051c0       ?_Rrotate@?$_Tree@V?$_Tmap_traits@V?$basic_string@DU?$char_traits@D@std@@V?$allocator@D@2@@std@@PAVObj@@U?$less@V?$basic_string@DU?$char_traits@D@std@@V?$allocator@D@2@@std@@@2@V?$allocator@U?$pair@$$CBV?$basic_string@DU?$char_traits@D@std@@V?$allocator@D@2@@std@@PAVObj@@@std@@@2@$0A@@std@@@std@@IAEXPAU?$_Tree_node@U?$pair@$$CBV?$basic_string@DU?$char_traits@D@std@@V?$allocator@D@2@@std@@PAVObj@@@std@@PAX@2@@Z 004061c0 f i parse.obj
 0001:00005220       ?allocate@?$allocator@PAVObj@@@std@@QAEPAPAVObj@@I@Z 00406220 f i parse.obj
 0001:00005290       ?append@?$basic_string@DU?$char_traits@D@std@@V?$allocator@D@2@@std@@QAEAAV12@ABV12@II@Z 00406290 f i parse.obj
 0001:00005380       ?append@?$basic_string@DU?$char_traits@D@std@@V?$allocator@D@2@@std@@QAEAAV12@ID@Z 00406380 f i parse.obj
 0001:00005430       ?compare@?$char_traits@D@std@@SAHPBD0I@Z 00406430 f i parse.obj
 0001:000056e0       ?erase@?$_Tree@V?$_Tmap_traits@V?$basic_string@DU?$char_traits@D@std@@V?$allocator@D@2@@std@@PAVObj@@U?$less@V?$basic_string@DU?$char_traits@D@std@@V?$allocator@D@2@@std@@@2@V?$allocator@U?$pair@$$CBV?$basic_string@DU?$char_traits@D@std@@V?$allocator@D@2@@std@@PAVObj@@@std@@@2@$0A@@std@@@std@@QAE?AV?$_Tree_iterator@V?$_Tree_val@U?$_Tree_simple_types@U?$pair@$$CBV?$basic_string@DU?$char_traits@D@std@@V?$allocator@D@2@@std@@PAVObj@@@std@@@std@@@std@@@2@V?$_Tree_const_iterator@V?$_Tree_val@U?$_Tree_simple_types@U?$pair@$$CBV?$basic_string@DU?$char_traits@D@std@@V?$allocator@D@2@@std@@PAVObj@@@std@@@std@@@std@@@2@0@Z 004066e0 f i parse.obj
 0001:000057d0       ?erase@?$_Tree@V?$_Tmap_traits@V?$basic_string@DU?$char_traits@D@std@@V?$allocator@D@2@@std@@PAVObj@@U?$less@V?$basic_string@DU?$char_traits@D@std@@V?$allocator@D@2@@std@@@2@V?$allocator@U?$pair@$$CBV?$basic_string@DU?$char_traits@D@std@@V?$allocator@D@2@@std@@PAVObj@@@std@@@2@$0A@@std@@@std@@QAE?AV?$_Tree_iterator@V?$_Tree_val@U?$_Tree_simple_types@U?$pair@$$CBV?$basic_string@DU?$char_traits@D@std@@V?$allocator@D@2@@std@@PAVObj@@@std@@@std@@@std@@@2@V?$_Tree_const_iterator@V?$_Tree_val@U?$_Tree_simple_types@U?$pair@$$CBV?$basic_string@DU?$char_traits@D@std@@V?$allocator@D@2@@std@@PAVObj@@@std@@@std@@@std@@@2@@Z 004067d0 f i parse.obj
 0001:00005ac0       ?getBoolean@BooleanObj@@UBE_NXZ 00406ac0 f i parse.obj
 0001:00005ad0       ?getBoolean@Obj@@UBE_NXZ   00406ad0 f i parse.obj
 0001:00005b60       ?getChild@NamedObj@@UBEPAVObj@@XZ 00406b60 f i parse.obj
 0001:00005b70       ?getChild@Obj@@UBEPAV1@XZ  00406b70 f i parse.obj
 0001:00005c00       ?getDict@DictObj@@UBEABV?$map@V?$basic_string@DU?$char_traits@D@std@@V?$allocator@D@2@@std@@PAVObj@@U?$less@V?$basic_string@DU?$char_traits@D@std@@V?$allocator@D@2@@std@@@2@V?$allocator@U?$pair@$$CBV?$basic_string@DU?$char_traits@D@std@@V?$allocator@D@2@@std@@PAVObj@@@std@@@2@@std@@XZ 00406c00 f i parse.obj
 0001:00005c10       ?getDict@Obj@@UBEABV?$map@V?$basic_string@DU?$char_traits@D@std@@V?$allocator@D@2@@std@@PAVObj@@U?$less@V?$basic_string@DU?$char_traits@D@std@@V?$allocator@D@2@@std@@@2@V?$allocator@U?$pair@$$CBV?$basic_string@DU?$char_traits@D@std@@V?$allocator@D@2@@std@@PAVObj@@@std@@@2@@std@@XZ 00406c10 f i parse.obj
 0001:00005ca0       ?getID@IdObj@@UBE?AV?$basic_string@DU?$char_traits@D@std@@V?$allocator@D@2@@std@@XZ 00406ca0 f i parse.obj
 0001:00005ce0       ?getID@Obj@@UBE?AV?$basic_string@DU?$char_traits@D@std@@V?$allocator@D@2@@std@@XZ 00406ce0 f i parse.obj
 0001:00005d70       ?getName@NamedObj@@UBE?AV?$basic_string@DU?$char_traits@D@std@@V?$allocator@D@2@@std@@XZ 00406d70 f i parse.obj
 0001:00005db0       ?getName@Obj@@UBE?AV?$basic_string@DU?$char_traits@D@std@@V?$allocator@D@2@@std@@XZ 00406db0 f i parse.obj
 0001:00005e40       ?getScalar@Obj@@UBENXZ     00406e40 f i parse.obj
 0001:00005ed0       ?getScalar@ScalarObj@@UBENXZ 00406ed0 f i parse.obj
 0001:00005ee0       ?getString@Obj@@UBE?AV?$basic_string@DU?$char_traits@D@std@@V?$allocator@D@2@@std@@XZ 00406ee0 f i parse.obj
 0001:00005f70       ?getString@StringObj@@UBE?AV?$basic_string@DU?$char_traits@D@std@@V?$allocator@D@2@@std@@XZ 00406f70 f i parse.obj
 0001:00005fb0       ?getTuple@Obj@@UBEABV?$vector@PAVObj@@V?$allocator@PAVObj@@@std@@@std@@XZ 00406fb0 f i parse.obj
 0001:00006040       ?getTuple@TupleObj@@UBEABV?$vector@PAVObj@@V?$allocator@PAVObj@@@std@@@std@@XZ 00407040 f i parse.obj
 0001:00006050       ?getTypeName@BooleanObj@@UBE?AV?$basic_string@DU?$char_traits@D@std@@V?$allocator@D@2@@std@@XZ 00407050 f i parse.obj
 0001:00006090       ?getTypeName@DictObj@@UBE?AV?$basic_string@DU?$char_traits@D@std@@V?$allocator@D@2@@std@@XZ 00407090 f i parse.obj
 0001:000060d0       ?getTypeName@IdObj@@UBE?AV?$basic_string@DU?$char_traits@D@std@@V?$allocator@D@2@@std@@XZ 004070d0 f i parse.obj
 0001:00006110       ?getTypeName@NamedObj@@UBE?AV?$basic_string@DU?$char_traits@D@std@@V?$allocator@D@2@@std@@XZ 00407110 f i parse.obj
 0001:00006150       ?getTypeName@Obj@@UBE?AV?$basic_string@DU?$char_traits@D@std@@V?$allocator@D@2@@std@@XZ 00407150 f i parse.obj
 0001:00006190       ?getTypeName@ScalarObj@@UBE?AV?$basic_string@DU?$char_traits@D@std@@V?$allocator@D@2@@std@@XZ 00407190 f i parse.obj
 0001:000061d0       ?getTypeName@StringObj@@UBE?AV?$basic_string@DU?$char_traits@D@std@@V?$allocator@D@2@@std@@XZ 004071d0 f i parse.obj
 0001:00006210       ?getTypeName@TupleObj@@UBE?AV?$basic_string@DU?$char_traits@D@std@@V?$allocator@D@2@@std@@XZ 00407210 f i parse.obj
 0001:00006250       ?insert@?$basic_string@DU?$char_traits@D@std@@V?$allocator@D@2@@std@@QAEAAV12@IABV12@II@Z 00407250 f i parse.obj
 0001:000063e0       ?printOn@BooleanObj@@UBEXAAV?$basic_ostream@DU?$char_traits@D@std@@@std@@@Z 004073e0 f i parse.obj
 0001:00006410       ?printOn@DictObj@@UBEXAAV?$basic_ostream@DU?$char_traits@D@std@@@std@@@Z 00407410 f i parse.obj
 0001:000064e0       ?printOn@IdObj@@UBEXAAV?$basic_ostream@DU?$char_traits@D@std@@@std@@@Z 004074e0 f i parse.obj
 0001:00006500       ?printOn@NamedObj@@UBEXAAV?$basic_ostream@DU?$char_traits@D@std@@@std@@@Z 00407500 f i parse.obj
 0001:00006530       ?printOn@Obj@@UBEXAAV?$basic_ostream@DU?$char_traits@D@std@@@std@@@Z 00407530 f i parse.obj
 0001:00006540       ?printOn@ScalarObj@@UBEXAAV?$basic_ostream@DU?$char_traits@D@std@@@std@@@Z 00407540 f i parse.obj
 0001:00006560       ?printOn@StringObj@@UBEXAAV?$basic_ostream@DU?$char_traits@D@std@@@std@@@Z 00407560 f i parse.obj
 0001:00006590       ?printOn@TupleObj@@UBEXAAV?$basic_ostream@DU?$char_traits@D@std@@@std@@@Z 00407590 f i parse.obj
 0001:00006950       ?readFile@@YAPAVObj@@AAV?$basic_istream@DU?$char_traits@D@std@@@std@@@Z 00407950 f   parse.obj
 0001:000071d0       ??$?HDU?$char_traits@D@std@@V?$allocator@D@1@@std@@YA?AV?$basic_string@DU?$char_traits@D@std@@V?$allocator@D@2@@0@$$QAV10@PBD@Z 004081d0 f i read.obj
 0001:00007230       ??$_Buynode@ABQAVGeometry@@@?$_List_buy@PAVGeometry@@V?$allocator@PAVGeometry@@@std@@@std@@QAEPAU?$_List_node@PAVGeometry@@PAX@1@PAU21@0ABQAVGeometry@@@Z 00408230 f i read.obj
 0001:00007250       ??$_Buynode@ABQAVLight@@@?$_List_buy@PAVLight@@V?$allocator@PAVLight@@@std@@@std@@QAEPAU?$_List_node@PAVLight@@PAX@1@PAU21@0ABQAVLight@@@Z 00408250 f i read.obj
 0001:00007270       ??$_Buynode@ABQAVTransformNode@@@?$_List_buy@PAVTransformNode@@V?$allocator@PAVTransformNode@@@std@@@std@@QAEPAU?$_List_node@PAVTransformNode@@PAX@1@PAU21@0ABQAVTransformNode@@@Z 00408270 f i read.obj
 0001:00007290       ??$_Buynode@ABUpiecewise_construct_t@std@@V?$tuple@ABV?$basic_string@DU?$char_traits@D@std@@V?$allocator@D@2@@std@@@2@V?$tuple@$$V@2@@?$_Tree_comp_alloc@V?$_Tmap_traits@V?$basic_string@DU?$char_traits@D@std@@V?$allocator@D@2@@std@@PAVMaterial@@U?$less@V?$basic_string@DU?$char_traits@D@std@@V?$allocator@D@2@@std@@@2@V?$allocator@U?$pair@$$CBV?$basic_string@DU?$char_traits@D@std@@V?$allocator@D@2@@std@@PAVMaterial@@@std@@@2@$0A@@std@@@std@@QAEPAU?$_Tree_node@U?$pair@$$CBV?$basic_string@DU?$char_traits@D@std@@V?$allocator@D@2@@std@@PAVMaterial@@@std@@PAX@1@ABUpiecewise_construct_t@1@$$QAV?$tuple@ABV?$basic_string@DU?$char_traits@D@std@@V?$allocator@D@2@@std@@@1@$$QAV?$tuple@$$V@1@@Z 00408290 f i read.obj
 0001:00007350       ??$_Insert_at@AAU?$pair@$$CBV?$basic_string@DU?$char_traits@D@std@@V?$allocator@D@2@@std@@PAVMaterial@@@std@@PAU?$_Tree_node@U?$pair@$$CBV?$basic_string@DU?$char_traits@D@std@@V?$allocator@D@2@@std@@PAVMaterial@@@std@@PAX@2@@?$_Tree@V?$_Tmap_traits@V?$basic_string@DU?$char_traits@D@std@@V?$allocator@D@2@@std@@PAVMaterial@@U?$less@V?$basic_string@DU?$char_traits@D@std@@V?$allocator@D@2@@std@@@2@V?$allocator@U?$pair@$$CBV?$basic_string@DU?$char_traits@D@std@@V?$allocator@D@2@@std@@PAVMaterial@@@std@@@2@$0A@@std@@@std@@IAE?AV?$_Tree_iterator@V?$_Tree_val@U?$_Tree_simple_types@U?$pair@$$CBV?$basic_string@DU?$char_traits@D@std@@V?$allocator@D@2@@std@@PAVMaterial@@@std@@@std@@@std@@@1@_NPAU?$_Tree_node@U?$pair@$$CBV?$basic_string@DU?$char_traits@D@std@@V?$allocator@D@2@@std@@PAVMaterial@@@std@@PAX@1@AAU?$pair@$$CBV?$basic_string@DU?$char_traits@D@std@@V?$allocator@D@2@@std@@PAVMaterial@@@1@1@Z 00408350 f i read.obj
 0001:00007520       ??$_Insert_hint@AAU?$pair@$$CBV?$basic_string@DU?$char_traits@D@std@@V?$allocator@D@2@@std@@PAVMaterial@@@std@@PAU?$_Tree_node@U?$pair@$$CBV?$basic_string@DU?$char_traits@D@std@@V?$allocator@D@2@@std@@PAVMaterial@@@std@@PAX@2@@?$_Tree@V?$_Tmap_traits@V?$basic_string@DU?$char_traits@D@std@@V?$allocator@D@2@@std@@PAVMaterial@@U?$less@V?$basic_string@DU?$char_traits@D@std@@V?$allocator@D@2@@std@@@2@V?$allocator@U?$pair@$$CBV?$basic_string@DU?$char_traits@D@std@@V?$allocator@D@2@@std@@PAVMaterial@@@std@@@2@$0A@@std@@@std@@IAE?AV?$_Tree_iterator@V?$_Tree_val@U?$_Tree_simple_types@U?$pair@$$CBV?$basic_string@DU?$char_traits@D@std@@V?$allocator@D@2@@std@@PAVMaterial@@@std@@@std@@@std@@@1@V?$_Tree_const_iterator@V?$_Tree_val@U?$_Tree_simple_types@U?$pair@$$CBV?$basic_string@DU?$char_traits@D@std@@V?$allocator@D@2@@std@@PAVMaterial@@@std@@@std@@@std@@@1@AAU?$pair@$$CBV?$basic_string@DU?$char_traits@D@std@@V?$allocator@D@2@@std@@PAVMaterial@@@1@PAU?$_Tree_node@U?$pair@$$CBV?$basic_string@DU?$char_traits@D@std@@V?$allocator@D@2@@std@@PAVMaterial@@@std@@PAX@1@@Z 00408520 f i read.obj
 0001:00007780       ??$_Insert_nohint@AAU?$pair@$$CBV?$basic_string@DU?$char_traits@D@std@@V?$allocator@D@2@@std@@PAVMaterial@@@std@@PAU?$_Tree_node@U?$pair@$$CBV?$basic_string@DU?$char_traits@D@std@@V?$allocator@D@2@@std@@PAVMaterial@@@std@@PAX@2@@?$_Tree@V?$_Tmap_traits@V?$basic_string@DU?$char_traits@D@std@@V?$allocator@D@2@@std@@PAVMaterial@@U?$less@V?$basic_string@DU?$char_traits@D@std@@V?$allocator@D@2@@std@@@2@V?$allocator@U?$pair@$$CBV?$basic_string@DU?$char_traits@D@std@@V?$allocator@D@2@@std@@PAVMaterial@@@std@@@2@$0A@@std@@@std@@IAE?AU?$pair@V?$_Tree_iterator@V?$_Tree_val@U?$_Tree_simple_types@U?$pair@$$CBV?$basic_string@DU?$char_traits@D@std@@V?$allocator@D@2@@std@@PAVMaterial@@@std@@@std@@@std@@@std@@_N@1@_NAAU?$pair@$$CBV?$basic_string@DU?$char_traits@D@std@@V?$allocator@D@2@@std@@PAVMaterial@@@1@PAU?$_Tree_node@U?$pair@$$CBV?$basic_string@DU?$char_traits@D@std@@V?$allocator@D@2@@std@@PAVMaterial@@@std@@PAX@1@@Z 00408780 f i read.obj
 0001:000079f0       ??$_Lbound@V?$basic_string@DU?$char_traits@D@std@@V?$allocator@D@2@@std@@@?$_Tree@V?$_Tmap_traits@V?$basic_string@DU?$char_traits@D@std@@V?$allocator@D@2@@std@@PAVMaterial@@U?$less@V?$basic_string@DU?$char_traits@D@std@@V?$allocator@D@2@@std@@@2@V?$allocator@U?$pair@$$CBV?$basic_string@DU?$char_traits@D@std@@V?$allocator@D@2@@std@@PAVMaterial@@@std@@@2@$0A@@std@@@std@@IBEPAU?$_Tree_node@U?$pair@$$CBV?$basic_string@DU?$char_traits@D@std@@V?$allocator@D@2@@std@@PAVMaterial@@@std@@PAX@1@ABV?$basic_string@DU?$char_traits@D@std@@V?$allocator@D@2@@1@@Z 004089f0 f i read.obj
 0001:00007ad0       ??$_Try_emplace@ABV?$basic_string@DU?$char_traits@D@std@@V?$allocator@D@2@@std@@$$V@?$map@V?$basic_string@DU?$char_traits@D@std@@V?$allocator@D@2@@std@@PAVMaterial@@U?$less@V?$basic_string@DU?$char_traits@D@std@@V?$allocator@D@2@@std@@@2@V?$allocator@U?$pair@$$CBV?$basic_string@DU?$char_traits@D@std@@V?$allocator@D@2@@std@@PAVMaterial@@@std@@@2@@std@@QAE?AU?$pair@V?$_Tree_iterator@V?$_Tree_val@U?$_Tree_simple_types@U?$pair@$$CBV?$basic_string@DU?$char_traits@D@std@@V?$allocator@D@2@@std@@PAVMaterial@@@std@@@std@@@std@@@std@@_N@1@ABV?$basic_string@DU?$char_traits@D@std@@V?$allocator@D@2@@1@@Z 00408ad0 f i read.obj
 0001:00007b80       ??$ends@DU?$char_traits@D@std@@@std@@YAAAV?$basic_ostream@DU?$char_traits@D@std@@@0@AAV10@@Z 00408b80 f i read.obj
 0001:00007ba0       ??$use_facet@V?$codecvt@DDU_Mbstatet@@@std@@@std@@YAABV?$codecvt@DDU_Mbstatet@@@0@ABVlocale@0@@Z 00408ba0 f i read.obj
 0001:00007ca0       ??0?$basic_ifstream@DU?$char_traits@D@std@@@std@@QAE@PBDHH@Z 00408ca0 f i read.obj
 0001:00007db0       ??0?$basic_string@DU?$char_traits@D@std@@V?$allocator@D@2@@std@@QAE@ABV01@@Z 00408db0 f i read.obj
 0001:00007de0       ??0?$fpos@U_Mbstatet@@@std@@QAE@U_Mbstatet@@_J@Z 00408de0 f i read.obj
 0001:00007e10       ??0Scene@@QAE@XZ           00408e10 f i read.obj
 0001:00007fe0       ??0SpotLight@@QAE@PAVScene@@ABVvec3f@@1ABN1@Z 00408fe0 f i read.obj
 0001:000080e0       ??0TransformNode@@IAE@PAV0@ABVmat4f@@@Z 004090e0 f i read.obj
 0001:000084e0       ??0bad_cast@std@@QAE@ABV01@@Z 004094e0 f i read.obj
 0001:00008520       ??0exception@std@@QAE@ABV01@@Z 00409520 f i read.obj
 0001:00008550       ??0mat4f@@QAE@ABVvec4f@@000@Z 00409550 f i read.obj
 0001:00008620       ??0ostrstream@std@@QAE@XZ  00409620 f i read.obj
 0001:00008710       ??0vec4f@@QAE@XZ           00409710 f i read.obj
 0001:00008720       ??1?$basic_filebuf@DU?$char_traits@D@std@@@std@@UAE@XZ 00409720 f i read.obj
 0001:000087a0       ??1?$basic_ifstream@DU?$char_traits@D@std@@@std@@UAE@XZ 004097a0 f i read.obj
 0001:00008850       ??1?$list@PAVGeometry@@V?$allocator@PAVGeometry@@@std@@@std@@QAE@XZ 00409850 f i read.obj
 0001:000088a0       ??1?$list@PAVLight@@V?$allocator@PAVLight@@@std@@@std@@QAE@XZ 004098a0 f i read.obj
 0001:000088f0       ??1?$list@PAVTransformNode@@V?$allocator@PAVTransformNode@@@std@@@std@@QAE@XZ 004098f0 f i read.obj
 0001:00008940       ??1?$map@V?$basic_string@DU?$char_traits@D@std@@V?$allocator@D@2@@std@@PAVMaterial@@U?$less@V?$basic_string@DU?$char_traits@D@std@@V?$allocator@D@2@@std@@@2@V?$allocator@U?$pair@$$CBV?$basic_string@DU?$char_traits@D@std@@V?$allocator@D@2@@std@@PAVMaterial@@@std@@@2@@std@@QAE@XZ 00409940 f i read.obj
 0001:000089a0       ??1MaterialSceneObject@@UAE@XZ 004099a0 f i read.obj
 0001:000089d0       ??1SceneElement@@UAE@XZ    004099d0 f i read.obj
 0001:000089e0       ??1TransformNode@@QAE@XZ   004099e0 f i read.obj
 0001:00008a70       ??1TransformRoot@@QAE@XZ   00409a70 f i read.obj
 0001:00008a80       ??1bad_cast@std@@UAE@XZ    00409a80 f i read.obj
 0001:00008aa0       ??1exception@std@@UAE@XZ   00409aa0 f i read.obj
 0001:00008ac0       ??1locale@std@@QAE@XZ      00409ac0 f i read.obj
 0001:00008b10       ??1ostrstream@std@@UAE@XZ  00409b10 f i read.obj
 0001:00008bb0       ??1strstreambuf@std@@UAE@XZ 00409bb0 f i read.obj
 0001:00008c20       ??4?$basic_string@DU?$char_traits@D@std@@V?$allocator@D@2@@std@@QAEAAV01@$$QAV01@@Z 00409c20 f i read.obj
 0001:00008ca0       ??6@YAAAV?$basic_ostream@DU?$char_traits@D@std@@@std@@AAV01@ABVException@@@Z 00409ca0 f i read.obj
 0001:00008d20       ??D@YA?AVmat4f@@ABV0@0@Z   00409d20 f i read.obj
 0001:000091d0       ??E?$_Tree_unchecked_const_iterator@V?$_Tree_val@U?$_Tree_simple_types@U?$pair@$$CBV?$basic_string@DU?$char_traits@D@std@@V?$allocator@D@2@@std@@PAVMaterial@@@std@@@std@@@std@@U_Iterator_base0@2@@std@@QAEAAV01@XZ 0040a1d0 f i read.obj
 0001:00009220       ??F?$_Tree_unchecked_const_iterator@V?$_Tree_val@U?$_Tree_simple_types@U?$pair@$$CBV?$basic_string@DU?$char_traits@D@std@@V?$allocator@D@2@@std@@PAVMaterial@@@std@@@std@@@std@@U_Iterator_base0@2@@std@@QAEAAV01@XZ 0040a220 f i read.obj
 0001:00009280       ??_D?$basic_ifstream@DU?$char_traits@D@std@@@std@@QAEXXZ 0040a280 f i read.obj
 0001:000092a0       ??_Dostrstream@std@@QAEXXZ 0040a2a0 f i read.obj
 0001:000092b4       ??_E?$basic_ifstream@DU?$char_traits@D@std@@@std@@$4PPPPPPPM@A@AEPAXI@Z 0040a2b4 f i read.obj
 0001:000092bc       ??_Eostrstream@std@@$4PPPPPPPM@A@AEPAXI@Z 0040a2bc f i read.obj
 0001:000092d0       ??_E?$basic_filebuf@DU?$char_traits@D@std@@@std@@UAEPAXI@Z 0040a2d0 f i read.obj
 0001:000092d0       ??_G?$basic_filebuf@DU?$char_traits@D@std@@@std@@UAEPAXI@Z 0040a2d0 f i read.obj
 0001:00009370       ??_G?$basic_ifstream@DU?$char_traits@D@std@@@std@@UAEPAXI@Z 0040a370 f i read.obj
 0001:00009370       ??_E?$basic_ifstream@DU?$char_traits@D@std@@@std@@UAEPAXI@Z 0040a370 f i read.obj
 0001:000093b0       ??_EBox@@UAEPAXI@Z         0040a3b0 f i read.obj
 0001:000093b0       ??_GBox@@UAEPAXI@Z         0040a3b0 f i read.obj
 0001:000093f0       ??_ECone@@UAEPAXI@Z        0040a3f0 f i read.obj
 0001:000093f0       ??_GCone@@UAEPAXI@Z        0040a3f0 f i read.obj
 0001:00009440       ??_GCylinder@@UAEPAXI@Z    0040a440 f i read.obj
 0001:00009440       ??_ECylinder@@UAEPAXI@Z    0040a440 f i read.obj
 0001:00009480       ??_EDirectionalLight@@UAEPAXI@Z 0040a480 f i read.obj
 0001:00009480       ??_GDirectionalLight@@UAEPAXI@Z 0040a480 f i read.obj
 0001:000094b0       ??_EGeometry@@UAEPAXI@Z    0040a4b0 f i read.obj
 0001:000094b0       ??_GGeometry@@UAEPAXI@Z    0040a4b0 f i read.obj
 0001:000094e0       ??_GLight@@UAEPAXI@Z       0040a4e0 f i read.obj
 0001:000094e0       ??_ELight@@UAEPAXI@Z       0040a4e0 f i read.obj
 0001:00009510       ??_GMaterialSceneObject@@UAEPAXI@Z 0040a510 f i read.obj
 0001:00009510       ??_EMaterialSceneObject@@UAEPAXI@Z 0040a510 f i read.obj
 0001:00009550       ??_GPointLight@@UAEPAXI@Z  0040a550 f i read.obj
 0001:00009550       ??_EPointLight@@UAEPAXI@Z  0040a550 f i read.obj
 0001:00009580       ??_GScene@@UAEPAXI@Z       0040a580 f i read.obj
 0001:00009580       ??_EScene@@UAEPAXI@Z       0040a580 f i read.obj
 0001:000095b0       ??_GSceneElement@@UAEPAXI@Z 0040a5b0 f i read.obj
 0001:000095b0       ??_ESceneElement@@UAEPAXI@Z 0040a5b0 f i read.obj
 0001:000095e0       ??_ESceneObject@@UAEPAXI@Z 0040a5e0 f i read.obj
 0001:000095e0       ??_GSceneObject@@UAEPAXI@Z 0040a5e0 f i read.obj
 0001:00009610       ??_GSphere@@UAEPAXI@Z      0040a610 f i read.obj
 0001:00009610       ??_ESphere@@UAEPAXI@Z      0040a610 f i read.obj
 0001:00009650       ??_GSpotLight@@UAEPAXI@Z   0040a650 f i read.obj
 0001:00009650       ??_ESpotLight@@UAEPAXI@Z   0040a650 f i read.obj
 0001:00009680       ??_ESquare@@UAEPAXI@Z      0040a680 f i read.obj
 0001:00009680       ??_GSquare@@UAEPAXI@Z      0040a680 f i read.obj
 0001:000096c0       ??_GTrimesh@@UAEPAXI@Z     0040a6c0 f i read.obj
 0001:000096c0       ??_ETrimesh@@UAEPAXI@Z     0040a6c0 f i read.obj
 0001:000096f0       ??_Ebad_cast@std@@UAEPAXI@Z 0040a6f0 f i read.obj
 0001:000096f0       ??_Gbad_cast@std@@UAEPAXI@Z 0040a6f0 f i read.obj
 0001:00009730       ??_Gexception@std@@UAEPAXI@Z 0040a730 f i read.obj
 0001:00009730       ??_Eexception@std@@UAEPAXI@Z 0040a730 f i read.obj
 0001:00009770       ??_Eostrstream@std@@UAEPAXI@Z 0040a770 f i read.obj
 0001:00009770       ??_Gostrstream@std@@UAEPAXI@Z 0040a770 f i read.obj
 0001:000097b0       ??_Estrstreambuf@std@@UAEPAXI@Z 0040a7b0 f i read.obj
 0001:000097b0       ??_Gstrstreambuf@std@@UAEPAXI@Z 0040a7b0 f i read.obj
 0001:00009840       ?ComputeBoundingBox@Geometry@@UAEXXZ 0040a840 f i read.obj
 0001:00009e80       ?ComputeLocalBoundingBox@Box@@UAE?AVBoundingBox@@XZ 0040ae80 f i read.obj
 0001:00009ec0       ?ComputeLocalBoundingBox@Cone@@UAE?AVBoundingBox@@XZ 0040aec0 f i read.obj
 0001:00009f20       ?ComputeLocalBoundingBox@Cylinder@@UAE?AVBoundingBox@@XZ 0040af20 f i read.obj
 0001:00009f60       ?ComputeLocalBoundingBox@Geometry@@UAE?AVBoundingBox@@XZ 0040af60 f i read.obj
 0001:00009f90       ?ComputeLocalBoundingBox@Sphere@@UAE?AVBoundingBox@@XZ 0040af90 f i read.obj
 0001:00009fd0       ?ComputeLocalBoundingBox@Square@@UAE?AVBoundingBox@@XZ 0040afd0 f i read.obj
 0001:0000a020       ?_Buyheadnode@?$_Tree_comp_alloc@V?$_Tmap_traits@V?$basic_string@DU?$char_traits@D@std@@V?$allocator@D@2@@std@@PAVMaterial@@U?$less@V?$basic_string@DU?$char_traits@D@std@@V?$allocator@D@2@@std@@@2@V?$allocator@U?$pair@$$CBV?$basic_string@DU?$char_traits@D@std@@V?$allocator@D@2@@std@@PAVMaterial@@@std@@@2@$0A@@std@@@std@@QAEPAU?$_Tree_node@U?$pair@$$CBV?$basic_string@DU?$char_traits@D@std@@V?$allocator@D@2@@std@@PAVMaterial@@@std@@PAX@2@XZ 0040b020 f i read.obj
 0001:0000a050       ?_Buynode0@?$_List_alloc@U?$_List_base_types@PAVGeometry@@V?$allocator@PAVGeometry@@@std@@@std@@@std@@QAEPAU?$_List_node@PAVGeometry@@PAX@2@PAU32@0@Z 0040b050 f i read.obj
 0001:0000a090       ?_Buynode0@?$_List_alloc@U?$_List_base_types@PAVLight@@V?$allocator@PAVLight@@@std@@@std@@@std@@QAEPAU?$_List_node@PAVLight@@PAX@2@PAU32@0@Z 0040b090 f i read.obj
 0001:0000a0d0       ?_Buynode0@?$_List_alloc@U?$_List_base_types@PAVTransformNode@@V?$allocator@PAVTransformNode@@@std@@@std@@@std@@QAEPAU?$_List_node@PAVTransformNode@@PAX@2@PAU32@0@Z 0040b0d0 f i read.obj
 0001:0000a110       ?_Buynode0@?$_Tree_comp_alloc@V?$_Tmap_traits@V?$basic_string@DU?$char_traits@D@std@@V?$allocator@D@2@@std@@PAVMaterial@@U?$less@V?$basic_string@DU?$char_traits@D@std@@V?$allocator@D@2@@std@@@2@V?$allocator@U?$pair@$$CBV?$basic_string@DU?$char_traits@D@std@@V?$allocator@D@2@@std@@PAVMaterial@@@std@@@2@$0A@@std@@@std@@QAEPAU?$_Tree_node@U?$pair@$$CBV?$basic_string@DU?$char_traits@D@std@@V?$allocator@D@2@@std@@PAVMaterial@@@std@@PAX@2@XZ 0040b110 f i read.obj
 0001:0000a150       ?_Destroy_if_not_nil@?$_Tree@V?$_Tmap_traits@V?$basic_string@DU?$char_traits@D@std@@V?$allocator@D@2@@std@@PAVMaterial@@U?$less@V?$basic_string@DU?$char_traits@D@std@@V?$allocator@D@2@@std@@@2@V?$allocator@U?$pair@$$CBV?$basic_string@DU?$char_traits@D@std@@V?$allocator@D@2@@std@@PAVMaterial@@@std@@@2@$0A@@std@@@std@@IAEXPAU?$_Tree_node@U?$pair@$$CBV?$basic_string@DU?$char_traits@D@std@@V?$allocator@D@2@@std@@PAVMaterial@@@std@@PAX@2@@Z 0040b150 f i read.obj
 0001:0000a1a0       ?_Endwrite@?$basic_filebuf@DU?$char_traits@D@std@@@std@@IAE_NXZ 0040b1a0 f i read.obj
 0001:0000a310       ?_Erase@?$_Tree@V?$_Tmap_traits@V?$basic_string@DU?$char_traits@D@std@@V?$allocator@D@2@@std@@PAVMaterial@@U?$less@V?$basic_string@DU?$char_traits@D@std@@V?$allocator@D@2@@std@@@2@V?$allocator@U?$pair@$$CBV?$basic_string@DU?$char_traits@D@std@@V?$allocator@D@2@@std@@PAVMaterial@@@std@@@2@$0A@@std@@@std@@IAEXPAU?$_Tree_node@U?$pair@$$CBV?$basic_string@DU?$char_traits@D@std@@V?$allocator@D@2@@std@@PAVMaterial@@@std@@PAX@2@@Z 0040b310 f i read.obj
 0001:0000a3c0       ?_Init@?$basic_filebuf@DU?$char_traits@D@std@@@std@@IAEXPAU_iobuf@@W4_Initfl@12@@Z 0040b3c0 f i read.obj
 0001:0000a450       ?_Lock@?$basic_filebuf@DU?$char_traits@D@std@@@std@@UAEXXZ 0040b450 f i read.obj
 0001:0000a460       ?_Lrotate@?$_Tree@V?$_Tmap_traits@V?$basic_string@DU?$char_traits@D@std@@V?$allocator@D@2@@std@@PAVMaterial@@U?$less@V?$basic_string@DU?$char_traits@D@std@@V?$allocator@D@2@@std@@@2@V?$allocator@U?$pair@$$CBV?$basic_string@DU?$char_traits@D@std@@V?$allocator@D@2@@std@@PAVMaterial@@@std@@@2@$0A@@std@@@std@@IAEXPAU?$_Tree_node@U?$pair@$$CBV?$basic_string@DU?$char_traits@D@std@@V?$allocator@D@2@@std@@PAVMaterial@@@std@@PAX@2@@Z 0040b460 f i read.obj
 0001:0000a4c0       ?_Reset_back@?$basic_filebuf@DU?$char_traits@D@std@@@std@@AAEXXZ 0040b4c0 f i read.obj
 0001:0000a4f0       ?_Rrotate@?$_Tree@V?$_Tmap_traits@V?$basic_string@DU?$char_traits@D@std@@V?$allocator@D@2@@std@@PAVMaterial@@U?$less@V?$basic_string@DU?$char_traits@D@std@@V?$allocator@D@2@@std@@@2@V?$allocator@U?$pair@$$CBV?$basic_string@DU?$char_traits@D@std@@V?$allocator@D@2@@std@@PAVMaterial@@@std@@@2@$0A@@std@@@std@@IAEXPAU?$_Tree_node@U?$pair@$$CBV?$basic_string@DU?$char_traits@D@std@@V?$allocator@D@2@@std@@PAVMaterial@@@std@@PAX@2@@Z 0040b4f0 f i read.obj
 0001:0000a550       ?_Set_back@?$basic_filebuf@DU?$char_traits@D@std@@@std@@AAEXXZ 0040b550 f i read.obj
 0001:0000a590       ?_Unlock@?$basic_filebuf@DU?$char_traits@D@std@@@std@@UAEXXZ 0040b590 f i read.obj
 0001:0000a5a0       ?add@Scene@@QAEXPAVGeometry@@@Z 0040b5a0 f i read.obj
 0001:0000a600       ?add@Scene@@QAEXPAVLight@@@Z 0040b600 f i read.obj
 0001:0000a650       ?append@?$basic_string@DU?$char_traits@D@std@@V?$allocator@D@2@@std@@QAEAAV12@PBDI@Z 0040b650 f i read.obj
 0001:0000a770       ?close@?$basic_filebuf@DU?$char_traits@D@std@@@std@@QAEPAV12@XZ 0040b770 f i read.obj
 0001:0000a7e0       ?createChild@TransformNode@@QAEPAV1@ABVmat4f@@@Z 0040b7e0 f i read.obj
 0001:0000a8a0       ?erase@?$_Tree@V?$_Tmap_traits@V?$basic_string@DU?$char_traits@D@std@@V?$allocator@D@2@@std@@PAVMaterial@@U?$less@V?$basic_string@DU?$char_traits@D@std@@V?$allocator@D@2@@std@@@2@V?$allocator@U?$pair@$$CBV?$basic_string@DU?$char_traits@D@std@@V?$allocator@D@2@@std@@PAVMaterial@@@std@@@2@$0A@@std@@@std@@QAE?AV?$_Tree_iterator@V?$_Tree_val@U?$_Tree_simple_types@U?$pair@$$CBV?$basic_string@DU?$char_traits@D@std@@V?$allocator@D@2@@std@@PAVMaterial@@@std@@@std@@@std@@@2@V?$_Tree_const_iterator@V?$_Tree_val@U?$_Tree_simple_types@U?$pair@$$CBV?$basic_string@DU?$char_traits@D@std@@V?$allocator@D@2@@std@@PAVMaterial@@@std@@@std@@@std@@@2@0@Z 0040b8a0 f i read.obj
 0001:0000a990       ?erase@?$_Tree@V?$_Tmap_traits@V?$basic_string@DU?$char_traits@D@std@@V?$allocator@D@2@@std@@PAVMaterial@@U?$less@V?$basic_string@DU?$char_traits@D@std@@V?$allocator@D@2@@std@@@2@V?$allocator@U?$pair@$$CBV?$basic_string@DU?$char_traits@D@std@@V?$allocator@D@2@@std@@PAVMaterial@@@std@@@2@$0A@@std@@@std@@QAE?AV?$_Tree_iterator@V?$_Tree_val@U?$_Tree_simple_types@U?$pair@$$CBV?$basic_string@DU?$char_traits@D@std@@V?$allocator@D@2@@std@@PAVMaterial@@@std@@@std@@@std@@@2@V?$_Tree_const_iterator@V?$_Tree_val@U?$_Tree_simple_types@U?$pair@$$CBV?$basic_string@DU?$char_traits@D@std@@V?$allocator@D@2@@std@@PAVMaterial@@@std@@@std@@@std@@@2@@Z 0040b990 f i read.obj
 0001:0000ac80       ?find@?$_Tree@V?$_Tmap_traits@V?$basic_string@DU?$char_traits@D@std@@V?$allocator@D@2@@std@@PAVMaterial@@U?$less@V?$basic_string@DU?$char_traits@D@std@@V?$allocator@D@2@@std@@@2@V?$allocator@U?$pair@$$CBV?$basic_string@DU?$char_traits@D@std@@V?$allocator@D@2@@std@@PAVMaterial@@@std@@@2@$0A@@std@@@std@@QBE?AV?$_Tree_const_iterator@V?$_Tree_val@U?$_Tree_simple_types@U?$pair@$$CBV?$basic_string@DU?$char_traits@D@std@@V?$allocator@D@2@@std@@PAVMaterial@@@std@@@std@@@std@@@2@ABV?$basic_string@DU?$char_traits@D@std@@V?$allocator@D@2@@2@@Z 0040bc80 f i read.obj
 0001:0000ad10       ?find@?$_Tree@V?$_Tmap_traits@V?$basic_string@DU?$char_traits@D@std@@V?$allocator@D@2@@std@@PAVObj@@U?$less@V?$basic_string@DU?$char_traits@D@std@@V?$allocator@D@2@@std@@@2@V?$allocator@U?$pair@$$CBV?$basic_string@DU?$char_traits@D@std@@V?$allocator@D@2@@std@@PAVObj@@@std@@@2@$0A@@std@@@std@@QBE?AV?$_Tree_const_iterator@V?$_Tree_val@U?$_Tree_simple_types@U?$pair@$$CBV?$basic_string@DU?$char_traits@D@std@@V?$allocator@D@2@@std@@PAVObj@@@std@@@std@@@std@@@2@ABV?$basic_string@DU?$char_traits@D@std@@V?$allocator@D@2@@2@@Z 0040bd10 f i read.obj
 0001:0000b1e0       ?getMaterial@MaterialSceneObject@@UBEABVMaterial@@XZ 0040c1e0 f i read.obj
 0001:0000b1f0       ?getMsg@Exception@@QBE?AV?$basic_string@DU?$char_traits@D@std@@V?$allocator@D@2@@std@@XZ 0040c1f0 f i read.obj
 0001:0000b230       ?hasBoundingBoxCapability@Box@@UBE_NXZ 0040c230 f i read.obj
 0001:0000b240       ?hasBoundingBoxCapability@Cone@@UBE_NXZ 0040c240 f i read.obj
 0001:0000b250       ?hasBoundingBoxCapability@Cylinder@@UBE_NXZ 0040c250 f i read.obj
 0001:0000b260       ?hasBoundingBoxCapability@Sphere@@UBE_NXZ 0040c260 f i read.obj
 0001:0000b270       ?hasBoundingBoxCapability@Square@@UBE_NXZ 0040c270 f i read.obj
 0001:0000b2b0       ?imbue@?$basic_filebuf@DU?$char_traits@D@std@@@std@@MAEXABVlocale@2@@Z 0040c2b0 f i read.obj
 0001:0000b3b0       ?open@?$basic_filebuf@DU?$char_traits@D@std@@@std@@QAEPAV12@PBDHH@Z 0040c3b0 f i read.obj
 0001:0000b490       ?overflow@?$basic_filebuf@DU?$char_traits@D@std@@@std@@MAEHH@Z 0040c490 f i read.obj
 0001:0000b6a0       ?overflow@strstreambuf@std@@MAEHH@Z 0040c6a0 f i read.obj
 0001:0000b850       ?pbackfail@?$basic_filebuf@DU?$char_traits@D@std@@@std@@MAEHH@Z 0040c850 f i read.obj
 0001:0000b8e0       ?pbackfail@strstreambuf@std@@MAEHH@Z 0040c8e0 f i read.obj
 0001:0000ece0       ?readScene@@YAPAVScene@@AAV?$basic_istream@DU?$char_traits@D@std@@@std@@@Z 0040fce0 f   read.obj
 0001:0000ef80       ?readScene@@YAPAVScene@@ABV?$basic_string@DU?$char_traits@D@std@@V?$allocator@D@2@@std@@@Z 0040ff80 f   read.obj
 0001:0000f0b0       ?rotate@mat4f@@SA?AV1@ABVvec3f@@N@Z 004100b0 f i read.obj
 0001:0000f2b0       ?seekoff@?$basic_filebuf@DU?$char_traits@D@std@@@std@@MAE?AV?$fpos@U_Mbstatet@@@2@_JHH@Z 004102b0 f i read.obj
 0001:0000f3b0       ?seekoff@strstreambuf@std@@MAE?AV?$fpos@U_Mbstatet@@@2@_JHH@Z 004103b0 f i read.obj
 0001:0000f510       ?seekpos@?$basic_filebuf@DU?$char_traits@D@std@@@std@@MAE?AV?$fpos@U_Mbstatet@@@2@V32@H@Z 00410510 f i read.obj
 0001:0000f5f0       ?seekpos@strstreambuf@std@@MAE?AV?$fpos@U_Mbstatet@@@2@V32@H@Z 004105f0 f i read.obj
 0001:0000f6e0       ?setMaterial@MaterialSceneObject@@UAEXPAVMaterial@@@Z 004106e0 f i read.obj
 0001:0000f6f0       ?setbuf@?$basic_filebuf@DU?$char_traits@D@std@@@std@@MAEPAV?$basic_streambuf@DU?$char_traits@D@std@@@2@PAD_J@Z 004106f0 f i read.obj
 0001:0000f740       ?str@ostrstream@std@@QAEPADXZ 00410740 f i read.obj
 0001:0000f780       ?sync@?$basic_filebuf@DU?$char_traits@D@std@@@std@@MAEHXZ 00410780 f i read.obj
 0001:0000f820       ?uflow@?$basic_filebuf@DU?$char_traits@D@std@@@std@@MAEHXZ 00410820 f i read.obj
 0001:0000fa20       ?underflow@?$basic_filebuf@DU?$char_traits@D@std@@@std@@MAEHXZ 00410a20 f i read.obj
 0001:0000fa60       ?underflow@strstreambuf@std@@MAEHXZ 00410a60 f i read.obj
 0001:0000fc30       ?what@exception@std@@UBEPBDXZ 00410c30 f i read.obj
 0001:0000fce0       ?inverse@mat3f@@QBE?AV1@XZ 00410ce0 f   vecmath.obj
 0001:000100e0       ?inverse@mat4f@@QBE?AV1@XZ 004110e0 f   vecmath.obj
 0001:00010540       ??0Camera@@QAE@XZ          00411540 f   camera.obj
 0001:000105e0       ?getEye@Camera@@QAE?AVvec3f@@XZ 004115e0 f   camera.obj
 0001:00010600       ?getlook@Camera@@QAE?AVvec3f@@XZ 00411600 f   camera.obj
 0001:00010620       ?getu@Camera@@QAE?AVvec3f@@XZ 00411620 f   camera.obj
 0001:00010650       ?getv@Camera@@QAE?AVvec3f@@XZ 00411650 f   camera.obj
 0001:00010680       ?rayThrough@Camera@@QAEXNNAAVray@@@Z 00411680 f   camera.obj
 0001:000107a0       ?setAspectRatio@Camera@@QAEXN@Z 004117a0 f   camera.obj
 0001:00010940       ?setEye@Camera@@QAEXABVvec3f@@@Z 00411940 f   camera.obj
 0001:00010970       ?setFOV@Camera@@QAEXN@Z    00411970 f   camera.obj
 0001:00010b30       ?setLook@Camera@@QAEXABVvec3f@@0@Z 00411b30 f   camera.obj
 0001:00010d70       ?setLook@Camera@@QAEXNNNN@Z 00411d70 f   camera.obj
 0001:00011010       ?update@Camera@@AAEXXZ     00412010 f   camera.obj
 0001:000111a0       ?distanceAttenuation@DirectionalLight@@UBENABVvec3f@@@Z 004121a0 f   light.obj
 0001:000111b0       ?distanceAttenuation@PointLight@@UBENABVvec3f@@@Z 004121b0 f   light.obj
 0001:000112d0       ?getColor@DirectionalLight@@UBE?AVvec3f@@ABV2@@Z 004122d0 f   light.obj
 0001:000112f0       ?getColor@PointLight@@UBE?AVvec3f@@ABV2@@Z 004122f0 f   light.obj
 0001:00011310       ?getColor@SpotLight@@UBE?AVvec3f@@ABV2@@Z 00412310 f   light.obj
 0001:000113f0       ?getDirection@DirectionalLight@@UBE?AVvec3f@@ABV2@@Z 004123f0 f   light.obj
 0001:00011420       ?getDirection@PointLight@@UBE?AVvec3f@@ABV2@@Z 00412420 f   light.obj
 0001:000114b0       ?shadowAttenuation@DirectionalLight@@UBE?AVvec3f@@ABV2@@Z 004124b0 f   light.obj
 0001:000115b0       ?shadowAttenuation@PointLight@@UBE?AVvec3f@@ABV2@@Z 004125b0 f   light.obj
 0001:000117a0       ?elementMulti@@YA?AVvec3f@@V1@0@Z 004127a0 f   material.obj
 0001:000117e0       ?shade@Material@@UBE?AVvec3f@@PAVScene@@ABVray@@ABVisect@@@Z 004127e0 f   material.obj
 0001:00011b10       ?getMaterial@isect@@QBEABVMaterial@@XZ 00412b10 f   ray.obj
 0001:00011b20       ??0Material@@QAE@ABV0@@Z   00412b20 f i scene.obj
 0001:00011c20       ??1Scene@@UAE@XZ           00412c20 f   scene.obj
 0001:00011e00       ??4BoundingBox@@QAEXABV0@@Z 00412e00 f   scene.obj
 0001:00011e50       ??4Material@@QAEAAV0@ABV0@@Z 00412e50 f i scene.obj
 0001:00011f50       ??4isect@@QAEAAV0@ABV0@@Z  00412f50 f i scene.obj
 0001:00011ff0       ?hasBoundingBoxCapability@Geometry@@UBE_NXZ 00412ff0 f   scene.obj
 0001:00012000       ?initScene@Scene@@QAEXXZ   00413000 f   scene.obj
 0001:000121e0       ?intersect@BoundingBox@@QBE_NABVray@@AAN1@Z 004131e0 f   scene.obj
 0001:000122f0       ?intersect@Geometry@@UBE_NABVray@@AAVisect@@@Z 004132f0 f   scene.obj
 0001:00012640       ?intersect@Scene@@QBE_NABVray@@AAVisect@@@Z 00413640 f   scene.obj
 0001:000129d0       ?intersectLocal@Geometry@@UBE_NABVray@@AAVisect@@@Z 004139d0 f   scene.obj
 0001:000129e0       ?intersects@BoundingBox@@QBE_NABV1@@Z 004139e0 f   scene.obj
 0001:00012a70       ?intersects@BoundingBox@@QBE_NABVvec3f@@@Z 00413a70 f   scene.obj
 0001:00012af0       ?intersectLocal@Box@@UBE_NABVray@@AAVisect@@@Z 00413af0 f   Box.obj
 0001:00012d30       ?intersectBody@Cone@@QBE_NABVray@@AAVisect@@@Z 00413d30 f   Cone.obj
 0001:00013080       ?intersectCaps@Cone@@QBE_NABVray@@AAVisect@@@Z 00414080 f   Cone.obj
 0001:00013220       ?intersectLocal@Cone@@UBE_NABVray@@AAVisect@@@Z 00414220 f   Cone.obj
 0001:000132f0       ?intersectBody@Cylinder@@QBE_NABVray@@AAVisect@@@Z 004142f0 f   Cylinder.obj
 0001:000135c0       ?intersectCaps@Cylinder@@QBE_NABVray@@AAVisect@@@Z 004145c0 f   Cylinder.obj
 0001:00013720       ?intersectLocal@Cylinder@@UBE_NABVray@@AAVisect@@@Z 00414720 f   Cylinder.obj
 0001:000137f0       ?intersectLocal@Sphere@@UBE_NABVray@@AAVisect@@@Z 004147f0 f   Sphere.obj
 0001:00013a00       ?intersectLocal@Square@@UBE_NABVray@@AAVisect@@@Z 00414a00 f   Square.obj
 0001:00013ad0       ??$_Uninitialized_default_fill_n1@PAVvec3f@@IV?$allocator@Vvec3f@@@std@@@std@@YAXPAVvec3f@@IAAU?$_Wrap_alloc@V?$allocator@Vvec3f@@@std@@@0@U?$integral_constant@_N$0A@@0@@Z 00414ad0 f i trimesh.obj
 0001:00013b00       ??$_Uninitialized_move_al_unchecked1@PAVvec3f@@PAV1@V?$allocator@Vvec3f@@@std@@@std@@YAPAVvec3f@@PAV1@00AAU?$_Wrap_alloc@V?$allocator@Vvec3f@@@std@@@0@U_General_ptr_iterator_tag@0@U_Any_tag@0@@Z 00414b00 f i trimesh.obj
 0001:00013b40       ??1Trimesh@@UAE@XZ         00414b40 f   trimesh.obj
 0001:00013da0       ??D@YA?AVMaterial@@NV0@@Z  00414da0 f i trimesh.obj
 0001:00013f40       ??YMaterial@@QAEAAV0@ABV0@@Z 00414f40 f i trimesh.obj
 0001:000140b0       ??_GTrimeshFace@@UAEPAXI@Z 004150b0 f i trimesh.obj
 0001:000140b0       ??_ETrimeshFace@@UAEPAXI@Z 004150b0 f i trimesh.obj
 0001:000140f0       ?ComputeLocalBoundingBox@TrimeshFace@@UAE?AVBoundingBox@@XZ 004150f0 f i trimesh.obj
 0001:00014210       ?_Reallocate@?$vector@PAVMaterial@@V?$allocator@PAVMaterial@@@std@@@std@@IAEXI@Z 00415210 f i trimesh.obj
 0001:00014270       ?_Reallocate@?$vector@PAVTrimeshFace@@V?$allocator@PAVTrimeshFace@@@std@@@std@@IAEXI@Z 00415270 f i trimesh.obj
 0001:000142d0       ?_Reallocate@?$vector@Vvec3f@@V?$allocator@Vvec3f@@@std@@@std@@IAEXI@Z 004152d0 f i trimesh.obj
 0001:000143b0       ?_Reserve@?$vector@PAVMaterial@@V?$allocator@PAVMaterial@@@std@@@std@@IAEXI@Z 004153b0 f i trimesh.obj
 0001:00014420       ?_Reserve@?$vector@PAVTrimeshFace@@V?$allocator@PAVTrimeshFace@@@std@@@std@@IAEXI@Z 00415420 f i trimesh.obj
 0001:00014490       ?_Reserve@?$vector@Vvec3f@@V?$allocator@Vvec3f@@@std@@@std@@IAEXI@Z 00415490 f i trimesh.obj
 0001:00014530       ?_Tidy@?$vector@Vvec3f@@V?$allocator@Vvec3f@@@std@@@std@@IAEXXZ 00415530 f i trimesh.obj
 0001:00014580       ?addFace@Trimesh@@QAE_NHHH@Z 00415580 f   trimesh.obj
 0001:000146a0       ?addMaterial@Trimesh@@QAEXPAVMaterial@@@Z 004156a0 f   trimesh.obj
 0001:000146c0       ?addNormal@Trimesh@@QAEXABVvec3f@@@Z 004156c0 f   trimesh.obj
 0001:000146d0       ?addVertex@Trimesh@@QAEXABVvec3f@@@Z 004156d0 f   trimesh.obj
 0001:000146e0       ?allocate@?$allocator@PAVMaterial@@@std@@QAEPAPAVMaterial@@I@Z 004156e0 f i trimesh.obj
 0001:00014750       ?allocate@?$allocator@PAVTrimeshFace@@@std@@QAEPAPAVTrimeshFace@@I@Z 00415750 f i trimesh.obj
 0001:000147c0       ?allocate@?$allocator@Vvec3f@@@std@@QAEPAVvec3f@@I@Z 004157c0 f i trimesh.obj
 0001:00014830       ?doubleCheck@Trimesh@@QAEPADXZ 00415830 f   trimesh.obj
 0001:000148d0       ?generateNormals@Trimesh@@QAEXXZ 004158d0 f   trimesh.obj
 0001:00014b60       ?hasBoundingBoxCapability@TrimeshFace@@UBE_NXZ 00415b60 f i trimesh.obj
 0001:00014b70       ?intersectLocal@TrimeshFace@@UBE_NABVray@@AAVisect@@@Z 00415b70 f   trimesh.obj
 0001:000152b0       ?push_back@?$vector@PAVMaterial@@V?$allocator@PAVMaterial@@@std@@@std@@QAEXABQAVMaterial@@@Z 004162b0 f i trimesh.obj
 0001:00015320       ?push_back@?$vector@PAVTrimeshFace@@V?$allocator@PAVTrimeshFace@@@std@@@std@@QAEXABQAVTrimeshFace@@@Z 00416320 f i trimesh.obj
 0001:00015390       ?push_back@?$vector@Vvec3f@@V?$allocator@Vvec3f@@@std@@@std@@QAEXABVvec3f@@@Z 00416390 f i trimesh.obj
 0001:00015440       ?resize@?$vector@Vvec3f@@V?$allocator@Vvec3f@@@std@@@std@@QAEXI@Z 00416440 f i trimesh.obj
 0001:00015540       ?visual@Fl@@SAHH@Z         00416540 f   fltk:Fl_visual.obj
 0001:000155a0       ?option@Fl@@SA_NW4Fl_Option@1@@Z 004165a0 f   fltk:Fl.obj
 0001:00015830       ?option@Fl@@SAXW4Fl_Option@1@_N@Z 00416830 f   fltk:Fl.obj
 0001:00015870       ?version@Fl@@SANXZ         00416870 f   fltk:Fl.obj
 0001:00015880       ?scrollbar_size@Fl@@SAHXZ  00416880 f   fltk:Fl.obj
 0001:00015890       ?scrollbar_size@Fl@@SAXH@Z 00416890 f   fltk:Fl.obj
 0001:000158a0       ?wait@Fl@@SAHXZ            004168a0 f   fltk:Fl.obj
 0001:000158f0       ?wait@Fl@@SANN@Z           004168f0 f   fltk:Fl.obj
 0001:00015920       ?check@Fl@@SAHXZ           00416920 f   fltk:Fl.obj
 0001:00015960       ?ready@Fl@@SAHXZ           00416960 f   fltk:Fl.obj
 0001:00015970       ?run@Fl@@SAHXZ             00416970 f   fltk:Fl.obj
 0001:000159a0       ?add_timeout@Fl@@SAXNP6AXPAX@Z0@Z 004169a0 f   fltk:Fl.obj
 0001:000159d0       ?repeat_timeout@Fl@@SAXNP6AXPAX@Z0@Z 004169d0 f   fltk:Fl.obj
 0001:00015b80       ?has_timeout@Fl@@SAHP6AXPAX@Z0@Z 00416b80 f   fltk:Fl.obj
 0001:00015be0       ?remove_timeout@Fl@@SAXP6AXPAX@Z0@Z 00416be0 f   fltk:Fl.obj
 0001:00015c50       ?add_check@Fl@@SAXP6AXPAX@Z0@Z 00416c50 f   fltk:Fl.obj
 0001:00015cd0       ?has_check@Fl@@SAHP6AXPAX@Z0@Z 00416cd0 f   fltk:Fl.obj
 0001:00015d20       ?remove_check@Fl@@SAXP6AXPAX@Z0@Z 00416d20 f   fltk:Fl.obj
 0001:00015da0       ?add_fd@Fl@@SAXHHP6AXHPAX@Z0@Z 00416da0 f   fltk:Fl.obj
 0001:00016070       ?add_fd@Fl@@SAXHP6AXHPAX@Z0@Z 00417070 f   fltk:Fl.obj
 0001:00016090       ?remove_fd@Fl@@SAXHH@Z     00417090 f   fltk:Fl.obj
 0001:00016390       ?remove_fd@Fl@@SAXH@Z      00417390 f   fltk:Fl.obj
 0001:000163b0       ?redraw@Fl@@SAXXZ          004173b0 f   fltk:Fl.obj
 0001:000163e0       ?flush@Fl@@SAXXZ           004173e0 f   fltk:Fl.obj
 0001:000164b0       ?first_window@Fl@@SAPAVFl_Window@@XZ 004174b0 f   fltk:Fl.obj
 0001:000164e0       ?first_window@Fl@@SAXPAVFl_Window@@@Z 004174e0 f   fltk:Fl.obj
 0001:00016530       ?next_window@Fl@@SAPAVFl_Window@@PBV2@@Z 00417530 f   fltk:Fl.obj
 0001:00016570       ?get_mouse@Fl@@SAXAAH0@Z   00417570 f   fltk:Fl.obj
 0001:000165a0       ?event_inside@Fl@@SAHHHHH@Z 004175a0 f   fltk:Fl.obj
 0001:000165f0       ?event_inside@Fl@@SAHPBVFl_Widget@@@Z 004175f0 f   fltk:Fl.obj
 0001:00016670       ?enable_im@Fl@@SAXXZ       00417670 f   fltk:Fl.obj
 0001:000166b0       ?disable_im@Fl@@SAXXZ      004176b0 f   fltk:Fl.obj
 0001:000166f0       ?handle@Fl@@SAHHPAVFl_Window@@@Z 004176f0 f   fltk:Fl.obj
 0001:00016730       ?handle_@Fl@@SAHHPAVFl_Window@@@Z 00417730 f   fltk:Fl.obj
 0001:00016e10       ?belowmouse@Fl@@SAXPAVFl_Widget@@@Z 00417e10 f   fltk:Fl.obj
 0001:00016eb0       ?pushed@Fl@@SAXPAVFl_Widget@@@Z 00417eb0 f   fltk:Fl.obj
 0001:00016ec0       ?focus@Fl@@SAXPAVFl_Widget@@@Z 00417ec0 f   fltk:Fl.obj
 0001:00016fc0       ?add_handler@Fl@@SAXP6AHH@Z@Z 00417fc0 f   fltk:Fl.obj
 0001:00017000       ?remove_handler@Fl@@SAXP6AHH@Z@Z 00418000 f   fltk:Fl.obj
 0001:00017080       ?add_system_handler@Fl@@SAXP6AHPAX0@Z0@Z 00418080 f   fltk:Fl.obj
 0001:000170d0       ?remove_system_handler@Fl@@SAXP6AHPAX0@Z@Z 004180d0 f   fltk:Fl.obj
 0001:00017150       ?event_dispatch@Fl@@SAXP6AHHPAVFl_Window@@@Z@Z 00418150 f   fltk:Fl.obj
 0001:00017160       ?event_dispatch@Fl@@SAP6AHHPAVFl_Window@@@ZXZ 00418160 f   fltk:Fl.obj
 0001:00017170       ?copy@Fl@@SAXPBDHH0@Z      00418170 f   fltk:Fl.obj
 0001:000172a0       ?copy@Fl@@SAXPBDHH@Z       004182a0 f   fltk:Fl.obj
 0001:000172c0       ?paste@Fl@@SAXAAVFl_Widget@@HPBD@Z 004182c0 f   fltk:Fl.obj
 0001:00017fb0       ?paste@Fl@@SAXAAVFl_Widget@@H@Z 00418fb0 f   fltk:Fl.obj
 0001:00017fd0       ?add_clipboard_notify@Fl@@SAXP6AXHPAX@Z0@Z 00418fd0 f   fltk:Fl.obj
 0001:00018030       ?remove_clipboard_notify@Fl@@SAXP6AXHPAX@Z@Z 00419030 f   fltk:Fl.obj
 0001:000180a0       ?clipboard_contains@Fl@@SAHPBD@Z 004190a0 f   fltk:Fl.obj
 0001:00018150       ?selection_owner@Fl@@SAXPAVFl_Widget@@@Z 00419150 f   fltk:Fl.obj
 0001:00018160       ?selection@Fl@@SAXAAVFl_Widget@@PBDH@Z 00419160 f   fltk:Fl.obj
 0001:00018180       ?paste@Fl@@SAXAAVFl_Widget@@@Z 00419180 f   fltk:Fl.obj
 0001:000181a0       ?x@Fl@@SAHXZ               004191a0 f   fltk:Fl.obj
 0001:000181e0       ?y@Fl@@SAHXZ               004191e0 f   fltk:Fl.obj
 0001:00018220       ?w@Fl@@SAHXZ               00419220 f   fltk:Fl.obj
 0001:00018260       ?h@Fl@@SAHXZ               00419260 f   fltk:Fl.obj
 0001:000182a0       ?thread_message@Fl@@SAPAXXZ 004192a0 f   fltk:Fl.obj
 0001:000182c0       ?delete_widget@Fl@@SAXPAVFl_Widget@@@Z 004192c0 f   fltk:Fl.obj
 0001:000183c0       ?do_widget_deletion@Fl@@SAXXZ 004193c0 f   fltk:Fl.obj
 0001:00018440       ?watch_widget_pointer@Fl@@SAXAAPAVFl_Widget@@@Z 00419440 f   fltk:Fl.obj
 0001:000184e0       ?release_widget_pointer@Fl@@SAXAAPAVFl_Widget@@@Z 004194e0 f   fltk:Fl.obj
 0001:00018560       ?clear_widget_pointer@Fl@@SAXPBVFl_Widget@@@Z 00419560 f   fltk:Fl.obj
 0001:000185d0       ??0Fl_Widget_Tracker@@QAE@PAVFl_Widget@@@Z 004195d0 f   fltk:Fl.obj
 0001:00018600       ??1Fl_Widget_Tracker@@QAE@XZ 00419600 f   fltk:Fl.obj
 0001:00018650       ?redraw@Fl_Widget@@QAEXXZ  00419650 f   fltk:Fl.obj
 0001:00018670       ?redraw_label@Fl_Widget@@QAEXXZ 00419670 f   fltk:Fl.obj
 0001:00018c70       ?damage@Fl_Widget@@QAEXE@Z 00419c70 f   fltk:Fl.obj
 0001:00018d30       ?damage@Fl_Widget@@QAEXEHHHH@Z 00419d30 f   fltk:Fl.obj
 0001:00018f20       ?size_range_@Fl_Window@@AAEXXZ 00419f20 f   fltk:Fl.obj
 0001:00018f40       ?fullscreen_x@Fl_Window@@AAEXXZ 00419f40 f   fltk:Fl.obj
 0001:00018fb0       ?fullscreen_off_x@Fl_Window@@AAEXHHHH@Z 00419fb0 f   fltk:Fl.obj
 0001:00019190       ?flush@Fl_Window@@MAEXXZ   0041a190 f   fltk:Fl.obj
 0001:00019200       ?handle@Fl_Window@@UAEHH@Z 0041a200 f   fltk:Fl.obj
 0001:00019370       ?resize@Fl_Window@@UAEXHHHH@Z 0041a370 f   fltk:Fl.obj
 0001:00019650       ?label@Fl_Window@@QAEXPBD0@Z 0041a650 f   fltk:Fl.obj
 0001:00019740       ?default_icons@Fl_Window@@SAXPAUHICON__@@0@Z 0041a740 f   fltk:Fl.obj
 0001:00019760       ?icons@Fl_Window@@QAEXPAUHICON__@@0@Z 0041a760 f   fltk:Fl.obj
 0001:000197c0       ?show@Fl_Window@@UAEXXZ    0041a7c0 f   fltk:Fl.obj
 0001:00019880       ?hide@Fl_Window@@UAEXXZ    0041a880 f   fltk:Fl.obj
 0001:00019ce0       ?make_current@Fl_Window@@QAEXXZ 0041ace0 f   fltk:Fl.obj
 0001:00019d40       ?decorated_w@Fl_Window@@QAEHXZ 0041ad40 f   fltk:Fl.obj
 0001:00019e10       ?decorated_h@Fl_Window@@QAEHXZ 0041ae10 f   fltk:Fl.obj
 0001:00019ee0       ?XRectangleRegion@@YAPAUHRGN__@@HHHH@Z 0041aee0 f   fltk:Fl.obj
 0001:00019f90       ?fake_X_wm@Fl_X@@SAHPBVFl_Window@@AAH1111@Z 0041af90 f   fltk:Fl.obj
 0001:0001a6c0       ?make_fullscreen@Fl_X@@QAEXHHHH@Z 0041b6c0 f   fltk:Fl.obj
 0001:0001a820       ?set_minmax@Fl_X@@QAEXPAUtagMINMAXINFO@@@Z 0041b820 f   fltk:Fl.obj
 0001:0001a910       ?set_default_icons@Fl_X@@SAXQAPBVFl_RGB_Image@@H@Z 0041b910 f   fltk:Fl.obj
 0001:0001a9d0       ?set_default_icons@Fl_X@@SAXPAUHICON__@@0@Z 0041b9d0 f   fltk:Fl.obj
 0001:0001aa40       ?set_icons@Fl_X@@QAEXXZ    0041ba40 f   fltk:Fl.obj
 0001:0001abe0       ?set_cursor@Fl_X@@QAEHW4Fl_Cursor@@@Z 0041bbe0 f   fltk:Fl.obj
 0001:0001ad70       ?set_cursor@Fl_X@@QAEHPBVFl_RGB_Image@@HH@Z 0041bd70 f   fltk:Fl.obj
 0001:0001adf0       ?make@Fl_X@@SAPAV1@PAVFl_Window@@@Z 0041bdf0 f   fltk:Fl.obj
 0001:0001ba90       ?fl_release_dc@@YAXPAUHWND__@@PAUHDC__@@@Z 0041ca90 f   fltk:Fl.obj
 0001:0001bb30       ?fl_save_dc@@YAXPAUHWND__@@PAUHDC__@@@Z 0041cb30 f   fltk:Fl.obj
 0001:0001bba0       ?fl_open_display@@YAXXZ    0041cba0 f   fltk:Fl.obj
 0001:0001bbd0       ?fl_find@@YAPAVFl_Window@@PAUHWND__@@@Z 0041cbd0 f   fltk:Fl.obj
 0001:0001bc50       ?fl_GetDC@@YAPAUHDC__@@PAUHWND__@@@Z 0041cc50 f   fltk:Fl.obj
 0001:0001bcf0       ?fl_free_fonts@@YAXXZ      0041ccf0 f   fltk:Fl.obj
 0001:0001bdb0       ?fl_cleanup_dc_list@@YAXXZ 0041cdb0 f   fltk:Fl.obj
 0001:0001be80       ?fl_clipboard_notify_change@@YAXXZ 0041ce80 f   fltk:Fl.obj
 0001:0001bf00       ?fl_clipboard_notify_empty@@YA_NXZ 0041cf00 f   fltk:Fl.obj
 0001:0001bf30       ?fl_trigger_clipboard_notify@@YAXH@Z 0041cf30 f   fltk:Fl.obj
 0001:0001bf70       ?fl_ready@@YAHXZ           0041cf70 f   fltk:Fl.obj
 0001:0001c050       ?fl_wait@@YAHN@Z           0041d050 f   fltk:Fl.obj
 0001:0001c460       ?fl_send_system_handlers@@YAHPAX@Z 0041d460 f   fltk:Fl.obj
 0001:0001c4c0       ?fl_fix_focus@@YAXXZ       0041d4c0 f   fltk:Fl.obj
 0001:0001c6a0       ?fl_throw_focus@@YAXPAVFl_Widget@@@Z 0041d6a0 f   fltk:Fl.obj
 0001:0001c870       ?fl_clipboard_notify_retarget@@YAXPAUHWND__@@@Z 0041d870 f   fltk:Fl.obj
 0001:0001c8d0       ?fl_update_clipboard@@YAXXZ 0041d8d0 f   fltk:Fl.obj
 0001:0001c9e0       ?fl_set_status@@YAXHHHH@Z  0041d9e0 f   fltk:Fl.obj
 0001:0001c9f0       ?fl_set_spot@@YAXHHHHHHPAVFl_Window@@@Z 0041d9f0 f   fltk:Fl.obj
 0001:0001cb50       ?fl_reset_spot@@YAXXZ      0041db50 f   fltk:Fl.obj
 0001:0001cb60       ?print_window@Fl_Paged_Device@@QAEXPAVFl_Window@@HH@Z 0041db60 f   fltk:Fl.obj
 0001:0001d190       ?fl_get_lcid_codepage@@YAIK@Z 0041e190 f   fltk:Fl.obj
 0001:0001d1f0       ?fl_get_codepage@@YAXXZ    0041e1f0 f   fltk:Fl.obj
 0001:0001e7b0       ?fl_filename_name@@YAPBDPBD@Z 0041f7b0 f   fltk:Fl.obj
 0001:0001edb0       ?fl_xid_@@YAPAUHWND__@@PBVFl_Window@@@Z 0041fdb0 f   fltk:Fl.obj
 0001:0001ede0       ??0Lf2CrlfConvert@@QAE@PBDH@Z 0041fde0 f i fltk:Fl.obj
 0001:0001efa0       ??1Fl_Win32_At_Exit@@QAE@XZ 0041ffa0 f i fltk:Fl.obj
 0001:0001f010       ??1Lf2CrlfConvert@@QAE@XZ  00420010 f i fltk:Fl.obj
 0001:0001f040       ??1NameList@@QAE@XZ        00420040 f i fltk:Fl.obj
 0001:0001f0a0       ??_EFl_Device@@UAEPAXI@Z   004200a0 f i fltk:Fl.obj
 0001:0001f0a0       ??_GFl_Device@@UAEPAXI@Z   004200a0 f i fltk:Fl.obj
 0001:0001f0d0       ??_GFl_GDI_Graphics_Driver@@UAEPAXI@Z 004200d0 f i fltk:Fl.obj
 0001:0001f0d0       ??_EFl_GDI_Graphics_Driver@@UAEPAXI@Z 004200d0 f i fltk:Fl.obj
 0001:0001f130       ??_EFl_Graphics_Driver@@UAEPAXI@Z 00420130 f i fltk:Fl.obj
 0001:0001f130       ??_GFl_Graphics_Driver@@UAEPAXI@Z 00420130 f i fltk:Fl.obj
 0001:0001f190       ??_EFl_Image@@UAEPAXI@Z    00420190 f i fltk:Fl.obj
 0001:0001f190       ??_GFl_Image@@UAEPAXI@Z    00420190 f i fltk:Fl.obj
 0001:0001f1c0       ??_EFl_RGB_Image@@UAEPAXI@Z 004201c0 f i fltk:Fl.obj
 0001:0001f1c0       ??_GFl_RGB_Image@@UAEPAXI@Z 004201c0 f i fltk:Fl.obj
 0001:0001f1f0       ??_EFl_Surface_Device@@UAEPAXI@Z 004201f0 f i fltk:Fl.obj
 0001:0001f1f0       ??_GFl_Surface_Device@@UAEPAXI@Z 004201f0 f i fltk:Fl.obj
 0001:0001f230       ?add_name@NameList@@QAEXPBD@Z 00420230 f i fltk:Fl.obj
 0001:0001f2b0       ?class_name@Fl_Device@@UAEPBDXZ 004202b0 f i fltk:Fl.obj
 0001:0001f2c0       ?class_name@Fl_GDI_Graphics_Driver@@UAEPBDXZ 004202c0 f i fltk:Fl.obj
 0001:0001f2d0       ?class_name@Fl_Graphics_Driver@@UAEPBDXZ 004202d0 f i fltk:Fl.obj
 0001:0001f2e0       ?class_name@Fl_Surface_Device@@UAEPBDXZ 004202e0 f i fltk:Fl.obj
 0001:0001f2f0       ?color@Fl_Graphics_Driver@@MAEXEEE@Z 004202f0 f i fltk:Fl.obj
 0001:0001f300       ?color@Fl_Graphics_Driver@@MAEXI@Z 00420300 f i fltk:Fl.obj
 0001:0001f320       ?descent@Fl_Graphics_Driver@@UAEHXZ 00420320 f i fltk:Fl.obj
 0001:0001f330       ?draw@Fl_Graphics_Driver@@MAEXHPBDHHH@Z 00420330 f i fltk:Fl.obj
 0001:0001f340       ?draw@Fl_Graphics_Driver@@MAEXPAVFl_Bitmap@@HHHHHH@Z 00420340 f i fltk:Fl.obj
 0001:0001f350       ?draw@Fl_Graphics_Driver@@MAEXPAVFl_Pixmap@@HHHHHH@Z 00420350 f i fltk:Fl.obj
 0001:0001f360       ?draw@Fl_Graphics_Driver@@MAEXPAVFl_RGB_Image@@HHHHHH@Z 00420360 f i fltk:Fl.obj
 0001:0001f370       ?draw@Fl_Graphics_Driver@@MAEXPBDHHH@Z 00420370 f i fltk:Fl.obj
 0001:0001f380       ?draw_image@Fl_Graphics_Driver@@MAEXP6AXPAXHHHPAE@Z0HHHHH@Z 00420380 f i fltk:Fl.obj
 0001:0001f390       ?draw_image@Fl_Graphics_Driver@@MAEXPBEHHHHHH@Z 00420390 f i fltk:Fl.obj
 0001:0001f3a0       ?draw_image_mono@Fl_Graphics_Driver@@MAEXP6AXPAXHHHPAE@Z0HHHHH@Z 004203a0 f i fltk:Fl.obj
 0001:0001f3b0       ?draw_image_mono@Fl_Graphics_Driver@@MAEXPBEHHHHHH@Z 004203b0 f i fltk:Fl.obj
 0001:0001f3c0       ?font@Fl_Graphics_Driver@@UAEXHH@Z 004203c0 f i fltk:Fl.obj
 0001:0001f3e0       ?height@Fl_Graphics_Driver@@UAEHXZ 004203e0 f i fltk:Fl.obj
 0001:0001f400       ?rtl_draw@Fl_Graphics_Driver@@MAEXPBDHHH@Z 00420400 f i fltk:Fl.obj
 0001:0001f410       ?width@Fl_Graphics_Driver@@UAENI@Z 00420410 f i fltk:Fl.obj
 0001:0001f440       ?width@Fl_Graphics_Driver@@UAENPBDH@Z 00420440 f i fltk:Fl.obj
 0001:0001f450       ?fl_beep@@YAXH@Z           00420450 f   fltk:fl_ask.obj
 0001:0001f4c0       ?fl_message@@YAXPBDZZ      004204c0 f   fltk:fl_ask.obj
 0001:0001f520       ?fl_alert@@YAXPBDZZ        00420520 f   fltk:fl_ask.obj
 0001:0001f580       ?fl_ask@@YAHPBDZZ          00420580 f   fltk:fl_ask.obj
 0001:0001f5d0       ?fl_choice@@YAHPBD000ZZ    004205d0 f   fltk:fl_ask.obj
 0001:0001f620       ?fl_input@@YAPBDPBD0ZZ     00420620 f   fltk:fl_ask.obj
 0001:0001f670       ?fl_password@@YAPBDPBD0ZZ  00420670 f   fltk:fl_ask.obj
 0001:0001f6c0       ?fl_message_icon@@YAPAVFl_Widget@@XZ 004206c0 f   fltk:fl_ask.obj
 0001:0001f6d0       ?fl_message_hotspot@@YAXH@Z 004206d0 f   fltk:fl_ask.obj
 0001:0001f700       ?fl_message_hotspot@@YAHXZ 00420700 f   fltk:fl_ask.obj
 0001:0001f710       ?fl_message_title@@YAXPBD@Z 00420710 f   fltk:fl_ask.obj
 0001:0001f730       ?fl_message_title_default@@YAXPBD@Z 00420730 f   fltk:fl_ask.obj
 0001:000205b0       ??$__vcrt_va_start_verify_argument_type@PBD@@YAXXZ 004215b0 f i fltk:fl_ask.obj
 0001:000205c0       ?default_atclose@Fl@@SAXPAVFl_Window@@PAX@Z 004215c0 f   fltk:Fl_Window.obj
 0001:000205f0       ?window@Fl_Widget@@QBEPAVFl_Window@@XZ 004215f0 f   fltk:Fl_Window.obj
 0001:00020640       ?top_window@Fl_Widget@@QBEPAVFl_Window@@XZ 00421640 f   fltk:Fl_Window.obj
 0001:00020680       ?top_window_offset@Fl_Widget@@QBEPAVFl_Window@@AAH0@Z 00421680 f   fltk:Fl_Window.obj
 0001:00020700       ?_Fl_Window@Fl_Window@@AAEXXZ 00421700 f   fltk:Fl_Window.obj
 0001:000207f0       ?free_icons@Fl_Window@@IAEXXZ 004217f0 f   fltk:Fl_Window.obj
 0001:00020900       ??0Fl_Window@@QAE@HHPBD@Z  00421900 f   fltk:Fl_Window.obj
 0001:000209a0       ??0Fl_Window@@QAE@HHHHPBD@Z 004219a0 f   fltk:Fl_Window.obj
 0001:00020a40       ??1Fl_Window@@UAE@XZ       00421a40 f   fltk:Fl_Window.obj
 0001:00020b30       ?label@Fl_Window@@QAEXPBD@Z 00421b30 f   fltk:Fl_Window.obj
 0001:00020b60       ?iconlabel@Fl_Window@@QAEXPBD@Z 00421b60 f   fltk:Fl_Window.obj
 0001:00020b90       ?copy_label@Fl_Window@@QAEXPBD@Z 00421b90 f   fltk:Fl_Window.obj
 0001:00020bd0       ?default_xclass@Fl_Window@@SAXPBD@Z 00421bd0 f   fltk:Fl_Window.obj
 0001:00020c10       ?default_xclass@Fl_Window@@SAPBDXZ 00421c10 f   fltk:Fl_Window.obj
 0001:00020c30       ?xclass@Fl_Window@@QBEPBDXZ 00421c30 f   fltk:Fl_Window.obj
 0001:00020c60       ?xclass@Fl_Window@@QAEXPBD@Z 00421c60 f   fltk:Fl_Window.obj
 0001:00020cc0       ?default_icon@Fl_Window@@SAXPBVFl_RGB_Image@@@Z 00421cc0 f   fltk:Fl_Window.obj
 0001:00020ce0       ?default_icons@Fl_Window@@SAXQAPBVFl_RGB_Image@@H@Z 00421ce0 f   fltk:Fl_Window.obj
 0001:00020d00       ?icon@Fl_Window@@QAEXPBVFl_RGB_Image@@@Z 00421d00 f   fltk:Fl_Window.obj
 0001:00020d20       ?icons@Fl_Window@@QAEXQAPBVFl_RGB_Image@@H@Z 00421d20 f   fltk:Fl_Window.obj
 0001:00020df0       ?icon@Fl_Window@@QBEPBXXZ  00421df0 f   fltk:Fl_Window.obj
 0001:00020e10       ?icon@Fl_Window@@QAEXPBX@Z 00421e10 f   fltk:Fl_Window.obj
 0001:00020e30       ?wait_for_expose@Fl_Window@@QAEXXZ 00421e30 f   fltk:Fl_Window.obj
 0001:00020e80       ?x_root@Fl_Window@@QBEHXZ  00421e80 f   fltk:Fl_Window.obj
 0001:00020ec0       ?y_root@Fl_Window@@QBEHXZ  00421ec0 f   fltk:Fl_Window.obj
 0001:00020f00       ?current@Fl_Window@@SAPAV1@XZ 00421f00 f   fltk:Fl_Window.obj
 0001:00020f10       ?default_callback@Fl_Window@@SAXPAV1@PAX@Z 00421f10 f   fltk:Fl_Window.obj
 0001:00020f30       ??_EFl_Window@@UAEPAXI@Z   00421f30 f i fltk:Fl_Window.obj
 0001:00020f30       ??_GFl_Window@@UAEPAXI@Z   00421f30 f i fltk:Fl_Window.obj
 0001:00020f70       ?as_gl_window@Fl_Widget@@UAEPAVFl_Gl_Window@@XZ 00421f70 f i fltk:Fl_Window.obj
 0001:00020f80       ?readqueue@Fl@@SAPAVFl_Widget@@XZ 00421f80 f   fltk:Fl_Widget.obj
 0001:00020fd0       ??0Fl_Widget@@IAE@HHHHPBD@Z 00421fd0 f   fltk:Fl_Widget.obj
 0001:000210e0       ?draw_focus@Fl_Widget@@IBEXW4Fl_Boxtype@@HHHH@Z 004220e0 f   fltk:Fl_Widget.obj
 0001:00021310       ??1Fl_Widget@@UAE@XZ       00422310 f   fltk:Fl_Widget.obj
 0001:000213f0       ?handle@Fl_Widget@@UAEHH@Z 004223f0 f   fltk:Fl_Widget.obj
[...]
 0003:00002dd4       ?s_wsock_select@@3P6GHHPAUfd_set@@00PBUtimeval@@@ZA 0048bdd4     fltk:Fl.obj
 0003:00002dd8       ?fl_wsk_fd_is_set@@3P6GHIPAUfd_set@@@ZA 0048bdd8     fltk:Fl.obj
 0003:00002e04       ?s_imm_module@@3PAUHINSTANCE__@@A 0048be04     fltk:Fl.obj
 0003:00002e08       ?flImmAssociateContextEx@@3P6GHPAUHWND__@@PAUHIMC__@@K@ZA 0048be08     fltk:Fl.obj
 0003:00002e0d       ?dnd_flag@@3DA             0048be0d     fltk:Fl.obj
 0003:00002e10       ?flImmGetContext@@3P6GPAUHIMC__@@PAUHWND__@@@ZA 0048be10     fltk:Fl.obj
 0003:00002e18       ?flImmSetCompositionWindow@@3P6GHPAUHIMC__@@PAUtagCOMPOSITIONFORM@@@ZA 0048be18     fltk:Fl.obj
 0003:00002e1c       ?flImmReleaseContext@@3P6GHPAUHWND__@@PAUHIMC__@@@ZA 0048be1c     fltk:Fl.obj
 0003:00002e20       ?sys_handlers@@3PAUsystem_handler_link@@A 0048be20     fltk:Fl.obj
 0003:00002e24       ?track_mouse_win@@3PAVFl_Window@@A 0048be24     fltk:Fl.obj
 0003:00002e28       ?maxfd@@3HA                0048be28     fltk:Fl.obj
 0003:00002e2c       ?nfds@@3HA                 0048be2c     fltk:Fl.obj
 0003:00002e30       ?fd_array_size@@3HA        0048be30     fltk:Fl.obj
 0003:00002e5c       ?fd@@3PAUFD@@A             0048be5c     fltk:Fl.obj
 0003:00002ebc       ?default_big_icon@@3PAUHICON__@@A 0048bebc     fltk:Fl.obj
 0003:00002ec0       ?default_small_icon@@3PAUHICON__@@A 0048bec0     fltk:Fl.obj
 0003:00002ec4       ?win_DC_list@@3PAUWin_DC_List@@A 0048bec4     fltk:Fl.obj
 0003:00002ed0       ?num_dwidgets@@3HA         0048bed0     fltk:Fl.obj
 0003:00002ed4       ?alloc_dwidgets@@3HA       0048bed4     fltk:Fl.obj
 0003:00002ed8       ?dwidgets@@3PAPAVFl_Widget@@A 0048bed8     fltk:Fl.obj
 0003:00002edc       ?widget_watch@@3PAPAPAVFl_Widget@@A 0048bedc     fltk:Fl.obj
 0003:00002ee0       ?num_widget_watch@@3HA     0048bee0     fltk:Fl.obj
 0003:00002ee4       ?max_widget_watch@@3HA     0048bee4     fltk:Fl.obj
 0003:00002ef0       ?win32_at_exit@@3VFl_Win32_At_Exit@@A 0048bef0     fltk:Fl.obj
 0003:00002ef4       ?fl_gdi_display@@3VFl_Display_Device@@A 0048bef4     fltk:Fl.obj
 0003:00002f00       ?fl_gdi_driver@@3VFl_GDI_Graphics_Driver@@A 0048bf00     fltk:Fl.obj
 0003:000035e8       ?first_check@@3PAUCheck@@A 0048c5e8     fltk:Fl.obj
 0003:000035ec       ?next_check@@3PAUCheck@@A  0048c5ec     fltk:Fl.obj
 0003:000035f0       ?free_check@@3PAUCheck@@A  0048c5f0     fltk:Fl.obj
 0003:000035f4       ?thread_message_@@3PAXA    0048c5f4     fltk:Fl.obj
 0003:000035f8       ?fdsets@@3PAUfd_set@@A     0048c5f8     fltk:Fl.obj
 0003:00003904       ?win32_timers@@3PAUWin32Timer@@A 0048c904     fltk:Fl.obj
 0003:00003908       ?win32_timer_alloc@@3HA    0048c908     fltk:Fl.obj
 0003:0000390c       ?win32_timer_used@@3HA     0048c90c     fltk:Fl.obj
 0003:00003910       ?s_TimerWnd@@3PAUHWND__@@A 0048c910     fltk:Fl.obj
 0003:00003914       ?resize_bug_fix@@3PAVFl_Window@@A 0048c914     fltk:Fl.obj
 0003:00003918       ?in_idle@?1??fl_wait@@YAHN@Z@4DA 0048c918     fltk:Fl.obj
 0003:00003919       ?beenHereDoneThat@?1??fl_open_display@@YAXXZ@4DA 0048c919     fltk:Fl.obj
 0003:0000391c       ?px@?1??mouse_event@@YAHPAVFl_Window@@HHIJ@Z@4HA 0048c91c     fltk:Fl.obj
 0003:00003920       ?py@?1??mouse_event@@YAHPAVFl_Window@@HHIJ@Z@4HA 0048c920     fltk:Fl.obj
 0003:00003924       ?pmx@?1??mouse_event@@YAHPAVFl_Window@@HHIJ@Z@4HA 0048c924     fltk:Fl.obj
 0003:00003928       ?pmy@?1??mouse_event@@YAHPAVFl_Window@@HHIJ@Z@4HA 0048c928     fltk:Fl.obj
 0003:00003930       ?vklut@?1??ms2fltk@@YAHIH@Z@4PAGA 0048c930     fltk:Fl.obj
 0003:00003b30       ?extendedlut@?1??ms2fltk@@YAHIH@Z@4PAGA 0048cb30     fltk:Fl.obj
 0003:00003d30       ?buffer@?DH@??WndProc@@YGJPAUHWND__@@IIJ@Z@4PADA 0048cd30     fltk:Fl.obj
 0003:00004130       ?delta@?GG@??WndProc@@YGJPAUHWND__@@IIJ@Z@4HA 0048d130     fltk:Fl.obj
 0003:00004134       ?delta@?GJ@??WndProc@@YGJPAUHWND__@@IIJ@Z@4HA 0048d134     fltk:Fl.obj
 0003:00004138       ?class_name_list@?1??make@Fl_X@@SAPAV2@PAVFl_Window@@@Z@4VNameList@@A 0048d138     fltk:Fl.obj
 0003:00004144       ?$TSS0@?1??make@Fl_X@@SAPAV2@PAVFl_Window@@@Z@4HA 0048d144     fltk:Fl.obj
 0003:00004148       ?first_class_name@?1??make@Fl_X@@SAPAV2@PAVFl_Window@@@Z@4PBDB 0048d148     fltk:Fl.obj
 0003:0000414c       ?avoidRecursion@@3DA       0048d14c     fltk:fl_ask.obj
 0003:00004154       ?message_form@@3PAVFl_Window@@A 0048d154     fltk:fl_ask.obj
 0003:00004158       ?message@@3PAVFl_Box@@A    0048d158     fltk:fl_ask.obj
 0003:0000415c       ?icon@@3PAVFl_Box@@A       0048d15c     fltk:fl_ask.obj
 0003:00004160       ?button@@3PAPAVFl_Button@@A 0048d160     fltk:fl_ask.obj
 0003:0000416c       ?input@@3PAVFl_Input@@A    0048d16c     fltk:fl_ask.obj
 0003:00004170       ?ret_val@@3HA              0048d170     fltk:fl_ask.obj
 0003:00004174       ?message_title_default@@3PBDB 0048d174     fltk:fl_ask.obj
 0003:00004180       ?obj_queue@@3PAPAVFl_Widget@@A 0048d180     fltk:Fl_Widget.obj
 0003:000041d0       ?obj_head@@3HA             0048d1d0     fltk:Fl_Widget.obj
 0003:000041d4       ?obj_tail@@3HA             0048d1d4     fltk:Fl_Widget.obj
 0003:000041e4       ?fc@@3PAVFl_File_Chooser@@A 0048d1e4     fltk:fl_file_dir.obj
 0003:000041e8       ?current_callback@@3P6AXPBD@ZA 0048d1e8     fltk:fl_file_dir.obj
 0003:000041ec       ?current_label@@3PBDB      0048d1ec     fltk:fl_file_dir.obj
 0003:000041f0       ?retname@?1??fl_file_chooser@@YAPADPBD00H@Z@4PADA 0048d1f0     fltk:fl_file_dir.obj
 0003:000049f0       ?retname@?1??fl_dir_chooser@@YAPADPBD0H@Z@4PADA 0048d9f0     fltk:fl_file_dir.obj
 0003:000051f0       ?fl_gmi@@3P6GHPAUHMONITOR__@@PAUtagMONITORINFO@@@ZA 0048e1f0     fltk:screen_xywh.obj
 0003:000051f8       ?screens@@3PAUtagRECT@@A   0048e1f8     fltk:screen_xywh.obj
 0003:000052f8       ?work_area@@3PAUtagRECT@@A 0048e2f8     fltk:screen_xywh.obj
 0003:000053f8       ?dpi@@3PAY01MA             0048e3f8     fltk:screen_xywh.obj
 0003:000054a8       ?main_thread@@3KA          0048e4a8     fltk:Fl_lock.obj
 0003:000054b0       ?measure@@3PAP6AXPBUFl_Label@@AAH1@ZA 0048e4b0     fltk:fl_labeltype.obj
 0003:000054fc       ?window@@3PAVFl_TooltipBox@@A 0048e4fc     fltk:Fl_Tooltip.obj
 0003:00005504       ?tip@@3PBDB                0048e504     fltk:Fl_Tooltip.obj
 0003:00005508       ?Y@@3HA                    0048e508     fltk:Fl_Tooltip.obj
 0003:0000550c       ?H@@3HA                    0048e50c     fltk:Fl_Tooltip.obj
 0003:00005510       ?recent_tooltip@@3DA       0048e510     fltk:Fl_Tooltip.obj
 0003:00005511       ?recursion@@3DA            0048e511     fltk:Fl_Tooltip.obj
 0003:00005512       ?beenhere@?1??set_enter_exit_once_@Fl_Tooltip@@CAXXZ@4DA 0048e512     fltk:Fl_Tooltip.obj
 0003:00006120       ?tmppen@@3PAXA             0048f120     fltk:fl_color.obj
 0003:00006124       ?savepen@@3PAUHPEN__@@A    0048f124     fltk:fl_color.obj
 0003:00006128       ?xmap@?1??color@Fl_GDI_Graphics_Driver@@UAEXEEE@Z@4UFl_XMap@@A 0048f128     fltk:fl_color.obj
 0003:00006138       ?brushes@?1??fl_brush_action@@YAPAUHBRUSH__@@H@Z@4PAUFl_Brush@?1??1@YAPAU2@H@Z@A 0048f138     fltk:fl_color.obj
 0003:000061f8       ?beenhere@?1??fl_select_palette@@YAPAUHPALETTE__@@XZ@4DA 0048f1f8     fltk:fl_color.obj
 0003:000061fc       ?fl_alpha_blend@@3P6GHPAUHDC__@@HHHH0HHHHUFL_BLENDFUNCTION@@@ZA 0048f1fc     fltk:Fl_Double_Window.obj
 0003:00006200       ?been_here@?1??fl_can_do_alpha_blending@@YADXZ@4DA 0048f200     fltk:Fl_Double_Window.obj
 0003:00006201       ?can_do@?1??fl_can_do_alpha_blending@@YADXZ@4DA 0048f201     fltk:Fl_Double_Window.obj
 0003:000062b4       ?hMod@?1??newUUID@Fl_Preferences@@SAPBDXZ@4PAUHINSTANCE__@@A 0048f2b4     fltk:Fl_Preferences.obj
 0003:000062c4       ?fl_angle_@@3HA            0048f2c4     fltk:fl_font.obj
 0003:000062c8       ?wstr@@3PAGA               0048f2c8     fltk:fl_font.obj
 0003:000062cc       ?wstr_len@@3HA             0048f2cc     fltk:fl_font.obj
 0003:000062d0       ?fl_GetGlyphIndices@@3P6GKPAUHDC__@@PB_WHPAGK@ZA 0048f2d0     fltk:fl_font.obj
 0003:000062d4       ?have_loaded_GetGlyphIndices@@3HA 0048f2d4     fltk:fl_font.obj
 0003:000062d8       ?ext_buff@?1??text_extents@Fl_GDI_Graphics_Driver@@UAEXPBDHAAH111@Z@4PAGA 0048f2d8     fltk:fl_font.obj
 0003:000062dc       ?w_buff@?1??text_extents@Fl_GDI_Graphics_Driver@@UAEXPBDHAAH111@Z@4PAGA 0048f2dc     fltk:fl_font.obj
 0003:000062e0       ?wc_len@?1??text_extents@Fl_GDI_Graphics_Driver@@UAEXPBDHAAH111@Z@4IA 0048f2e0     fltk:fl_font.obj
 0003:000062f0       ?hMod@?1??draw@Fl_GDI_Printer_Graphics_Driver@@UAEXPAVFl_Pixmap@@HHHHHH@Z@4PAUHINSTANCE__@@A 0048f2f0     fltk:Fl_Pixmap.obj
 0003:000062f4       ?fl_TransparentBlt@?1??draw@Fl_GDI_Printer_Graphics_Driver@@UAEXPAVFl_Pixmap@@HHHHHH@Z@4P6GHPAUHDC__@@HHHH1HHHHI@ZA 0048f2f4     fltk:Fl_Pixmap.obj
 0003:000062f8       ?fl_TransparentBlt@?1??draw@Fl_GDI_Printer_Graphics_Driver@@UAEXPAVFl_Bitmap@@HHHHHH@Z@4P6GHPAUHDC__@@HHHH1HHHHI@ZA 0048f2f8     fltk:Fl_Bitmap.obj
 0003:000062fc       ?hMod@?1??draw@Fl_GDI_Printer_Graphics_Driver@@UAEXPAVFl_Bitmap@@HHHHHH@Z@4PAUHINSTANCE__@@A 0048f2fc     fltk:Fl_Bitmap.obj
 0003:00006300       ?ri@?1??dither@@YAXPAEPBEHH@Z@4HA 0048f300     fltk:fl_draw_image.obj
 0003:00006304       ?gi@?1??dither@@YAXPAEPBEHH@Z@4HA 0048f304     fltk:fl_draw_image.obj
 0003:00006308       ?bi@?1??dither@@YAXPAEPBEHH@Z@4HA 0048f308     fltk:fl_draw_image.obj
 0003:0000630c       ?dir@?1??dither@@YAXPAEPBEHH@Z@4HA 0048f30c     fltk:fl_draw_image.obj
 0003:00006310       ?ri@?1??monodither@@YAXPAEPBEHH@Z@4HA 0048f310     fltk:fl_draw_image.obj
 0003:00006314       ?dir@?1??monodither@@YAXPAEPBEHH@Z@4HA 0048f314     fltk:fl_draw_image.obj
 0003:00006318       ?bmibuffer@?1??innards@@YAXPBEHHHHHHHP6AXPAXHHHPAE@Z1@Z@4PAIA 0048f318     fltk:fl_draw_image.obj
 0003:00006748       ?buffer@?1??innards@@YAXPBEHHHHHHHP6AXPAXHHHPAE@Z1@Z@4PAIA 0048f748     fltk:fl_draw_image.obj
 0003:0000674c       ?buffer_size@?1??innards@@YAXPBEHHHHHHHP6AXPAXHHHPAE@Z1@Z@4JA 0048f74c     fltk:fl_draw_image.obj
 0003:00006750       ?line_buffer@?1??innards@@YAXPBEHHHHHHHP6AXPAXHHHPAE@Z1@Z@4PAIA 0048f750     fltk:fl_draw_image.obj
 0003:00006754       ?line_buf_size@?CH@??innards@@YAXPBEHHHHHHHP6AXPAXHHHPAE@Z1@Z@4HA 0048f754     fltk:fl_draw_image.obj
 0003:00006760       ?fl_bg_set@@3DA            0048f760     fltk:Fl_get_system_colors.obj
 0003:00006761       ?fl_bg2_set@@3DA           0048f761     fltk:Fl_get_system_colors.obj
 0003:00006762       ?fl_fg_set@@3DA            0048f762     fltk:Fl_get_system_colors.obj
 0003:00006770       ?tile@@3VFl_Pixmap@@A      0048f770     fltk:Fl_get_system_colors.obj
 0003:00006798       ?e@?1??scheme@Fl@@SAHPBD@Z@4PADA 0048f798     fltk:Fl_get_system_colors.obj
 0003:00006bd0       ?mbwbuf@@3PA_WA            0048fbd0     fltk:fl_utf8.obj
 0003:00006bd8       ?buf@@3PADA                0048fbd8     fltk:fl_utf8.obj
 0003:00006bdc       ?buf_len@@3HA              0048fbdc     fltk:fl_utf8.obj
 0003:00006be0       ?wbufa@@3PAGA              0048fbe0     fltk:fl_utf8.obj
 0003:00006be4       ?wbuf@@3PA_WA              0048fbe4     fltk:fl_utf8.obj
 0003:00006be8       ?wbuf1@@3PA_WA             0048fbe8     fltk:fl_utf8.obj
 0003:00006bec       ?table@?1??Toupper@@YAHH@Z@4PAGA 0048fbec     fltk:fl_utf8.obj
 0003:00006bf0       ?buf@?1??fl_utf2mbcs@@9@4PADA 0048fbf0     fltk:fl_utf8.obj
 0003:00006bf4       ?buf@?1??fl_getenv@@9@4PADA 0048fbf4     fltk:fl_utf8.obj
 0003:00006bf8       ?wbuf@?1??fl_getcwd@@9@4PA_WA 0048fbf8     fltk:fl_utf8.obj
 0003:00006bfc       ?buf@?1??fl_shortcut_label@@YAPBDIPAPBD@Z@4PADA 0048fbfc     fltk:fl_shortcut.obj
 0003:00006c34       ?l_secret@@3HA             0048fc34     fltk:Fl_Input_.obj
 0003:00006c38       ?undobuffer@@3PADA         0048fc38     fltk:Fl_Input_.obj
 0003:00006c3c       ?undobufferlength@@3HA     0048fc3c     fltk:Fl_Input_.obj
 0003:00006c40       ?undowidget@@3PAVFl_Input_@@A 0048fc40     fltk:Fl_Input_.obj
 0003:00006c44       ?undoat@@3HA               0048fc44     fltk:Fl_Input_.obj
 0003:00006c48       ?undocut@@3HA              0048fc48     fltk:Fl_Input_.obj
 0003:00006c4c       ?undoinsert@@3HA           0048fc4c     fltk:Fl_Input_.obj
 0003:00006c50       ?yankcut@@3HA              0048fc50     fltk:Fl_Input_.obj
 0003:00006c54       ?legal_fp_chars@@3PBDB     0048fc54     fltk:Fl_Input.obj
 0003:00006c58       ?dnd_save_position@?1??handle@Fl_Input@@UAEHH@Z@4HA 0048fc58     fltk:Fl_Input.obj
 0003:00006c5c       ?dnd_save_mark@?1??handle@Fl_Input@@UAEHH@Z@4HA 0048fc5c     fltk:Fl_Input.obj
 0003:00006c60       ?newpos@?1??handle@Fl_Input@@UAEHH@Z@4HA 0048fc60     fltk:Fl_Input.obj
 0003:00006c64       ?dnd_save_focus@?1??handle@Fl_Input@@UAEHH@Z@4PAVFl_Widget@@A 0048fc64     fltk:Fl_Input.obj
 0003:00006c6c       ?underline_at@@3PADA       0048fc6c     fltk:fl_draw.obj
 0003:00006c70       ?local_buf@?1??expand_text_@@YAPBDPBDAAPADHNAAHAANHH@Z@4PADA 0048fc70     fltk:fl_draw.obj
 0003:00006c74       ?$TSS0@?1??expand_text_@@YAPBDPBDAAPADHNAAHAANHH@Z@4HA 0048fc74     fltk:fl_draw.obj
 0003:00006c7c       ?pressed_menu_button_@@3PAVFl_Menu_Button@@A 0048fc7c     fltk:Fl_Menu_Button.obj
 0003:00006c80       ?p@@3PAUmenustate@@A       0048fc80     fltk:Fl_Menu.obj
 0003:00006c84       ?button@@3PBVFl_Menu_@@B   0048fc84     fltk:Fl_Menu.obj
 0003:00006c88       ?dummy@?1??popup@Fl_Menu_Item@@QBEPBU2@HHPBDPBU2@PBVFl_Menu_@@@Z@4U2@A 0048fc88     fltk:Fl_Menu.obj
 0003:00006cac       ?local_array@@3PAUFl_Menu_Item@@A 0048fcac     fltk:Fl_Menu_add.obj
 0003:00006cb0       ?local_array_alloc@@3HA    0048fcb0     fltk:Fl_Menu_add.obj
 0003:00006cb4       ?local_array_size@@3HA     0048fcb4     fltk:Fl_Menu_add.obj
 0003:00006cb8       ?offcenter@?9??handle@Fl_Slider@@IAEHHHHHH@Z@4HA 0048fcb8     fltk:Fl_Slider.obj
 0003:00006cbc       ?image_new@@3VFl_Bitmap@@A 0048fcbc     fltk:Fl_File_Chooser.obj
 0003:00006cf0       ?pathname@?1??value@Fl_File_Chooser@@QAEPBDH@Z@4PADA 0048fcf0     fltk:Fl_File_Chooser2.obj
 0003:000074f8       ?ncolors@@3HA              004904f8     fltk:fl_draw_pixmap.obj
 0003:000074fc       ?chars_per_pixel@@3HA      004904fc     fltk:fl_draw_pixmap.obj
 0003:00007500       ?color_count@@3HA          00490500     fltk:fl_draw_pixmap.obj
 0003:00007504       ?used_colors@@3PAUUsedColor@@A 00490504     fltk:fl_draw_pixmap.obj
 0003:00007508       ?table@?1??XUtf8Toupper@@9@9 00490508     fltk:case.obj
 0003:00007510       ?symbols@@3PAUSYMBOL@@A    00490510     fltk:fl_symbols.obj
 0003:00007ef4       ?beenhere@?1??fl_init_symbols@@YAXXZ@4DA 00490ef4     fltk:fl_symbols.obj
 0003:00007ef8       ?cursor@?1??set_cursor@@YAXPAVFl_Tile@@W4Fl_Cursor@@@Z@4W43@A 00490ef8     fltk:Fl_Tile.obj
 0003:00007efc       ?sdrag@?1??handle@Fl_Tile@@UAEHH@Z@4HA 00490efc     fltk:Fl_Tile.obj
 0003:00007f00       ?sdx@?1??handle@Fl_Tile@@UAEHH@Z@4HA 00490f00     fltk:Fl_Tile.obj
 0003:00007f04       ?sdy@?1??handle@Fl_Tile@@UAEHH@Z@4HA 00490f04     fltk:Fl_Tile.obj
 0003:00007f08       ?sx@?1??handle@Fl_Tile@@UAEHH@Z@4HA 00490f08     fltk:Fl_Tile.obj
 0003:00007f0c       ?sy@?1??handle@Fl_Tile@@UAEHH@Z@4HA 00490f0c     fltk:Fl_Tile.obj
 0003:00007f10       ?change@?1??handle@Fl_Browser_@@UAEHH@Z@4DA 00490f10     fltk:Fl_Browser_.obj
 0003:00007f11       ?whichway@?1??handle@Fl_Browser_@@UAEHH@Z@4DA 00490f11     fltk:Fl_Browser_.obj
 0003:00007f14       ?py@?1??handle@Fl_Browser_@@UAEHH@Z@4HA 00490f14     fltk:Fl_Browser_.obj
 0003:00007f18       ?inButtonBar@?1??handle@Fl_File_Input@@UAEHH@Z@4DA 00490f18     fltk:Fl_File_Input.obj
 0003:00007f38       ?SWAP_TYPE@@3DA            00490f38     fltkgl:Fl_Gl_Window.obj
 0003:00007f40       ?ortho_context@?DG@??flush@Fl_Gl_Window@@UAEXXZ@4PAUHGLRC__@@A 00490f40     fltkgl:Fl_Gl_Window.obj
 0003:00007f44       ?ortho_window@?DG@??flush@Fl_Gl_Window@@UAEXXZ@4PAV2@A 00490f44     fltkgl:Fl_Gl_Window.obj
 0003:00007f48       ?context_list@@3PAPAUHGLRC__@@A 00490f48     fltkgl:Fl_Gl_Choice.obj
 0003:00007f4c       ?nContext@@3HA             00490f4c     fltkgl:Fl_Gl_Choice.obj
 0003:00007f50       ?NContext@@3HA             00490f50     fltkgl:Fl_Gl_Choice.obj
 0003:00007f54       ?first@@3PAVFl_Gl_Choice@@A 00490f54     fltkgl:Fl_Gl_Choice.obj
 0003:00007f58       ?cached_context@@3PAUHGLRC__@@A 00490f58     fltkgl:Fl_Gl_Choice.obj
 0003:00007f5c       ?cached_window@@3PAVFl_Window@@A 00490f5c     fltkgl:Fl_Gl_Choice.obj
 0003:00007f64       ?Gl_Device_Plugin@@3VFl_Gl_Device_Plugin@@A 00490f64     fltkgl:Fl_Gl_Device_Plugin.obj
 0003:00007f6c       ?gl_fontsize@@3PAVFl_Font_Descriptor@@A 00490f6c     fltkgl:gl_draw.obj
 0003:00007f70       ?buf@?1??gl_draw@@YAXPBDH@Z@4PA_WA 00490f70     fltkgl:gl_draw.obj
 0003:00007f74       ?l@?1??gl_draw@@YAXPBDH@Z@4HA 00490f74     fltkgl:gl_draw.obj
 0003:00007f78       _GS_ExceptionRecord        00490f78     MSVCRT:gs_report.obj
 0003:00007fc8       _GS_ContextRecord          00490fc8     MSVCRT:gs_report.obj
 0003:0000829c       ?module_local_atexit_table@@3U_onexit_table_t@@A 0049129c     MSVCRT:utility.obj
 0003:000082a8       ?module_local_at_quick_exit_table@@3U_onexit_table_t@@A 004912a8     MSVCRT:utility.obj
 0003:000082b4       ?is_initialized_as_dll@@3_NA 004912b4     MSVCRT:utility.obj
 0003:000082b8       ?_Tss_mutex@@3U_RTL_CRITICAL_SECTION@@A 004912b8     MSVCRT:thread_safe_statics.obj
 0003:000082d0       ?_Tss_cv@@3U_RTL_CONDITION_VARIABLE@@A 004912d0     MSVCRT:thread_safe_statics.obj
 0003:000082d4       ?_Tss_event@@3PAXA         004912d4     MSVCRT:thread_safe_statics.obj
 0003:000082d8       ?encoded_sleep_condition_variable_cs@@3P6GHPAU_RTL_CONDITION_VARIABLE@@PAU_RTL_CRITICAL_SECTION@@K@ZA 004912d8     MSVCRT:thread_safe_statics.obj
 0003:000082dc       ?encoded_wake_all_condition_variable@@3P6GXPAU_RTL_CONDITION_VARIABLE@@@ZA 004912dc     MSVCRT:thread_safe_statics.obj
 0003:000082fc       ?_Fac_head@std@@3PAU_Fac_node@1@A 004912fc     msvcprt:locale0_implib.obj
 0003:00008300       ?_Fac_tidy_reg@std@@3U_Fac_tidy_reg_t@1@B 00491300     msvcprt:locale0_implib.obj
 0003:00008304       ?mbwbuf@?1??mbcs2utf@@9@9  00491304     fltk:fl_call_main.obj
 0004:00000000       __guard_fids__             00492000     MSVCRT:std_type_info_static.obj
 0004:00000004       __guard_fids__             00492004     MSVCRT:exe_winmain.obj
 0004:00000008       __guard_fids__             00492008     MSVCRT:exe_winmain.obj
 0004:0000000c       __guard_fids__             0049200c     MSVCRT:exe_winmain.obj
 0004:00000010       __guard_fids_?pre_c_initialization@@YAHXZ 00492010     MSVCRT:exe_winmain.obj
 0004:00000018       __guard_fids__             00492018     MSVCRT:thread_safe_statics.obj
 0004:0000001c       __guard_fids_?__scrt_initialize_thread_safe_statics@@YAHXZ 0049201c     MSVCRT:thread_safe_statics.obj
 0004:00000020       __guard_fids__             00492020     MSVCRT:throw_bad_alloc.obj
 0004:00000028       __guard_fids__             00492028     MSVCRT:throw_bad_alloc.obj
 0004:00000030       __guard_fids__             00492030     MSVCRT:throw_bad_alloc.obj
 0004:00000034       __guard_fids__             00492034     MSVCRT:throw_bad_alloc.obj
 0004:00000038       __guard_fids__             00492038     MSVCRT:throw_bad_alloc.obj
 0004:0000003c       __guard_fids__             0049203c     MSVCRT:throw_bad_alloc.obj
 0004:00000040       __guard_fids____scrt_set_unhandled_exception_filter 00492040     MSVCRT:utility_desktop.obj
 0004:00000044       __guard_fids___except_handler4 00492044     MSVCRT:_chandler4gs_.obj
 0004:00000048       __guard_fids__             00492048     MSVCRT:guard_support.obj
 0004:0000004c       __guard_fids___guard_icall_checks_enforced 0049204c     MSVCRT:guard_support.obj
 0004:00000050       __guard_fids_??__E_Fac_tidy_reg@std@@YAXXZ 00492050     msvcprt:locale0_implib.obj
 0004:00000054       __guard_fids__             00492054     msvcprt:locale0_implib.obj
 0006:00000060       $R000000                   00494060     * linker generated manifest res *
