 ray

 Timestamp is 58e47704 (Wed Apr  5 12:48:04 2017)

 Preferred load address is 00400000

 Start         Length     Name                   Class
 0001:00000000 000001e0H .text$di                CODE
 0001:000001e0 00074a00H .text$mn                CODE
 0001:00074be0 00002590H .text$x                 CODE
 0001:00077170 000000d9H .text$yd                CODE
 0002:00000000 000006c0H .idata$5                DATA
 0002:000006c0 00000004H .00cfg                  DATA
 0002:000006c4 00000004H .CRT$XCA                DATA
 0002:000006c8 00000004H .CRT$XCAA               DATA
 0002:000006cc 00000004H .CRT$XCL                DATA
 0002:000006d0 0000002cH .CRT$XCU                DATA
 0002:000006fc 00000004H .CRT$XCZ                DATA
 0002:00000700 00000004H .CRT$XIA                DATA
 0002:00000704 00000004H .CRT$XIAA               DATA
 0002:00000708 00000004H .CRT$XIAC               DATA
 0002:0000070c 00000004H .CRT$XIC                DATA
 0002:00000710 00000004H .CRT$XIZ                DATA
 0002:00000714 00000004H .CRT$XLA                DATA
 0002:00000718 00000004H .CRT$XLZ                DATA
 0002:0000071c 00000004H .CRT$XPA                DATA
 0002:00000720 00000004H .CRT$XPZ                DATA
 0002:00000724 00000004H .CRT$XTA                DATA
 0002:00000728 00000008H .CRT$XTZ                DATA
 0002:00000730 00007dd4H .rdata                  DATA
 0002:00008504 00000018H .rdata$T                DATA
 0002:0000851c 000024fcH .rdata$r                DATA
 0002:0000aa18 000003c4H .rdata$zzzdbg           DATA
 0002:0000addc 00000004H .rtc$IAA                DATA
 0002:0000ade0 00000004H .rtc$IZZ                DATA
 0002:0000ade4 00000004H .rtc$TAA                DATA
 0002:0000ade8 00000008H .rtc$TZZ                DATA
 0002:0000adf0 00002694H .xdata$x                DATA
 0002:0000d484 00000000H .edata                  DATA
 0002:0000d484 000001b8H .idata$2                DATA
 0002:0000d63c 00000014H .idata$3                DATA
 0002:0000d650 000006c0H .idata$4                DATA
 0002:0000dd10 000024a6H .idata$6                DATA
 0003:00000000 00001eb8H .data                   DATA
 0003:00001eb8 00000e80H .data$r                 DATA
 0003:00002d38 000055e0H .bss                    DATA
 0004:00000000 00000058H .gfids$y                DATA
 0005:00000000 00000004H .tls                    DATA
 0005:00000004 00000004H .tls$                   DATA
 0005:00000008 00000001H .tls$ZZZ                DATA
 0006:00000000 00000060H .rsrc$01                DATA
 0006:00000060 00000180H .rsrc$02                DATA

  Address         Publics by Value              Rva+Base       Lib:Object

 0000:00000000       ___guard_fids_table        00000000     <absolute>
 0000:00000000       ___guard_iat_table         00000000     <absolute>
 0000:00000000       ___guard_fids_count        00000000     <absolute>
 0000:00000000       ___safe_se_handler_table   00000000     <absolute>
 0000:00000000       ___safe_se_handler_count   00000000     <absolute>
 0000:00000000       ___dynamic_value_reloc_table 00000000     <absolute>
 0000:00000000       ___guard_longjmp_count     00000000     <absolute>
 0000:00000000       ___guard_iat_count         00000000     <absolute>
 0000:00000000       ___guard_longjmp_table     00000000     <absolute>
 0000:0000002c       __tls_array                0000002c     <absolute>
 0000:00000100       ___guard_flags             00000100     <absolute>
 0000:00000000       ___ImageBase               00400000     <linker-defined>
 0001:000001e0       ?GetOption@@YAHHPAPADPAD0@Z 004011e0 f   getopt.obj
 0001:000002c0       ?getopt@@YAHHPAPADPAD@Z    004012c0 f   getopt.obj
 0001:00000300       ??$__vcrt_va_start_verify_argument_type@QBD@@YAXXZ 00401300 f i main.obj
 0001:00000310       ??_H@YGXPAXIIP6EPAX0@Z@Z   00401310 f i main.obj
 0001:00000340       ?processArgs@@YA_NHPAPAD@Z 00401340 f   main.obj
 0001:00000430       ?usage@@YAXXZ              00401430 f   main.obj
 0001:00000450       ___local_stdio_printf_options 00401450 f i main.obj
 0001:00000460       _fprintf                   00401460 f i main.obj
 0001:00000490       _main                      00401490 f   main.obj
 0001:000006c0       ??$?6U?$char_traits@D@std@@@std@@YAAAV?$basic_ostream@DU?$char_traits@D@std@@@0@AAV10@PBD@Z 004016c0 f i RayTracer.obj
 0001:00000900       ??$endl@DU?$char_traits@D@std@@@std@@YAAAV?$basic_ostream@DU?$char_traits@D@std@@@0@AAV10@@Z 00401900 f i RayTracer.obj
 0001:00000930       ??0RayTracer@@QAE@XZ       00401930 f   RayTracer.obj
 0001:00000970       ??0vec3f@@QAE@XZ           00401970 f i RayTracer.obj
 0001:00000980       ??1?$basic_string@DU?$char_traits@D@std@@V?$allocator@D@2@@std@@QAE@XZ 00401980 f i RayTracer.obj
 0001:000009c0       ??1ParseError@@QAE@XZ      004019c0 f i RayTracer.obj
 0001:00000a00       ??1RayTracer@@QAE@XZ       00401a00 f   RayTracer.obj
 0001:00000a20       ??1_Sentry_base@?$basic_ostream@DU?$char_traits@D@std@@@std@@QAE@XZ 00401a20 f i RayTracer.obj
 0001:00000a70       ??1isect@@QAE@XZ           00401a70 f i RayTracer.obj
 0001:00000a90       ??1sentry@?$basic_ostream@DU?$char_traits@D@std@@@std@@QAE@XZ 00401a90 f i RayTracer.obj
 0001:00000b00       ?_Copy@?$basic_string@DU?$char_traits@D@std@@V?$allocator@D@2@@std@@QAEXII@Z 00401b00 f i RayTracer.obj
 0001:00000cb0       ?_Deallocate@std@@YAXPAXII@Z 00401cb0 f i RayTracer.obj
 0001:00000d20       ?allocate@?$_Wrap_alloc@V?$allocator@D@std@@@std@@QAEPADI@Z 00401d20 f i RayTracer.obj
 0001:00000d80       ?aspectRatio@RayTracer@@QAENXZ 00401d80 f   RayTracer.obj
 0001:00000dc0       ?assign@?$basic_string@DU?$char_traits@D@std@@V?$allocator@D@2@@std@@QAEAAV12@ABV12@II@Z 00401dc0 f i RayTracer.obj
 0001:00000ee0       ?assign@?$basic_string@DU?$char_traits@D@std@@V?$allocator@D@2@@std@@QAEAAV12@PBDI@Z 00401ee0 f i RayTracer.obj
 0001:00000fe0       ?degreeRadian@@YANVvec3f@@0@Z 00401fe0 f   RayTracer.obj
 0001:000010b0       ?erase@?$basic_string@DU?$char_traits@D@std@@V?$allocator@D@2@@std@@QAEAAV12@II@Z 004020b0 f i RayTracer.obj
 0001:00001150       ?getBackgroundColor@RayTracer@@QAE?AVvec3f@@NN@Z 00402150 f   RayTracer.obj
 0001:00001250       ?getBuffer@RayTracer@@QAEXAAPAEAAH1@Z 00402250 f   RayTracer.obj
 0001:00001270       ?getScene@RayTracer@@QAEPAVScene@@XZ 00402270 f   RayTracer.obj
 0001:00001280       ?loadScene@RayTracer@@QAE_NPAD@Z 00402280 f   RayTracer.obj
 0001:000013d0       ?sceneLoaded@RayTracer@@QAE_NXZ 004023d0 f   RayTracer.obj
 0001:000013e0       ?setBackgroundImg@RayTracer@@QAEXPAE@Z 004023e0 f   RayTracer.obj
 0001:000013f0       ?setDepthLimit@RayTracer@@QAEXH@Z 004023f0 f   RayTracer.obj
 0001:00001410       ?setUI@RayTracer@@QAEXPAVTraceUI@@@Z 00402410 f   RayTracer.obj
 0001:00001420       ?trace@RayTracer@@QAE?AVvec3f@@PAVScene@@NN@Z 00402420 f   RayTracer.obj
 0001:00001530       ?traceLines@RayTracer@@QAEXHH@Z 00402530 f   RayTracer.obj
 0001:000019a0       ?tracePixel@RayTracer@@QAEXHH@Z 004029a0 f   RayTracer.obj
 0001:00001d80       ?traceRay@RayTracer@@QAE?AVvec3f@@PAVScene@@ABVray@@ABV2@H_NNN@Z 00402d80 f   RayTracer.obj
 0001:000024e0       ?traceSetup@RayTracer@@QAEXHH@Z 004034e0 f   RayTracer.obj
 0001:00002540       ??0TraceGLWindow@@QAE@HHHHPBD@Z 00403540 f   TraceGLWindow.obj
 0001:000025c0       ??_EFl_Gl_Window@@UAEPAXI@Z 004035c0 f i TraceGLWindow.obj
 0001:000025c0       ??_GFl_Gl_Window@@UAEPAXI@Z 004035c0 f i TraceGLWindow.obj
 0001:000025f0       ??_ETraceGLWindow@@UAEPAXI@Z 004035f0 f i TraceGLWindow.obj
 0001:000025f0       ??_GTraceGLWindow@@UAEPAXI@Z 004035f0 f i TraceGLWindow.obj
 0001:00002620       ?as_gl_window@Fl_Gl_Window@@UAEPAV1@XZ 00403620 f i TraceGLWindow.obj
 0001:00002630       ?as_group@Fl_Group@@UAEPAV1@XZ 00403630 f i TraceGLWindow.obj
 0001:00002640       ?as_window@Fl_Window@@UAEPAV1@XZ 00403640 f i TraceGLWindow.obj
 0001:00002650       ?draw@TraceGLWindow@@UAEXXZ 00403650 f   TraceGLWindow.obj
 0001:00002730       ?handle@TraceGLWindow@@UAEHH@Z 00403730 f   TraceGLWindow.obj
 0001:00002740       ?refresh@TraceGLWindow@@QAEXXZ 00403740 f   TraceGLWindow.obj
 0001:00002750       ?resizeWindow@TraceGLWindow@@QAEXHH@Z 00403750 f   TraceGLWindow.obj
 0001:00002780       ?saveImage@TraceGLWindow@@QAEXPAD@Z 00403780 f   TraceGLWindow.obj
 0001:000027d0       ?setRayTracer@TraceGLWindow@@QAEXPAVRayTracer@@@Z 004037d0 f   TraceGLWindow.obj
 0001:000027e0       ?cb_load_scene@TraceUI@@CAXPAVFl_Menu_@@PAX@Z 004037e0 f   TraceUI.obj
 0001:000028c0       ?cb_save_image@TraceUI@@CAXPAVFl_Menu_@@PAX@Z 004038c0 f   TraceUI.obj
 0001:00002900       ?cb_load_background@TraceUI@@CAXPAVFl_Menu_@@PAX@Z 00403900 f   TraceUI.obj
 0001:00002980       ?cb_exit@TraceUI@@CAXPAVFl_Menu_@@PAX@Z 00403980 f   TraceUI.obj
 0001:000029b0       ?cb_about@TraceUI@@CAXPAVFl_Menu_@@PAX@Z 004039b0 f   TraceUI.obj
 0001:000029c0       ??0TraceUI@@QAE@XZ         004039c0 f   TraceUI.obj
 0001:000030f0       ?cb_constAttenSlides@TraceUI@@CAXPAVFl_Widget@@PAX@Z 004040f0 f   TraceUI.obj
 0001:00003130       ?cb_depthSlides@TraceUI@@CAXPAVFl_Widget@@PAX@Z 00404130 f   TraceUI.obj
 0001:00003160       ?cb_enableAntialiasing@TraceUI@@CAXPAVFl_Widget@@PAX@Z 00404160 f   TraceUI.obj
 0001:00003180       ?cb_enableBackground@TraceUI@@CAXPAVFl_Widget@@PAX@Z 00404180 f   TraceUI.obj
 0001:000031a0       ?cb_exit2@TraceUI@@CAXPAVFl_Widget@@PAX@Z 004041a0 f   TraceUI.obj
 0001:000031d0       ?cb_linearAttenSlides@TraceUI@@CAXPAVFl_Widget@@PAX@Z 004041d0 f   TraceUI.obj
 0001:00003210       ?cb_numSubPixelsSlides@TraceUI@@CAXPAVFl_Widget@@PAX@Z 00404210 f   TraceUI.obj
 0001:00003230       ?cb_quadAttenSlides@TraceUI@@CAXPAVFl_Widget@@PAX@Z 00404230 f   TraceUI.obj
 0001:00003270       ?cb_render@TraceUI@@CAXPAVFl_Widget@@PAX@Z 00404270 f   TraceUI.obj
 0001:000034b0       ?cb_sizeSlides@TraceUI@@CAXPAVFl_Widget@@PAX@Z 004044b0 f   TraceUI.obj
 0001:00003500       ?cb_stop@TraceUI@@CAXPAVFl_Widget@@PAX@Z 00404500 f   TraceUI.obj
 0001:00003510       ?getDepth@TraceUI@@QAEHXZ  00404510 f   TraceUI.obj
 0001:00003520       ?getEnableAntialiasing@TraceUI@@QAE_NXZ 00404520 f   TraceUI.obj
 0001:00003530       ?getEnableBackground@TraceUI@@QAE_NXZ 00404530 f   TraceUI.obj
 0001:00003540       ?getNumSubpixels@TraceUI@@QAEHXZ 00404540 f   TraceUI.obj
 0001:00003550       ?getSize@TraceUI@@QAEHXZ   00404550 f   TraceUI.obj
 0001:00003560       ?setRayTracer@TraceUI@@QAEXPAVRayTracer@@@Z 00404560 f   TraceUI.obj
 0001:00003580       ?show@TraceUI@@QAEXXZ      00404580 f   TraceUI.obj
 0001:00003590       ?whoami@TraceUI@@CAPAV1@PAVFl_Menu_@@@Z 00404590 f   TraceUI.obj
 0001:000035a0       _sprintf                   004045a0 f i TraceUI.obj
 0001:000035e0       ?readBMP@@YAPAEPADAAH1@Z   004045e0 f   bitmap.obj
 0001:00003750       ?writeBMP@@YAXPADHHPAE@Z   00404750 f   bitmap.obj
 0001:000038e0       ??$?0U?$_Wrap_alloc@V?$allocator@U?$_Tree_node@U?$pair@$$CBV?$basic_string@DU?$char_traits@D@std@@V?$allocator@D@2@@std@@PAVObj@@@std@@PAX@std@@@std@@@std@@@?$_Tree@V?$_Tmap_traits@V?$basic_string@DU?$char_traits@D@std@@V?$allocator@D@2@@std@@PAVObj@@U?$less@V?$basic_string@DU?$char_traits@D@std@@V?$allocator@D@2@@std@@@2@V?$allocator@U?$pair@$$CBV?$basic_string@DU?$char_traits@D@std@@V?$allocator@D@2@@std@@PAVObj@@@std@@@2@$0A@@std@@@std@@QAE@ABV01@$$QAU?$_Wrap_alloc@V?$allocator@U?$_Tree_node@U?$pair@$$CBV?$basic_string@DU?$char_traits@D@std@@V?$allocator@D@2@@std@@PAVObj@@@std@@PAX@std@@@std@@@1@@Z 004048e0 f i parse.obj
 0001:00003970       ??$?6DU?$char_traits@D@std@@V?$allocator@D@1@@std@@YAAAV?$basic_ostream@DU?$char_traits@D@std@@@0@AAV10@ABV?$basic_string@DU?$char_traits@D@std@@V?$allocator@D@2@@0@@Z 00404970 f i parse.obj
 0001:00003b70       ??$?6U?$char_traits@D@std@@@std@@YAAAV?$basic_ostream@DU?$char_traits@D@std@@@0@AAV10@D@Z 00404b70 f i parse.obj
 0001:00003d80       ??$?8DU?$char_traits@D@std@@V?$allocator@D@1@@std@@YA_NABV?$basic_string@DU?$char_traits@D@std@@V?$allocator@D@2@@0@PBD@Z 00404d80 f i parse.obj
 0001:00003df0       ??$?HDU?$char_traits@D@std@@V?$allocator@D@1@@std@@YA?AV?$basic_string@DU?$char_traits@D@std@@V?$allocator@D@2@@0@$$QAV10@0@Z 00404df0 f i parse.obj
 0001:00003e60       ??$?HDU?$char_traits@D@std@@V?$allocator@D@1@@std@@YA?AV?$basic_string@DU?$char_traits@D@std@@V?$allocator@D@2@@0@$$QAV10@ABV10@@Z 00404e60 f i parse.obj
 0001:00003ea0       ??$_Buynode@AAU?$pair@$$CBV?$basic_string@DU?$char_traits@D@std@@V?$allocator@D@2@@std@@PAVObj@@@std@@@?$_Tree_comp_alloc@V?$_Tmap_traits@V?$basic_string@DU?$char_traits@D@std@@V?$allocator@D@2@@std@@PAVObj@@U?$less@V?$basic_string@DU?$char_traits@D@std@@V?$allocator@D@2@@std@@@2@V?$allocator@U?$pair@$$CBV?$basic_string@DU?$char_traits@D@std@@V?$allocator@D@2@@std@@PAVObj@@@std@@@2@$0A@@std@@@std@@QAEPAU?$_Tree_node@U?$pair@$$CBV?$basic_string@DU?$char_traits@D@std@@V?$allocator@D@2@@std@@PAVObj@@@std@@PAX@1@AAU?$pair@$$CBV?$basic_string@DU?$char_traits@D@std@@V?$allocator@D@2@@std@@PAVObj@@@1@@Z 00404ea0 f i parse.obj
 0001:00003f60       ??$_Buynode@ABUpiecewise_construct_t@std@@V?$tuple@ABV?$basic_string@DU?$char_traits@D@std@@V?$allocator@D@2@@std@@@2@V?$tuple@$$V@2@@?$_Tree_comp_alloc@V?$_Tmap_traits@V?$basic_string@DU?$char_traits@D@std@@V?$allocator@D@2@@std@@PAVObj@@U?$less@V?$basic_string@DU?$char_traits@D@std@@V?$allocator@D@2@@std@@@2@V?$allocator@U?$pair@$$CBV?$basic_string@DU?$char_traits@D@std@@V?$allocator@D@2@@std@@PAVObj@@@std@@@2@$0A@@std@@@std@@QAEPAU?$_Tree_node@U?$pair@$$CBV?$basic_string@DU?$char_traits@D@std@@V?$allocator@D@2@@std@@PAVObj@@@std@@PAX@1@ABUpiecewise_construct_t@1@$$QAV?$tuple@ABV?$basic_string@DU?$char_traits@D@std@@V?$allocator@D@2@@std@@@1@$$QAV?$tuple@$$V@1@@Z 00404f60 f i parse.obj
 0001:00004020       ??$_Copy@U_Copy_tag@?$_Tree@V?$_Tmap_traits@V?$basic_string@DU?$char_traits@D@std@@V?$allocator@D@2@@std@@PAVObj@@U?$less@V?$basic_string@DU?$char_traits@D@std@@V?$allocator@D@2@@std@@@2@V?$allocator@U?$pair@$$CBV?$basic_string@DU?$char_traits@D@std@@V?$allocator@D@2@@std@@PAVObj@@@std@@@2@$0A@@std@@@std@@@?$_Tree@V?$_Tmap_traits@V?$basic_string@DU?$char_traits@D@std@@V?$allocator@D@2@@std@@PAVObj@@U?$less@V?$basic_string@DU?$char_traits@D@std@@V?$allocator@D@2@@std@@@2@V?$allocator@U?$pair@$$CBV?$basic_string@DU?$char_traits@D@std@@V?$allocator@D@2@@std@@PAVObj@@@std@@@2@$0A@@std@@@std@@IAEXABV01@U_Copy_tag@01@@Z 00405020 f i parse.obj
 0001:000040a0       ??$_Copy_nodes@U_Copy_tag@?$_Tree@V?$_Tmap_traits@V?$basic_string@DU?$char_traits@D@std@@V?$allocator@D@2@@std@@PAVObj@@U?$less@V?$basic_string@DU?$char_traits@D@std@@V?$allocator@D@2@@std@@@2@V?$allocator@U?$pair@$$CBV?$basic_string@DU?$char_traits@D@std@@V?$allocator@D@2@@std@@PAVObj@@@std@@@2@$0A@@std@@@std@@@?$_Tree@V?$_Tmap_traits@V?$basic_string@DU?$char_traits@D@std@@V?$allocator@D@2@@std@@PAVObj@@U?$less@V?$basic_string@DU?$char_traits@D@std@@V?$allocator@D@2@@std@@@2@V?$allocator@U?$pair@$$CBV?$basic_string@DU?$char_traits@D@std@@V?$allocator@D@2@@std@@PAVObj@@@std@@@2@$0A@@std@@@std@@IAEPAU?$_Tree_node@U?$pair@$$CBV?$basic_string@DU?$char_traits@D@std@@V?$allocator@D@2@@std@@PAVObj@@@std@@PAX@1@PAU21@0U_Copy_tag@01@@Z 004050a0 f i parse.obj
 0001:00004160       ??$_Insert_at@AAU?$pair@$$CBV?$basic_string@DU?$char_traits@D@std@@V?$allocator@D@2@@std@@PAVObj@@@std@@PAU?$_Tree_node@U?$pair@$$CBV?$basic_string@DU?$char_traits@D@std@@V?$allocator@D@2@@std@@PAVObj@@@std@@PAX@2@@?$_Tree@V?$_Tmap_traits@V?$basic_string@DU?$char_traits@D@std@@V?$allocator@D@2@@std@@PAVObj@@U?$less@V?$basic_string@DU?$char_traits@D@std@@V?$allocator@D@2@@std@@@2@V?$allocator@U?$pair@$$CBV?$basic_string@DU?$char_traits@D@std@@V?$allocator@D@2@@std@@PAVObj@@@std@@@2@$0A@@std@@@std@@IAE?AV?$_Tree_iterator@V?$_Tree_val@U?$_Tree_simple_types@U?$pair@$$CBV?$basic_string@DU?$char_traits@D@std@@V?$allocator@D@2@@std@@PAVObj@@@std@@@std@@@std@@@1@_NPAU?$_Tree_node@U?$pair@$$CBV?$basic_string@DU?$char_traits@D@std@@V?$allocator@D@2@@std@@PAVObj@@@std@@PAX@1@AAU?$pair@$$CBV?$basic_string@DU?$char_traits@D@std@@V?$allocator@D@2@@std@@PAVObj@@@1@1@Z 00405160 f i parse.obj
 0001:00004330       ??$_Insert_hint@AAU?$pair@$$CBV?$basic_string@DU?$char_traits@D@std@@V?$allocator@D@2@@std@@PAVObj@@@std@@PAU?$_Tree_node@U?$pair@$$CBV?$basic_string@DU?$char_traits@D@std@@V?$allocator@D@2@@std@@PAVObj@@@std@@PAX@2@@?$_Tree@V?$_Tmap_traits@V?$basic_string@DU?$char_traits@D@std@@V?$allocator@D@2@@std@@PAVObj@@U?$less@V?$basic_string@DU?$char_traits@D@std@@V?$allocator@D@2@@std@@@2@V?$allocator@U?$pair@$$CBV?$basic_string@DU?$char_traits@D@std@@V?$allocator@D@2@@std@@PAVObj@@@std@@@2@$0A@@std@@@std@@IAE?AV?$_Tree_iterator@V?$_Tree_val@U?$_Tree_simple_types@U?$pair@$$CBV?$basic_string@DU?$char_traits@D@std@@V?$allocator@D@2@@std@@PAVObj@@@std@@@std@@@std@@@1@V?$_Tree_const_iterator@V?$_Tree_val@U?$_Tree_simple_types@U?$pair@$$CBV?$basic_string@DU?$char_traits@D@std@@V?$allocator@D@2@@std@@PAVObj@@@std@@@std@@@std@@@1@AAU?$pair@$$CBV?$basic_string@DU?$char_traits@D@std@@V?$allocator@D@2@@std@@PAVObj@@@1@PAU?$_Tree_node@U?$pair@$$CBV?$basic_string@DU?$char_traits@D@std@@V?$allocator@D@2@@std@@PAVObj@@@std@@PAX@1@@Z 00405330 f i parse.obj
 0001:00004590       ??$_Insert_nohint@AAU?$pair@$$CBV?$basic_string@DU?$char_traits@D@std@@V?$allocator@D@2@@std@@PAVObj@@@std@@PAU?$_Tree_node@U?$pair@$$CBV?$basic_string@DU?$char_traits@D@std@@V?$allocator@D@2@@std@@PAVObj@@@std@@PAX@2@@?$_Tree@V?$_Tmap_traits@V?$basic_string@DU?$char_traits@D@std@@V?$allocator@D@2@@std@@PAVObj@@U?$less@V?$basic_string@DU?$char_traits@D@std@@V?$allocator@D@2@@std@@@2@V?$allocator@U?$pair@$$CBV?$basic_string@DU?$char_traits@D@std@@V?$allocator@D@2@@std@@PAVObj@@@std@@@2@$0A@@std@@@std@@IAE?AU?$pair@V?$_Tree_iterator@V?$_Tree_val@U?$_Tree_simple_types@U?$pair@$$CBV?$basic_string@DU?$char_traits@D@std@@V?$allocator@D@2@@std@@PAVObj@@@std@@@std@@@std@@@std@@_N@1@_NAAU?$pair@$$CBV?$basic_string@DU?$char_traits@D@std@@V?$allocator@D@2@@std@@PAVObj@@@1@PAU?$_Tree_node@U?$pair@$$CBV?$basic_string@DU?$char_traits@D@std@@V?$allocator@D@2@@std@@PAVObj@@@std@@PAX@1@@Z 00405590 f i parse.obj
 0001:00004800       ??$_Lbound@V?$basic_string@DU?$char_traits@D@std@@V?$allocator@D@2@@std@@@?$_Tree@V?$_Tmap_traits@V?$basic_string@DU?$char_traits@D@std@@V?$allocator@D@2@@std@@PAVObj@@U?$less@V?$basic_string@DU?$char_traits@D@std@@V?$allocator@D@2@@std@@@2@V?$allocator@U?$pair@$$CBV?$basic_string@DU?$char_traits@D@std@@V?$allocator@D@2@@std@@PAVObj@@@std@@@2@$0A@@std@@@std@@IBEPAU?$_Tree_node@U?$pair@$$CBV?$basic_string@DU?$char_traits@D@std@@V?$allocator@D@2@@std@@PAVObj@@@std@@PAX@1@ABV?$basic_string@DU?$char_traits@D@std@@V?$allocator@D@2@@1@@Z 00405800 f i parse.obj
 0001:000048e0       ??$_Try_emplace@ABV?$basic_string@DU?$char_traits@D@std@@V?$allocator@D@2@@std@@$$V@?$map@V?$basic_string@DU?$char_traits@D@std@@V?$allocator@D@2@@std@@PAVObj@@U?$less@V?$basic_string@DU?$char_traits@D@std@@V?$allocator@D@2@@std@@@2@V?$allocator@U?$pair@$$CBV?$basic_string@DU?$char_traits@D@std@@V?$allocator@D@2@@std@@PAVObj@@@std@@@2@@std@@QAE?AU?$pair@V?$_Tree_iterator@V?$_Tree_val@U?$_Tree_simple_types@U?$pair@$$CBV?$basic_string@DU?$char_traits@D@std@@V?$allocator@D@2@@std@@PAVObj@@@std@@@std@@@std@@@std@@_N@1@ABV?$basic_string@DU?$char_traits@D@std@@V?$allocator@D@2@@1@@Z 004058e0 f i parse.obj
 0001:00004990       ??0?$basic_string@DU?$char_traits@D@std@@V?$allocator@D@2@@std@@QAE@PBD@Z 00405990 f i parse.obj
 0001:000049f0       ??0?$vector@PAVObj@@V?$allocator@PAVObj@@@std@@@std@@QAE@ABV01@@Z 004059f0 f i parse.obj
 0001:00004a80       ??0Exception@@QAE@ABV0@@Z  00405a80 f i parse.obj
 0001:00004ab0       ??0IdObj@@QAE@ABV?$basic_string@DU?$char_traits@D@std@@V?$allocator@D@2@@std@@@Z 00405ab0 f i parse.obj
 0001:00004b20       ??0NamedObj@@QAE@ABV?$basic_string@DU?$char_traits@D@std@@V?$allocator@D@2@@std@@PAVObj@@@Z 00405b20 f i parse.obj
 0001:00004b90       ??0ObjTypeMismatch@@QAE@ABV0@@Z 00405b90 f i parse.obj
 0001:00004bc0       ??0ObjTypeMismatch@@QAE@V?$basic_string@DU?$char_traits@D@std@@V?$allocator@D@2@@std@@0@Z 00405bc0 f i parse.obj
 0001:00004e70       ??0ParseError@@QAE@ABV0@@Z 00405e70 f i parse.obj
 0001:00004ea0       ??1?$_Tree_comp_alloc@V?$_Tmap_traits@V?$basic_string@DU?$char_traits@D@std@@V?$allocator@D@2@@std@@PAVObj@@U?$less@V?$basic_string@DU?$char_traits@D@std@@V?$allocator@D@2@@std@@@2@V?$allocator@U?$pair@$$CBV?$basic_string@DU?$char_traits@D@std@@V?$allocator@D@2@@std@@PAVObj@@@std@@@2@$0A@@std@@@std@@QAE@XZ 00405ea0 f i parse.obj
 0001:00004eb0       ??1?$map@V?$basic_string@DU?$char_traits@D@std@@V?$allocator@D@2@@std@@PAVObj@@U?$less@V?$basic_string@DU?$char_traits@D@std@@V?$allocator@D@2@@std@@@2@V?$allocator@U?$pair@$$CBV?$basic_string@DU?$char_traits@D@std@@V?$allocator@D@2@@std@@PAVObj@@@std@@@2@@std@@QAE@XZ 00405eb0 f i parse.obj
 0001:00004f10       ??1?$vector@PAVObj@@V?$allocator@PAVObj@@@std@@@std@@QAE@XZ 00405f10 f i parse.obj
 0001:00004f50       ??1BooleanObj@@UAE@XZ      00405f50 f i parse.obj
 0001:00004f60       ??1DictObj@@UAE@XZ         00405f60 f i parse.obj
 0001:00005030       ??1IdObj@@UAE@XZ           00406030 f i parse.obj
 0001:00005080       ??1NamedObj@@UAE@XZ        00406080 f i parse.obj
 0001:000050e0       ??1Obj@@UAE@XZ             004060e0 f i parse.obj
 0001:000050f0       ??1ObjTypeMismatch@@QAE@XZ 004060f0 f i parse.obj
 0001:00005130       ??1ScalarObj@@UAE@XZ       00406130 f i parse.obj
 0001:00005140       ??1StringObj@@UAE@XZ       00406140 f i parse.obj
 0001:00005190       ??1TupleObj@@UAE@XZ        00406190 f i parse.obj
 0001:00005240       ??3@YAXPAX0@Z              00406240 f i parse.obj
 0001:00005250       ??E?$_Tree_unchecked_const_iterator@V?$_Tree_val@U?$_Tree_simple_types@U?$pair@$$CBV?$basic_string@DU?$char_traits@D@std@@V?$allocator@D@2@@std@@PAVObj@@@std@@@std@@@std@@U_Iterator_base0@2@@std@@QAEAAV01@XZ 00406250 f i parse.obj
 0001:000052a0       ??F?$_Tree_unchecked_const_iterator@V?$_Tree_val@U?$_Tree_simple_types@U?$pair@$$CBV?$basic_string@DU?$char_traits@D@std@@V?$allocator@D@2@@std@@PAVObj@@@std@@@std@@@std@@U_Iterator_base0@2@@std@@QAEAAV01@XZ 004062a0 f i parse.obj
 0001:00005300       ??R?$less@V?$basic_string@DU?$char_traits@D@std@@V?$allocator@D@2@@std@@@std@@QBE_NABV?$basic_string@DU?$char_traits@D@std@@V?$allocator@D@2@@1@0@Z 00406300 f i parse.obj
 0001:00005360       ??_GBooleanObj@@UAEPAXI@Z  00406360 f i parse.obj
 0001:00005360       ??_EBooleanObj@@UAEPAXI@Z  00406360 f i parse.obj
 0001:00005390       ??_EDictObj@@UAEPAXI@Z     00406390 f i parse.obj
 0001:00005390       ??_GDictObj@@UAEPAXI@Z     00406390 f i parse.obj
 0001:000053c0       ??_GIdObj@@UAEPAXI@Z       004063c0 f i parse.obj
 0001:000053c0       ??_EIdObj@@UAEPAXI@Z       004063c0 f i parse.obj
 0001:00005420       ??_ENamedObj@@UAEPAXI@Z    00406420 f i parse.obj
 0001:00005420       ??_GNamedObj@@UAEPAXI@Z    00406420 f i parse.obj
 0001:00005450       ??_GObj@@UAEPAXI@Z         00406450 f i parse.obj
 0001:00005450       ??_EObj@@UAEPAXI@Z         00406450 f i parse.obj
 0001:00005480       ??_GScalarObj@@UAEPAXI@Z   00406480 f i parse.obj
 0001:00005480       ??_EScalarObj@@UAEPAXI@Z   00406480 f i parse.obj
 0001:000054b0       ??_GStringObj@@UAEPAXI@Z   004064b0 f i parse.obj
 0001:000054b0       ??_EStringObj@@UAEPAXI@Z   004064b0 f i parse.obj
 0001:00005510       ??_GTupleObj@@UAEPAXI@Z    00406510 f i parse.obj
 0001:00005510       ??_ETupleObj@@UAEPAXI@Z    00406510 f i parse.obj
 0001:00005540       ?_Assign_rv@?$basic_string@DU?$char_traits@D@std@@V?$allocator@D@2@@std@@QAEX$$QAV12@@Z 00406540 f i parse.obj
 0001:000055b0       ?_Buyheadnode@?$_Tree_comp_alloc@V?$_Tmap_traits@V?$basic_string@DU?$char_traits@D@std@@V?$allocator@D@2@@std@@PAVObj@@U?$less@V?$basic_string@DU?$char_traits@D@std@@V?$allocator@D@2@@std@@@2@V?$allocator@U?$pair@$$CBV?$basic_string@DU?$char_traits@D@std@@V?$allocator@D@2@@std@@PAVObj@@@std@@@2@$0A@@std@@@std@@QAEPAU?$_Tree_node@U?$pair@$$CBV?$basic_string@DU?$char_traits@D@std@@V?$allocator@D@2@@std@@PAVObj@@@std@@PAX@2@XZ 004065b0 f i parse.obj
 0001:000055e0       ?_Buynode0@?$_Tree_comp_alloc@V?$_Tmap_traits@V?$basic_string@DU?$char_traits@D@std@@V?$allocator@D@2@@std@@PAVObj@@U?$less@V?$basic_string@DU?$char_traits@D@std@@V?$allocator@D@2@@std@@@2@V?$allocator@U?$pair@$$CBV?$basic_string@DU?$char_traits@D@std@@V?$allocator@D@2@@std@@PAVObj@@@std@@@2@$0A@@std@@@std@@QAEPAU?$_Tree_node@U?$pair@$$CBV?$basic_string@DU?$char_traits@D@std@@V?$allocator@D@2@@std@@PAVObj@@@std@@PAX@2@XZ 004065e0 f i parse.obj
 0001:00005620       ?_Chassign@?$basic_string@DU?$char_traits@D@std@@V?$allocator@D@2@@std@@QAEXIID@Z 00406620 f i parse.obj
 0001:00005670       ?_Destroy_if_not_nil@?$_Tree@V?$_Tmap_traits@V?$basic_string@DU?$char_traits@D@std@@V?$allocator@D@2@@std@@PAVObj@@U?$less@V?$basic_string@DU?$char_traits@D@std@@V?$allocator@D@2@@std@@@2@V?$allocator@U?$pair@$$CBV?$basic_string@DU?$char_traits@D@std@@V?$allocator@D@2@@std@@PAVObj@@@std@@@2@$0A@@std@@@std@@IAEXPAU?$_Tree_node@U?$pair@$$CBV?$basic_string@DU?$char_traits@D@std@@V?$allocator@D@2@@std@@PAVObj@@@std@@PAX@2@@Z 00406670 f i parse.obj
 0001:000056c0       ?_Erase@?$_Tree@V?$_Tmap_traits@V?$basic_string@DU?$char_traits@D@std@@V?$allocator@D@2@@std@@PAVObj@@U?$less@V?$basic_string@DU?$char_traits@D@std@@V?$allocator@D@2@@std@@@2@V?$allocator@U?$pair@$$CBV?$basic_string@DU?$char_traits@D@std@@V?$allocator@D@2@@std@@PAVObj@@@std@@@2@$0A@@std@@@std@@IAEXPAU?$_Tree_node@U?$pair@$$CBV?$basic_string@DU?$char_traits@D@std@@V?$allocator@D@2@@std@@PAVObj@@@std@@PAX@2@@Z 004066c0 f i parse.obj
 0001:00005770       ?_Lrotate@?$_Tree@V?$_Tmap_traits@V?$basic_string@DU?$char_traits@D@std@@V?$allocator@D@2@@std@@PAVObj@@U?$less@V?$basic_string@DU?$char_traits@D@std@@V?$allocator@D@2@@std@@@2@V?$allocator@U?$pair@$$CBV?$basic_string@DU?$char_traits@D@std@@V?$allocator@D@2@@std@@PAVObj@@@std@@@2@$0A@@std@@@std@@IAEXPAU?$_Tree_node@U?$pair@$$CBV?$basic_string@DU?$char_traits@D@std@@V?$allocator@D@2@@std@@PAVObj@@@std@@PAX@2@@Z 00406770 f i parse.obj
 0001:000057d0       ?_Reallocate@?$vector@PAVObj@@V?$allocator@PAVObj@@@std@@@std@@IAEXI@Z 004067d0 f i parse.obj
 0001:00005830       ?_Reserve@?$vector@PAVObj@@V?$allocator@PAVObj@@@std@@@std@@IAEXI@Z 00406830 f i parse.obj
 0001:000058a0       ?_Rrotate@?$_Tree@V?$_Tmap_traits@V?$basic_string@DU?$char_traits@D@std@@V?$allocator@D@2@@std@@PAVObj@@U?$less@V?$basic_string@DU?$char_traits@D@std@@V?$allocator@D@2@@std@@@2@V?$allocator@U?$pair@$$CBV?$basic_string@DU?$char_traits@D@std@@V?$allocator@D@2@@std@@PAVObj@@@std@@@2@$0A@@std@@@std@@IAEXPAU?$_Tree_node@U?$pair@$$CBV?$basic_string@DU?$char_traits@D@std@@V?$allocator@D@2@@std@@PAVObj@@@std@@PAX@2@@Z 004068a0 f i parse.obj
 0001:00005900       ?allocate@?$allocator@PAVObj@@@std@@QAEPAPAVObj@@I@Z 00406900 f i parse.obj
 0001:00005970       ?append@?$basic_string@DU?$char_traits@D@std@@V?$allocator@D@2@@std@@QAEAAV12@ABV12@II@Z 00406970 f i parse.obj
 0001:00005a60       ?append@?$basic_string@DU?$char_traits@D@std@@V?$allocator@D@2@@std@@QAEAAV12@ID@Z 00406a60 f i parse.obj
 0001:00005b10       ?compare@?$char_traits@D@std@@SAHPBD0I@Z 00406b10 f i parse.obj
 0001:00005dc0       ?erase@?$_Tree@V?$_Tmap_traits@V?$basic_string@DU?$char_traits@D@std@@V?$allocator@D@2@@std@@PAVObj@@U?$less@V?$basic_string@DU?$char_traits@D@std@@V?$allocator@D@2@@std@@@2@V?$allocator@U?$pair@$$CBV?$basic_string@DU?$char_traits@D@std@@V?$allocator@D@2@@std@@PAVObj@@@std@@@2@$0A@@std@@@std@@QAE?AV?$_Tree_iterator@V?$_Tree_val@U?$_Tree_simple_types@U?$pair@$$CBV?$basic_string@DU?$char_traits@D@std@@V?$allocator@D@2@@std@@PAVObj@@@std@@@std@@@std@@@2@V?$_Tree_const_iterator@V?$_Tree_val@U?$_Tree_simple_types@U?$pair@$$CBV?$basic_string@DU?$char_traits@D@std@@V?$allocator@D@2@@std@@PAVObj@@@std@@@std@@@std@@@2@0@Z 00406dc0 f i parse.obj
 0001:00005eb0       ?erase@?$_Tree@V?$_Tmap_traits@V?$basic_string@DU?$char_traits@D@std@@V?$allocator@D@2@@std@@PAVObj@@U?$less@V?$basic_string@DU?$char_traits@D@std@@V?$allocator@D@2@@std@@@2@V?$allocator@U?$pair@$$CBV?$basic_string@DU?$char_traits@D@std@@V?$allocator@D@2@@std@@PAVObj@@@std@@@2@$0A@@std@@@std@@QAE?AV?$_Tree_iterator@V?$_Tree_val@U?$_Tree_simple_types@U?$pair@$$CBV?$basic_string@DU?$char_traits@D@std@@V?$allocator@D@2@@std@@PAVObj@@@std@@@std@@@std@@@2@V?$_Tree_const_iterator@V?$_Tree_val@U?$_Tree_simple_types@U?$pair@$$CBV?$basic_string@DU?$char_traits@D@std@@V?$allocator@D@2@@std@@PAVObj@@@std@@@std@@@std@@@2@@Z 00406eb0 f i parse.obj
 0001:000061a0       ?getBoolean@BooleanObj@@UBE_NXZ 004071a0 f i parse.obj
 0001:000061b0       ?getBoolean@Obj@@UBE_NXZ   004071b0 f i parse.obj
 0001:00006240       ?getChild@NamedObj@@UBEPAVObj@@XZ 00407240 f i parse.obj
 0001:00006250       ?getChild@Obj@@UBEPAV1@XZ  00407250 f i parse.obj
 0001:000062e0       ?getDict@DictObj@@UBEABV?$map@V?$basic_string@DU?$char_traits@D@std@@V?$allocator@D@2@@std@@PAVObj@@U?$less@V?$basic_string@DU?$char_traits@D@std@@V?$allocator@D@2@@std@@@2@V?$allocator@U?$pair@$$CBV?$basic_string@DU?$char_traits@D@std@@V?$allocator@D@2@@std@@PAVObj@@@std@@@2@@std@@XZ 004072e0 f i parse.obj
 0001:000062f0       ?getDict@Obj@@UBEABV?$map@V?$basic_string@DU?$char_traits@D@std@@V?$allocator@D@2@@std@@PAVObj@@U?$less@V?$basic_string@DU?$char_traits@D@std@@V?$allocator@D@2@@std@@@2@V?$allocator@U?$pair@$$CBV?$basic_string@DU?$char_traits@D@std@@V?$allocator@D@2@@std@@PAVObj@@@std@@@2@@std@@XZ 004072f0 f i parse.obj
 0001:00006380       ?getID@IdObj@@UBE?AV?$basic_string@DU?$char_traits@D@std@@V?$allocator@D@2@@std@@XZ 00407380 f i parse.obj
 0001:000063c0       ?getID@Obj@@UBE?AV?$basic_string@DU?$char_traits@D@std@@V?$allocator@D@2@@std@@XZ 004073c0 f i parse.obj
 0001:00006450       ?getName@NamedObj@@UBE?AV?$basic_string@DU?$char_traits@D@std@@V?$allocator@D@2@@std@@XZ 00407450 f i parse.obj
 0001:00006490       ?getName@Obj@@UBE?AV?$basic_string@DU?$char_traits@D@std@@V?$allocator@D@2@@std@@XZ 00407490 f i parse.obj
 0001:00006520       ?getScalar@Obj@@UBENXZ     00407520 f i parse.obj
 0001:000065b0       ?getScalar@ScalarObj@@UBENXZ 004075b0 f i parse.obj
 0001:000065c0       ?getString@Obj@@UBE?AV?$basic_string@DU?$char_traits@D@std@@V?$allocator@D@2@@std@@XZ 004075c0 f i parse.obj
 0001:00006650       ?getString@StringObj@@UBE?AV?$basic_string@DU?$char_traits@D@std@@V?$allocator@D@2@@std@@XZ 00407650 f i parse.obj
 0001:00006690       ?getTuple@Obj@@UBEABV?$vector@PAVObj@@V?$allocator@PAVObj@@@std@@@std@@XZ 00407690 f i parse.obj
 0001:00006720       ?getTuple@TupleObj@@UBEABV?$vector@PAVObj@@V?$allocator@PAVObj@@@std@@@std@@XZ 00407720 f i parse.obj
 0001:00006730       ?getTypeName@BooleanObj@@UBE?AV?$basic_string@DU?$char_traits@D@std@@V?$allocator@D@2@@std@@XZ 00407730 f i parse.obj
 0001:00006770       ?getTypeName@DictObj@@UBE?AV?$basic_string@DU?$char_traits@D@std@@V?$allocator@D@2@@std@@XZ 00407770 f i parse.obj
 0001:000067b0       ?getTypeName@IdObj@@UBE?AV?$basic_string@DU?$char_traits@D@std@@V?$allocator@D@2@@std@@XZ 004077b0 f i parse.obj
 0001:000067f0       ?getTypeName@NamedObj@@UBE?AV?$basic_string@DU?$char_traits@D@std@@V?$allocator@D@2@@std@@XZ 004077f0 f i parse.obj
 0001:00006830       ?getTypeName@Obj@@UBE?AV?$basic_string@DU?$char_traits@D@std@@V?$allocator@D@2@@std@@XZ 00407830 f i parse.obj
 0001:00006870       ?getTypeName@ScalarObj@@UBE?AV?$basic_string@DU?$char_traits@D@std@@V?$allocator@D@2@@std@@XZ 00407870 f i parse.obj
 0001:000068b0       ?getTypeName@StringObj@@UBE?AV?$basic_string@DU?$char_traits@D@std@@V?$allocator@D@2@@std@@XZ 004078b0 f i parse.obj
 0001:000068f0       ?getTypeName@TupleObj@@UBE?AV?$basic_string@DU?$char_traits@D@std@@V?$allocator@D@2@@std@@XZ 004078f0 f i parse.obj
 0001:00006930       ?insert@?$basic_string@DU?$char_traits@D@std@@V?$allocator@D@2@@std@@QAEAAV12@IABV12@II@Z 00407930 f i parse.obj
 0001:00006ac0       ?printOn@BooleanObj@@UBEXAAV?$basic_ostream@DU?$char_traits@D@std@@@std@@@Z 00407ac0 f i parse.obj
 0001:00006af0       ?printOn@DictObj@@UBEXAAV?$basic_ostream@DU?$char_traits@D@std@@@std@@@Z 00407af0 f i parse.obj
 0001:00006bc0       ?printOn@IdObj@@UBEXAAV?$basic_ostream@DU?$char_traits@D@std@@@std@@@Z 00407bc0 f i parse.obj
 0001:00006be0       ?printOn@NamedObj@@UBEXAAV?$basic_ostream@DU?$char_traits@D@std@@@std@@@Z 00407be0 f i parse.obj
 0001:00006c10       ?printOn@Obj@@UBEXAAV?$basic_ostream@DU?$char_traits@D@std@@@std@@@Z 00407c10 f i parse.obj
 0001:00006c20       ?printOn@ScalarObj@@UBEXAAV?$basic_ostream@DU?$char_traits@D@std@@@std@@@Z 00407c20 f i parse.obj
 0001:00006c40       ?printOn@StringObj@@UBEXAAV?$basic_ostream@DU?$char_traits@D@std@@@std@@@Z 00407c40 f i parse.obj
 0001:00006c70       ?printOn@TupleObj@@UBEXAAV?$basic_ostream@DU?$char_traits@D@std@@@std@@@Z 00407c70 f i parse.obj
 0001:00007030       ?readFile@@YAPAVObj@@AAV?$basic_istream@DU?$char_traits@D@std@@@std@@@Z 00408030 f   parse.obj
 0001:000078b0       ??$?HDU?$char_traits@D@std@@V?$allocator@D@1@@std@@YA?AV?$basic_string@DU?$char_traits@D@std@@V?$allocator@D@2@@0@$$QAV10@PBD@Z 004088b0 f i read.obj
 0001:00007910       ??$_Buynode@ABQAVGeometry@@@?$_List_buy@PAVGeometry@@V?$allocator@PAVGeometry@@@std@@@std@@QAEPAU?$_List_node@PAVGeometry@@PAX@1@PAU21@0ABQAVGeometry@@@Z 00408910 f i read.obj
 0001:00007930       ??$_Buynode@ABQAVLight@@@?$_List_buy@PAVLight@@V?$allocator@PAVLight@@@std@@@std@@QAEPAU?$_List_node@PAVLight@@PAX@1@PAU21@0ABQAVLight@@@Z 00408930 f i read.obj
 0001:00007950       ??$_Buynode@ABQAVTransformNode@@@?$_List_buy@PAVTransformNode@@V?$allocator@PAVTransformNode@@@std@@@std@@QAEPAU?$_List_node@PAVTransformNode@@PAX@1@PAU21@0ABQAVTransformNode@@@Z 00408950 f i read.obj
 0001:00007970       ??$_Buynode@ABUpiecewise_construct_t@std@@V?$tuple@ABV?$basic_string@DU?$char_traits@D@std@@V?$allocator@D@2@@std@@@2@V?$tuple@$$V@2@@?$_Tree_comp_alloc@V?$_Tmap_traits@V?$basic_string@DU?$char_traits@D@std@@V?$allocator@D@2@@std@@PAVMaterial@@U?$less@V?$basic_string@DU?$char_traits@D@std@@V?$allocator@D@2@@std@@@2@V?$allocator@U?$pair@$$CBV?$basic_string@DU?$char_traits@D@std@@V?$allocator@D@2@@std@@PAVMaterial@@@std@@@2@$0A@@std@@@std@@QAEPAU?$_Tree_node@U?$pair@$$CBV?$basic_string@DU?$char_traits@D@std@@V?$allocator@D@2@@std@@PAVMaterial@@@std@@PAX@1@ABUpiecewise_construct_t@1@$$QAV?$tuple@ABV?$basic_string@DU?$char_traits@D@std@@V?$allocator@D@2@@std@@@1@$$QAV?$tuple@$$V@1@@Z 00408970 f i read.obj
 0001:00007a30       ??$_Insert_at@AAU?$pair@$$CBV?$basic_string@DU?$char_traits@D@std@@V?$allocator@D@2@@std@@PAVMaterial@@@std@@PAU?$_Tree_node@U?$pair@$$CBV?$basic_string@DU?$char_traits@D@std@@V?$allocator@D@2@@std@@PAVMaterial@@@std@@PAX@2@@?$_Tree@V?$_Tmap_traits@V?$basic_string@DU?$char_traits@D@std@@V?$allocator@D@2@@std@@PAVMaterial@@U?$less@V?$basic_string@DU?$char_traits@D@std@@V?$allocator@D@2@@std@@@2@V?$allocator@U?$pair@$$CBV?$basic_string@DU?$char_traits@D@std@@V?$allocator@D@2@@std@@PAVMaterial@@@std@@@2@$0A@@std@@@std@@IAE?AV?$_Tree_iterator@V?$_Tree_val@U?$_Tree_simple_types@U?$pair@$$CBV?$basic_string@DU?$char_traits@D@std@@V?$allocator@D@2@@std@@PAVMaterial@@@std@@@std@@@std@@@1@_NPAU?$_Tree_node@U?$pair@$$CBV?$basic_string@DU?$char_traits@D@std@@V?$allocator@D@2@@std@@PAVMaterial@@@std@@PAX@1@AAU?$pair@$$CBV?$basic_string@DU?$char_traits@D@std@@V?$allocator@D@2@@std@@PAVMaterial@@@1@1@Z 00408a30 f i read.obj
 0001:00007c00       ??$_Insert_hint@AAU?$pair@$$CBV?$basic_string@DU?$char_traits@D@std@@V?$allocator@D@2@@std@@PAVMaterial@@@std@@PAU?$_Tree_node@U?$pair@$$CBV?$basic_string@DU?$char_traits@D@std@@V?$allocator@D@2@@std@@PAVMaterial@@@std@@PAX@2@@?$_Tree@V?$_Tmap_traits@V?$basic_string@DU?$char_traits@D@std@@V?$allocator@D@2@@std@@PAVMaterial@@U?$less@V?$basic_string@DU?$char_traits@D@std@@V?$allocator@D@2@@std@@@2@V?$allocator@U?$pair@$$CBV?$basic_string@DU?$char_traits@D@std@@V?$allocator@D@2@@std@@PAVMaterial@@@std@@@2@$0A@@std@@@std@@IAE?AV?$_Tree_iterator@V?$_Tree_val@U?$_Tree_simple_types@U?$pair@$$CBV?$basic_string@DU?$char_traits@D@std@@V?$allocator@D@2@@std@@PAVMaterial@@@std@@@std@@@std@@@1@V?$_Tree_const_iterator@V?$_Tree_val@U?$_Tree_simple_types@U?$pair@$$CBV?$basic_string@DU?$char_traits@D@std@@V?$allocator@D@2@@std@@PAVMaterial@@@std@@@std@@@std@@@1@AAU?$pair@$$CBV?$basic_string@DU?$char_traits@D@std@@V?$allocator@D@2@@std@@PAVMaterial@@@1@PAU?$_Tree_node@U?$pair@$$CBV?$basic_string@DU?$char_traits@D@std@@V?$allocator@D@2@@std@@PAVMaterial@@@std@@PAX@1@@Z 00408c00 f i read.obj
 0001:00007e60       ??$_Insert_nohint@AAU?$pair@$$CBV?$basic_string@DU?$char_traits@D@std@@V?$allocator@D@2@@std@@PAVMaterial@@@std@@PAU?$_Tree_node@U?$pair@$$CBV?$basic_string@DU?$char_traits@D@std@@V?$allocator@D@2@@std@@PAVMaterial@@@std@@PAX@2@@?$_Tree@V?$_Tmap_traits@V?$basic_string@DU?$char_traits@D@std@@V?$allocator@D@2@@std@@PAVMaterial@@U?$less@V?$basic_string@DU?$char_traits@D@std@@V?$allocator@D@2@@std@@@2@V?$allocator@U?$pair@$$CBV?$basic_string@DU?$char_traits@D@std@@V?$allocator@D@2@@std@@PAVMaterial@@@std@@@2@$0A@@std@@@std@@IAE?AU?$pair@V?$_Tree_iterator@V?$_Tree_val@U?$_Tree_simple_types@U?$pair@$$CBV?$basic_string@DU?$char_traits@D@std@@V?$allocator@D@2@@std@@PAVMaterial@@@std@@@std@@@std@@@std@@_N@1@_NAAU?$pair@$$CBV?$basic_string@DU?$char_traits@D@std@@V?$allocator@D@2@@std@@PAVMaterial@@@1@PAU?$_Tree_node@U?$pair@$$CBV?$basic_string@DU?$char_traits@D@std@@V?$allocator@D@2@@std@@PAVMaterial@@@std@@PAX@1@@Z 00408e60 f i read.obj
 0001:000080d0       ??$_Lbound@V?$basic_string@DU?$char_traits@D@std@@V?$allocator@D@2@@std@@@?$_Tree@V?$_Tmap_traits@V?$basic_string@DU?$char_traits@D@std@@V?$allocator@D@2@@std@@PAVMaterial@@U?$less@V?$basic_string@DU?$char_traits@D@std@@V?$allocator@D@2@@std@@@2@V?$allocator@U?$pair@$$CBV?$basic_string@DU?$char_traits@D@std@@V?$allocator@D@2@@std@@PAVMaterial@@@std@@@2@$0A@@std@@@std@@IBEPAU?$_Tree_node@U?$pair@$$CBV?$basic_string@DU?$char_traits@D@std@@V?$allocator@D@2@@std@@PAVMaterial@@@std@@PAX@1@ABV?$basic_string@DU?$char_traits@D@std@@V?$allocator@D@2@@1@@Z 004090d0 f i read.obj
 0001:000081b0       ??$_Try_emplace@ABV?$basic_string@DU?$char_traits@D@std@@V?$allocator@D@2@@std@@$$V@?$map@V?$basic_string@DU?$char_traits@D@std@@V?$allocator@D@2@@std@@PAVMaterial@@U?$less@V?$basic_string@DU?$char_traits@D@std@@V?$allocator@D@2@@std@@@2@V?$allocator@U?$pair@$$CBV?$basic_string@DU?$char_traits@D@std@@V?$allocator@D@2@@std@@PAVMaterial@@@std@@@2@@std@@QAE?AU?$pair@V?$_Tree_iterator@V?$_Tree_val@U?$_Tree_simple_types@U?$pair@$$CBV?$basic_string@DU?$char_traits@D@std@@V?$allocator@D@2@@std@@PAVMaterial@@@std@@@std@@@std@@@std@@_N@1@ABV?$basic_string@DU?$char_traits@D@std@@V?$allocator@D@2@@1@@Z 004091b0 f i read.obj
 0001:00008260       ??$ends@DU?$char_traits@D@std@@@std@@YAAAV?$basic_ostream@DU?$char_traits@D@std@@@0@AAV10@@Z 00409260 f i read.obj
 0001:00008280       ??$use_facet@V?$codecvt@DDU_Mbstatet@@@std@@@std@@YAABV?$codecvt@DDU_Mbstatet@@@0@ABVlocale@0@@Z 00409280 f i read.obj
 0001:00008380       ??0?$basic_ifstream@DU?$char_traits@D@std@@@std@@QAE@PBDHH@Z 00409380 f i read.obj
 0001:00008490       ??0?$basic_string@DU?$char_traits@D@std@@V?$allocator@D@2@@std@@QAE@ABV01@@Z 00409490 f i read.obj
 0001:000084c0       ??0?$fpos@U_Mbstatet@@@std@@QAE@U_Mbstatet@@_J@Z 004094c0 f i read.obj
 0001:000084f0       ??0Scene@@QAE@XZ           004094f0 f i read.obj
 0001:000086c0       ??0SpotLight@@QAE@PAVScene@@ABVvec3f@@1ABN1@Z 004096c0 f i read.obj
 0001:000087c0       ??0TransformNode@@IAE@PAV0@ABVmat4f@@@Z 004097c0 f i read.obj
 0001:00008bc0       ??0bad_cast@std@@QAE@ABV01@@Z 00409bc0 f i read.obj
 0001:00008c00       ??0exception@std@@QAE@ABV01@@Z 00409c00 f i read.obj
 0001:00008c30       ??0mat4f@@QAE@ABVvec4f@@000@Z 00409c30 f i read.obj
 0001:00008d00       ??0ostrstream@std@@QAE@XZ  00409d00 f i read.obj
 0001:00008df0       ??0vec4f@@QAE@XZ           00409df0 f i read.obj
 0001:00008e00       ??1?$basic_filebuf@DU?$char_traits@D@std@@@std@@UAE@XZ 00409e00 f i read.obj
 0001:00008e80       ??1?$basic_ifstream@DU?$char_traits@D@std@@@std@@UAE@XZ 00409e80 f i read.obj
 0001:00008f30       ??1?$list@PAVGeometry@@V?$allocator@PAVGeometry@@@std@@@std@@QAE@XZ 00409f30 f i read.obj
 0001:00008f80       ??1?$list@PAVLight@@V?$allocator@PAVLight@@@std@@@std@@QAE@XZ 00409f80 f i read.obj
 0001:00008fd0       ??1?$list@PAVTransformNode@@V?$allocator@PAVTransformNode@@@std@@@std@@QAE@XZ 00409fd0 f i read.obj
 0001:00009020       ??1?$map@V?$basic_string@DU?$char_traits@D@std@@V?$allocator@D@2@@std@@PAVMaterial@@U?$less@V?$basic_string@DU?$char_traits@D@std@@V?$allocator@D@2@@std@@@2@V?$allocator@U?$pair@$$CBV?$basic_string@DU?$char_traits@D@std@@V?$allocator@D@2@@std@@PAVMaterial@@@std@@@2@@std@@QAE@XZ 0040a020 f i read.obj
 0001:00009080       ??1MaterialSceneObject@@UAE@XZ 0040a080 f i read.obj
 0001:000090b0       ??1SceneElement@@UAE@XZ    0040a0b0 f i read.obj
 0001:000090c0       ??1TransformNode@@QAE@XZ   0040a0c0 f i read.obj
 0001:00009150       ??1TransformRoot@@QAE@XZ   0040a150 f i read.obj
 0001:00009160       ??1bad_cast@std@@UAE@XZ    0040a160 f i read.obj
 0001:00009180       ??1exception@std@@UAE@XZ   0040a180 f i read.obj
 0001:000091a0       ??1locale@std@@QAE@XZ      0040a1a0 f i read.obj
 0001:000091f0       ??1ostrstream@std@@UAE@XZ  0040a1f0 f i read.obj
 0001:00009290       ??1strstreambuf@std@@UAE@XZ 0040a290 f i read.obj
 0001:00009300       ??4?$basic_string@DU?$char_traits@D@std@@V?$allocator@D@2@@std@@QAEAAV01@$$QAV01@@Z 0040a300 f i read.obj
 0001:00009380       ??6@YAAAV?$basic_ostream@DU?$char_traits@D@std@@@std@@AAV01@ABVException@@@Z 0040a380 f i read.obj
 0001:00009400       ??D@YA?AVmat4f@@ABV0@0@Z   0040a400 f i read.obj
 0001:000098b0       ??E?$_Tree_unchecked_const_iterator@V?$_Tree_val@U?$_Tree_simple_types@U?$pair@$$CBV?$basic_string@DU?$char_traits@D@std@@V?$allocator@D@2@@std@@PAVMaterial@@@std@@@std@@@std@@U_Iterator_base0@2@@std@@QAEAAV01@XZ 0040a8b0 f i read.obj
 0001:00009900       ??F?$_Tree_unchecked_const_iterator@V?$_Tree_val@U?$_Tree_simple_types@U?$pair@$$CBV?$basic_string@DU?$char_traits@D@std@@V?$allocator@D@2@@std@@PAVMaterial@@@std@@@std@@@std@@U_Iterator_base0@2@@std@@QAEAAV01@XZ 0040a900 f i read.obj
 0001:00009960       ??_D?$basic_ifstream@DU?$char_traits@D@std@@@std@@QAEXXZ 0040a960 f i read.obj
 0001:00009980       ??_Dostrstream@std@@QAEXXZ 0040a980 f i read.obj
 0001:00009994       ??_E?$basic_ifstream@DU?$char_traits@D@std@@@std@@$4PPPPPPPM@A@AEPAXI@Z 0040a994 f i read.obj
 0001:0000999c       ??_Eostrstream@std@@$4PPPPPPPM@A@AEPAXI@Z 0040a99c f i read.obj
 0001:000099b0       ??_E?$basic_filebuf@DU?$char_traits@D@std@@@std@@UAEPAXI@Z 0040a9b0 f i read.obj
 0001:000099b0       ??_G?$basic_filebuf@DU?$char_traits@D@std@@@std@@UAEPAXI@Z 0040a9b0 f i read.obj
 0001:00009a50       ??_E?$basic_ifstream@DU?$char_traits@D@std@@@std@@UAEPAXI@Z 0040aa50 f i read.obj
 0001:00009a50       ??_G?$basic_ifstream@DU?$char_traits@D@std@@@std@@UAEPAXI@Z 0040aa50 f i read.obj
 0001:00009a90       ??_EBox@@UAEPAXI@Z         0040aa90 f i read.obj
 0001:00009a90       ??_GBox@@UAEPAXI@Z         0040aa90 f i read.obj
 0001:00009ad0       ??_GCone@@UAEPAXI@Z        0040aad0 f i read.obj
 0001:00009ad0       ??_ECone@@UAEPAXI@Z        0040aad0 f i read.obj
 0001:00009b20       ??_ECylinder@@UAEPAXI@Z    0040ab20 f i read.obj
 0001:00009b20       ??_GCylinder@@UAEPAXI@Z    0040ab20 f i read.obj
 0001:00009b60       ??_EDirectionalLight@@UAEPAXI@Z 0040ab60 f i read.obj
 0001:00009b60       ??_GDirectionalLight@@UAEPAXI@Z 0040ab60 f i read.obj
 0001:00009b90       ??_EGeometry@@UAEPAXI@Z    0040ab90 f i read.obj
 0001:00009b90       ??_GGeometry@@UAEPAXI@Z    0040ab90 f i read.obj
 0001:00009bc0       ??_ELight@@UAEPAXI@Z       0040abc0 f i read.obj
 0001:00009bc0       ??_GLight@@UAEPAXI@Z       0040abc0 f i read.obj
 0001:00009bf0       ??_GMaterialSceneObject@@UAEPAXI@Z 0040abf0 f i read.obj
 0001:00009bf0       ??_EMaterialSceneObject@@UAEPAXI@Z 0040abf0 f i read.obj
 0001:00009c30       ??_EPointLight@@UAEPAXI@Z  0040ac30 f i read.obj
 0001:00009c30       ??_GPointLight@@UAEPAXI@Z  0040ac30 f i read.obj
 0001:00009c60       ??_GScene@@UAEPAXI@Z       0040ac60 f i read.obj
 0001:00009c60       ??_EScene@@UAEPAXI@Z       0040ac60 f i read.obj
 0001:00009c90       ??_GSceneElement@@UAEPAXI@Z 0040ac90 f i read.obj
 0001:00009c90       ??_ESceneElement@@UAEPAXI@Z 0040ac90 f i read.obj
 0001:00009cc0       ??_ESceneObject@@UAEPAXI@Z 0040acc0 f i read.obj
 0001:00009cc0       ??_GSceneObject@@UAEPAXI@Z 0040acc0 f i read.obj
 0001:00009cf0       ??_ESphere@@UAEPAXI@Z      0040acf0 f i read.obj
 0001:00009cf0       ??_GSphere@@UAEPAXI@Z      0040acf0 f i read.obj
 0001:00009d30       ??_ESpotLight@@UAEPAXI@Z   0040ad30 f i read.obj
 0001:00009d30       ??_GSpotLight@@UAEPAXI@Z   0040ad30 f i read.obj
 0001:00009d60       ??_GSquare@@UAEPAXI@Z      0040ad60 f i read.obj
 0001:00009d60       ??_ESquare@@UAEPAXI@Z      0040ad60 f i read.obj
 0001:00009da0       ??_ETrimesh@@UAEPAXI@Z     0040ada0 f i read.obj
 0001:00009da0       ??_GTrimesh@@UAEPAXI@Z     0040ada0 f i read.obj
 0001:00009dd0       ??_Gbad_cast@std@@UAEPAXI@Z 0040add0 f i read.obj
 0001:00009dd0       ??_Ebad_cast@std@@UAEPAXI@Z 0040add0 f i read.obj
 0001:00009e10       ??_Gexception@std@@UAEPAXI@Z 0040ae10 f i read.obj
 0001:00009e10       ??_Eexception@std@@UAEPAXI@Z 0040ae10 f i read.obj
 0001:00009e50       ??_Gostrstream@std@@UAEPAXI@Z 0040ae50 f i read.obj
 0001:00009e50       ??_Eostrstream@std@@UAEPAXI@Z 0040ae50 f i read.obj
 0001:00009e90       ??_Gstrstreambuf@std@@UAEPAXI@Z 0040ae90 f i read.obj
 0001:00009e90       ??_Estrstreambuf@std@@UAEPAXI@Z 0040ae90 f i read.obj
 0001:00009f20       ?ComputeBoundingBox@Geometry@@UAEXXZ 0040af20 f i read.obj
 0001:0000a560       ?ComputeLocalBoundingBox@Box@@UAE?AVBoundingBox@@XZ 0040b560 f i read.obj
 0001:0000a5a0       ?ComputeLocalBoundingBox@Cone@@UAE?AVBoundingBox@@XZ 0040b5a0 f i read.obj
 0001:0000a600       ?ComputeLocalBoundingBox@Cylinder@@UAE?AVBoundingBox@@XZ 0040b600 f i read.obj
 0001:0000a640       ?ComputeLocalBoundingBox@Geometry@@UAE?AVBoundingBox@@XZ 0040b640 f i read.obj
 0001:0000a670       ?ComputeLocalBoundingBox@Sphere@@UAE?AVBoundingBox@@XZ 0040b670 f i read.obj
 0001:0000a6b0       ?ComputeLocalBoundingBox@Square@@UAE?AVBoundingBox@@XZ 0040b6b0 f i read.obj
 0001:0000a700       ?_Buyheadnode@?$_Tree_comp_alloc@V?$_Tmap_traits@V?$basic_string@DU?$char_traits@D@std@@V?$allocator@D@2@@std@@PAVMaterial@@U?$less@V?$basic_string@DU?$char_traits@D@std@@V?$allocator@D@2@@std@@@2@V?$allocator@U?$pair@$$CBV?$basic_string@DU?$char_traits@D@std@@V?$allocator@D@2@@std@@PAVMaterial@@@std@@@2@$0A@@std@@@std@@QAEPAU?$_Tree_node@U?$pair@$$CBV?$basic_string@DU?$char_traits@D@std@@V?$allocator@D@2@@std@@PAVMaterial@@@std@@PAX@2@XZ 0040b700 f i read.obj
 0001:0000a730       ?_Buynode0@?$_List_alloc@U?$_List_base_types@PAVGeometry@@V?$allocator@PAVGeometry@@@std@@@std@@@std@@QAEPAU?$_List_node@PAVGeometry@@PAX@2@PAU32@0@Z 0040b730 f i read.obj
 0001:0000a770       ?_Buynode0@?$_List_alloc@U?$_List_base_types@PAVLight@@V?$allocator@PAVLight@@@std@@@std@@@std@@QAEPAU?$_List_node@PAVLight@@PAX@2@PAU32@0@Z 0040b770 f i read.obj
 0001:0000a7b0       ?_Buynode0@?$_List_alloc@U?$_List_base_types@PAVTransformNode@@V?$allocator@PAVTransformNode@@@std@@@std@@@std@@QAEPAU?$_List_node@PAVTransformNode@@PAX@2@PAU32@0@Z 0040b7b0 f i read.obj
 0001:0000a7f0       ?_Buynode0@?$_Tree_comp_alloc@V?$_Tmap_traits@V?$basic_string@DU?$char_traits@D@std@@V?$allocator@D@2@@std@@PAVMaterial@@U?$less@V?$basic_string@DU?$char_traits@D@std@@V?$allocator@D@2@@std@@@2@V?$allocator@U?$pair@$$CBV?$basic_string@DU?$char_traits@D@std@@V?$allocator@D@2@@std@@PAVMaterial@@@std@@@2@$0A@@std@@@std@@QAEPAU?$_Tree_node@U?$pair@$$CBV?$basic_string@DU?$char_traits@D@std@@V?$allocator@D@2@@std@@PAVMaterial@@@std@@PAX@2@XZ 0040b7f0 f i read.obj
 0001:0000a830       ?_Destroy_if_not_nil@?$_Tree@V?$_Tmap_traits@V?$basic_string@DU?$char_traits@D@std@@V?$allocator@D@2@@std@@PAVMaterial@@U?$less@V?$basic_string@DU?$char_traits@D@std@@V?$allocator@D@2@@std@@@2@V?$allocator@U?$pair@$$CBV?$basic_string@DU?$char_traits@D@std@@V?$allocator@D@2@@std@@PAVMaterial@@@std@@@2@$0A@@std@@@std@@IAEXPAU?$_Tree_node@U?$pair@$$CBV?$basic_string@DU?$char_traits@D@std@@V?$allocator@D@2@@std@@PAVMaterial@@@std@@PAX@2@@Z 0040b830 f i read.obj
 0001:0000a880       ?_Endwrite@?$basic_filebuf@DU?$char_traits@D@std@@@std@@IAE_NXZ 0040b880 f i read.obj
 0001:0000a9f0       ?_Erase@?$_Tree@V?$_Tmap_traits@V?$basic_string@DU?$char_traits@D@std@@V?$allocator@D@2@@std@@PAVMaterial@@U?$less@V?$basic_string@DU?$char_traits@D@std@@V?$allocator@D@2@@std@@@2@V?$allocator@U?$pair@$$CBV?$basic_string@DU?$char_traits@D@std@@V?$allocator@D@2@@std@@PAVMaterial@@@std@@@2@$0A@@std@@@std@@IAEXPAU?$_Tree_node@U?$pair@$$CBV?$basic_string@DU?$char_traits@D@std@@V?$allocator@D@2@@std@@PAVMaterial@@@std@@PAX@2@@Z 0040b9f0 f i read.obj
 0001:0000aaa0       ?_Init@?$basic_filebuf@DU?$char_traits@D@std@@@std@@IAEXPAU_iobuf@@W4_Initfl@12@@Z 0040baa0 f i read.obj
 0001:0000ab30       ?_Lock@?$basic_filebuf@DU?$char_traits@D@std@@@std@@UAEXXZ 0040bb30 f i read.obj
 0001:0000ab40       ?_Lrotate@?$_Tree@V?$_Tmap_traits@V?$basic_string@DU?$char_traits@D@std@@V?$allocator@D@2@@std@@PAVMaterial@@U?$less@V?$basic_string@DU?$char_traits@D@std@@V?$allocator@D@2@@std@@@2@V?$allocator@U?$pair@$$CBV?$basic_string@DU?$char_traits@D@std@@V?$allocator@D@2@@std@@PAVMaterial@@@std@@@2@$0A@@std@@@std@@IAEXPAU?$_Tree_node@U?$pair@$$CBV?$basic_string@DU?$char_traits@D@std@@V?$allocator@D@2@@std@@PAVMaterial@@@std@@PAX@2@@Z 0040bb40 f i read.obj
 0001:0000aba0       ?_Reset_back@?$basic_filebuf@DU?$char_traits@D@std@@@std@@AAEXXZ 0040bba0 f i read.obj
 0001:0000abd0       ?_Rrotate@?$_Tree@V?$_Tmap_traits@V?$basic_string@DU?$char_traits@D@std@@V?$allocator@D@2@@std@@PAVMaterial@@U?$less@V?$basic_string@DU?$char_traits@D@std@@V?$allocator@D@2@@std@@@2@V?$allocator@U?$pair@$$CBV?$basic_string@DU?$char_traits@D@std@@V?$allocator@D@2@@std@@PAVMaterial@@@std@@@2@$0A@@std@@@std@@IAEXPAU?$_Tree_node@U?$pair@$$CBV?$basic_string@DU?$char_traits@D@std@@V?$allocator@D@2@@std@@PAVMaterial@@@std@@PAX@2@@Z 0040bbd0 f i read.obj
 0001:0000ac30       ?_Set_back@?$basic_filebuf@DU?$char_traits@D@std@@@std@@AAEXXZ 0040bc30 f i read.obj
 0001:0000ac70       ?_Unlock@?$basic_filebuf@DU?$char_traits@D@std@@@std@@UAEXXZ 0040bc70 f i read.obj
 0001:0000ac80       ?add@Scene@@QAEXPAVGeometry@@@Z 0040bc80 f i read.obj
 0001:0000ace0       ?add@Scene@@QAEXPAVLight@@@Z 0040bce0 f i read.obj
 0001:0000ad30       ?append@?$basic_string@DU?$char_traits@D@std@@V?$allocator@D@2@@std@@QAEAAV12@PBDI@Z 0040bd30 f i read.obj
 0001:0000ae50       ?close@?$basic_filebuf@DU?$char_traits@D@std@@@std@@QAEPAV12@XZ 0040be50 f i read.obj
 0001:0000aec0       ?createChild@TransformNode@@QAEPAV1@ABVmat4f@@@Z 0040bec0 f i read.obj
 0001:0000af80       ?erase@?$_Tree@V?$_Tmap_traits@V?$basic_string@DU?$char_traits@D@std@@V?$allocator@D@2@@std@@PAVMaterial@@U?$less@V?$basic_string@DU?$char_traits@D@std@@V?$allocator@D@2@@std@@@2@V?$allocator@U?$pair@$$CBV?$basic_string@DU?$char_traits@D@std@@V?$allocator@D@2@@std@@PAVMaterial@@@std@@@2@$0A@@std@@@std@@QAE?AV?$_Tree_iterator@V?$_Tree_val@U?$_Tree_simple_types@U?$pair@$$CBV?$basic_string@DU?$char_traits@D@std@@V?$allocator@D@2@@std@@PAVMaterial@@@std@@@std@@@std@@@2@V?$_Tree_const_iterator@V?$_Tree_val@U?$_Tree_simple_types@U?$pair@$$CBV?$basic_string@DU?$char_traits@D@std@@V?$allocator@D@2@@std@@PAVMaterial@@@std@@@std@@@std@@@2@0@Z 0040bf80 f i read.obj
 0001:0000b070       ?erase@?$_Tree@V?$_Tmap_traits@V?$basic_string@DU?$char_traits@D@std@@V?$allocator@D@2@@std@@PAVMaterial@@U?$less@V?$basic_string@DU?$char_traits@D@std@@V?$allocator@D@2@@std@@@2@V?$allocator@U?$pair@$$CBV?$basic_string@DU?$char_traits@D@std@@V?$allocator@D@2@@std@@PAVMaterial@@@std@@@2@$0A@@std@@@std@@QAE?AV?$_Tree_iterator@V?$_Tree_val@U?$_Tree_simple_types@U?$pair@$$CBV?$basic_string@DU?$char_traits@D@std@@V?$allocator@D@2@@std@@PAVMaterial@@@std@@@std@@@std@@@2@V?$_Tree_const_iterator@V?$_Tree_val@U?$_Tree_simple_types@U?$pair@$$CBV?$basic_string@DU?$char_traits@D@std@@V?$allocator@D@2@@std@@PAVMaterial@@@std@@@std@@@std@@@2@@Z 0040c070 f i read.obj
 0001:0000b360       ?find@?$_Tree@V?$_Tmap_traits@V?$basic_string@DU?$char_traits@D@std@@V?$allocator@D@2@@std@@PAVMaterial@@U?$less@V?$basic_string@DU?$char_traits@D@std@@V?$allocator@D@2@@std@@@2@V?$allocator@U?$pair@$$CBV?$basic_string@DU?$char_traits@D@std@@V?$allocator@D@2@@std@@PAVMaterial@@@std@@@2@$0A@@std@@@std@@QBE?AV?$_Tree_const_iterator@V?$_Tree_val@U?$_Tree_simple_types@U?$pair@$$CBV?$basic_string@DU?$char_traits@D@std@@V?$allocator@D@2@@std@@PAVMaterial@@@std@@@std@@@std@@@2@ABV?$basic_string@DU?$char_traits@D@std@@V?$allocator@D@2@@2@@Z 0040c360 f i read.obj
 0001:0000b3f0       ?find@?$_Tree@V?$_Tmap_traits@V?$basic_string@DU?$char_traits@D@std@@V?$allocator@D@2@@std@@PAVObj@@U?$less@V?$basic_string@DU?$char_traits@D@std@@V?$allocator@D@2@@std@@@2@V?$allocator@U?$pair@$$CBV?$basic_string@DU?$char_traits@D@std@@V?$allocator@D@2@@std@@PAVObj@@@std@@@2@$0A@@std@@@std@@QBE?AV?$_Tree_const_iterator@V?$_Tree_val@U?$_Tree_simple_types@U?$pair@$$CBV?$basic_string@DU?$char_traits@D@std@@V?$allocator@D@2@@std@@PAVObj@@@std@@@std@@@std@@@2@ABV?$basic_string@DU?$char_traits@D@std@@V?$allocator@D@2@@2@@Z 0040c3f0 f i read.obj
 0001:0000b8c0       ?getMaterial@MaterialSceneObject@@UBEABVMaterial@@XZ 0040c8c0 f i read.obj
 0001:0000b8d0       ?getMsg@Exception@@QBE?AV?$basic_string@DU?$char_traits@D@std@@V?$allocator@D@2@@std@@XZ 0040c8d0 f i read.obj
 0001:0000b910       ?hasBoundingBoxCapability@Box@@UBE_NXZ 0040c910 f i read.obj
 0001:0000b920       ?hasBoundingBoxCapability@Cone@@UBE_NXZ 0040c920 f i read.obj
 0001:0000b930       ?hasBoundingBoxCapability@Cylinder@@UBE_NXZ 0040c930 f i read.obj
 0001:0000b940       ?hasBoundingBoxCapability@Sphere@@UBE_NXZ 0040c940 f i read.obj
 0001:0000b950       ?hasBoundingBoxCapability@Square@@UBE_NXZ 0040c950 f i read.obj
 0001:0000b990       ?imbue@?$basic_filebuf@DU?$char_traits@D@std@@@std@@MAEXABVlocale@2@@Z 0040c990 f i read.obj
 0001:0000ba90       ?open@?$basic_filebuf@DU?$char_traits@D@std@@@std@@QAEPAV12@PBDHH@Z 0040ca90 f i read.obj
 0001:0000bb70       ?overflow@?$basic_filebuf@DU?$char_traits@D@std@@@std@@MAEHH@Z 0040cb70 f i read.obj
 0001:0000bd80       ?overflow@strstreambuf@std@@MAEHH@Z 0040cd80 f i read.obj
 0001:0000bf30       ?pbackfail@?$basic_filebuf@DU?$char_traits@D@std@@@std@@MAEHH@Z 0040cf30 f i read.obj
 0001:0000bfc0       ?pbackfail@strstreambuf@std@@MAEHH@Z 0040cfc0 f i read.obj
 0001:0000f3c0       ?readScene@@YAPAVScene@@AAV?$basic_istream@DU?$char_traits@D@std@@@std@@@Z 004103c0 f   read.obj
 0001:0000f660       ?readScene@@YAPAVScene@@ABV?$basic_string@DU?$char_traits@D@std@@V?$allocator@D@2@@std@@@Z 00410660 f   read.obj
 0001:0000f790       ?rotate@mat4f@@SA?AV1@ABVvec3f@@N@Z 00410790 f i read.obj
 0001:0000f990       ?seekoff@?$basic_filebuf@DU?$char_traits@D@std@@@std@@MAE?AV?$fpos@U_Mbstatet@@@2@_JHH@Z 00410990 f i read.obj
 0001:0000fa90       ?seekoff@strstreambuf@std@@MAE?AV?$fpos@U_Mbstatet@@@2@_JHH@Z 00410a90 f i read.obj
 0001:0000fbf0       ?seekpos@?$basic_filebuf@DU?$char_traits@D@std@@@std@@MAE?AV?$fpos@U_Mbstatet@@@2@V32@H@Z 00410bf0 f i read.obj
 0001:0000fcd0       ?seekpos@strstreambuf@std@@MAE?AV?$fpos@U_Mbstatet@@@2@V32@H@Z 00410cd0 f i read.obj
 0001:0000fdc0       ?setMaterial@MaterialSceneObject@@UAEXPAVMaterial@@@Z 00410dc0 f i read.obj
 0001:0000fdd0       ?setbuf@?$basic_filebuf@DU?$char_traits@D@std@@@std@@MAEPAV?$basic_streambuf@DU?$char_traits@D@std@@@2@PAD_J@Z 00410dd0 f i read.obj
 0001:0000fe20       ?str@ostrstream@std@@QAEPADXZ 00410e20 f i read.obj
 0001:0000fe60       ?sync@?$basic_filebuf@DU?$char_traits@D@std@@@std@@MAEHXZ 00410e60 f i read.obj
 0001:0000ff00       ?uflow@?$basic_filebuf@DU?$char_traits@D@std@@@std@@MAEHXZ 00410f00 f i read.obj
 0001:00010100       ?underflow@?$basic_filebuf@DU?$char_traits@D@std@@@std@@MAEHXZ 00411100 f i read.obj
 0001:00010140       ?underflow@strstreambuf@std@@MAEHXZ 00411140 f i read.obj
 0001:00010310       ?what@exception@std@@UBEPBDXZ 00411310 f i read.obj
 0001:000103c0       ?inverse@mat3f@@QBE?AV1@XZ 004113c0 f   vecmath.obj
 0001:000107c0       ?inverse@mat4f@@QBE?AV1@XZ 004117c0 f   vecmath.obj
 0001:00010c20       ??0Camera@@QAE@XZ          00411c20 f   camera.obj
 0001:00010cc0       ?getEye@Camera@@QAE?AVvec3f@@XZ 00411cc0 f   camera.obj
 0001:00010ce0       ?getlook@Camera@@QAE?AVvec3f@@XZ 00411ce0 f   camera.obj
 0001:00010d00       ?getu@Camera@@QAE?AVvec3f@@XZ 00411d00 f   camera.obj
 0001:00010d30       ?getv@Camera@@QAE?AVvec3f@@XZ 00411d30 f   camera.obj
 0001:00010d60       ?rayThrough@Camera@@QAEXNNAAVray@@@Z 00411d60 f   camera.obj
 0001:00010e80       ?setAspectRatio@Camera@@QAEXN@Z 00411e80 f   camera.obj
 0001:00011020       ?setEye@Camera@@QAEXABVvec3f@@@Z 00412020 f   camera.obj
 0001:00011050       ?setFOV@Camera@@QAEXN@Z    00412050 f   camera.obj
 0001:00011210       ?setLook@Camera@@QAEXABVvec3f@@0@Z 00412210 f   camera.obj
 0001:00011450       ?setLook@Camera@@QAEXNNNN@Z 00412450 f   camera.obj
 0001:000116f0       ?update@Camera@@AAEXXZ     004126f0 f   camera.obj
 0001:00011880       ?distanceAttenuation@DirectionalLight@@UBENABVvec3f@@@Z 00412880 f   light.obj
 0001:00011890       ?distanceAttenuation@PointLight@@UBENABVvec3f@@@Z 00412890 f   light.obj
 0001:000119b0       ?getColor@DirectionalLight@@UBE?AVvec3f@@ABV2@@Z 004129b0 f   light.obj
 0001:000119d0       ?getColor@PointLight@@UBE?AVvec3f@@ABV2@@Z 004129d0 f   light.obj
 0001:000119f0       ?getColor@SpotLight@@UBE?AVvec3f@@ABV2@@Z 004129f0 f   light.obj
 0001:00011ad0       ?getDirection@DirectionalLight@@UBE?AVvec3f@@ABV2@@Z 00412ad0 f   light.obj
 0001:00011b00       ?getDirection@PointLight@@UBE?AVvec3f@@ABV2@@Z 00412b00 f   light.obj
 0001:00011b90       ?shadowAttenuation@DirectionalLight@@UBE?AVvec3f@@ABV2@@Z 00412b90 f   light.obj
 0001:00011c90       ?shadowAttenuation@PointLight@@UBE?AVvec3f@@ABV2@@Z 00412c90 f   light.obj
 0001:00011e80       ?elementMulti@@YA?AVvec3f@@V1@0@Z 00412e80 f   material.obj
 0001:00011ec0       ?shade@Material@@UBE?AVvec3f@@PAVScene@@ABVray@@ABVisect@@@Z 00412ec0 f   material.obj
 0001:000121f0       ?getMaterial@isect@@QBEABVMaterial@@XZ 004131f0 f   ray.obj
 0001:00012200       ??0Material@@QAE@ABV0@@Z   00413200 f i scene.obj
 0001:00012300       ??1Scene@@UAE@XZ           00413300 f   scene.obj
 0001:000124e0       ??4BoundingBox@@QAEXABV0@@Z 004134e0 f   scene.obj
 0001:00012530       ??4Material@@QAEAAV0@ABV0@@Z 00413530 f i scene.obj
 0001:00012630       ??4isect@@QAEAAV0@ABV0@@Z  00413630 f i scene.obj
 0001:000126d0       ?hasBoundingBoxCapability@Geometry@@UBE_NXZ 004136d0 f   scene.obj
 0001:000126e0       ?initScene@Scene@@QAEXXZ   004136e0 f   scene.obj
 0001:000128c0       ?intersect@BoundingBox@@QBE_NABVray@@AAN1@Z 004138c0 f   scene.obj
 0001:000129d0       ?intersect@Geometry@@UBE_NABVray@@AAVisect@@@Z 004139d0 f   scene.obj
 0001:00012d20       ?intersect@Scene@@QBE_NABVray@@AAVisect@@@Z 00413d20 f   scene.obj
 0001:000130b0       ?intersectLocal@Geometry@@UBE_NABVray@@AAVisect@@@Z 004140b0 f   scene.obj
 0001:000130c0       ?intersects@BoundingBox@@QBE_NABV1@@Z 004140c0 f   scene.obj
 0001:00013150       ?intersects@BoundingBox@@QBE_NABVvec3f@@@Z 00414150 f   scene.obj
 0001:000131d0       ?intersectLocal@Box@@UBE_NABVray@@AAVisect@@@Z 004141d0 f   Box.obj
 0001:00013410       ?intersectBody@Cone@@QBE_NABVray@@AAVisect@@@Z 00414410 f   Cone.obj
 0001:00013760       ?intersectCaps@Cone@@QBE_NABVray@@AAVisect@@@Z 00414760 f   Cone.obj
 0001:00013900       ?intersectLocal@Cone@@UBE_NABVray@@AAVisect@@@Z 00414900 f   Cone.obj
 0001:000139d0       ?intersectBody@Cylinder@@QBE_NABVray@@AAVisect@@@Z 004149d0 f   Cylinder.obj
 0001:00013ca0       ?intersectCaps@Cylinder@@QBE_NABVray@@AAVisect@@@Z 00414ca0 f   Cylinder.obj
 0001:00013e00       ?intersectLocal@Cylinder@@UBE_NABVray@@AAVisect@@@Z 00414e00 f   Cylinder.obj
 0001:00013ed0       ?intersectLocal@Sphere@@UBE_NABVray@@AAVisect@@@Z 00414ed0 f   Sphere.obj
 0001:000140e0       ?intersectLocal@Square@@UBE_NABVray@@AAVisect@@@Z 004150e0 f   Square.obj
 0001:000141b0       ??$_Uninitialized_default_fill_n1@PAVvec3f@@IV?$allocator@Vvec3f@@@std@@@std@@YAXPAVvec3f@@IAAU?$_Wrap_alloc@V?$allocator@Vvec3f@@@std@@@0@U?$integral_constant@_N$0A@@0@@Z 004151b0 f i trimesh.obj
 0001:000141e0       ??$_Uninitialized_move_al_unchecked1@PAVvec3f@@PAV1@V?$allocator@Vvec3f@@@std@@@std@@YAPAVvec3f@@PAV1@00AAU?$_Wrap_alloc@V?$allocator@Vvec3f@@@std@@@0@U_General_ptr_iterator_tag@0@U_Any_tag@0@@Z 004151e0 f i trimesh.obj
 0001:00014220       ??1Trimesh@@UAE@XZ         00415220 f   trimesh.obj
 0001:00014480       ??D@YA?AVMaterial@@NV0@@Z  00415480 f i trimesh.obj
 0001:00014620       ??YMaterial@@QAEAAV0@ABV0@@Z 00415620 f i trimesh.obj
 0001:00014790       ??_ETrimeshFace@@UAEPAXI@Z 00415790 f i trimesh.obj
 0001:00014790       ??_GTrimeshFace@@UAEPAXI@Z 00415790 f i trimesh.obj
 0001:000147d0       ?ComputeLocalBoundingBox@TrimeshFace@@UAE?AVBoundingBox@@XZ 004157d0 f i trimesh.obj
 0001:000148f0       ?_Reallocate@?$vector@PAVMaterial@@V?$allocator@PAVMaterial@@@std@@@std@@IAEXI@Z 004158f0 f i trimesh.obj
 0001:00014950       ?_Reallocate@?$vector@PAVTrimeshFace@@V?$allocator@PAVTrimeshFace@@@std@@@std@@IAEXI@Z 00415950 f i trimesh.obj
 0001:000149b0       ?_Reallocate@?$vector@Vvec3f@@V?$allocator@Vvec3f@@@std@@@std@@IAEXI@Z 004159b0 f i trimesh.obj
 0001:00014a90       ?_Reserve@?$vector@PAVMaterial@@V?$allocator@PAVMaterial@@@std@@@std@@IAEXI@Z 00415a90 f i trimesh.obj
 0001:00014b00       ?_Reserve@?$vector@PAVTrimeshFace@@V?$allocator@PAVTrimeshFace@@@std@@@std@@IAEXI@Z 00415b00 f i trimesh.obj
 0001:00014b70       ?_Reserve@?$vector@Vvec3f@@V?$allocator@Vvec3f@@@std@@@std@@IAEXI@Z 00415b70 f i trimesh.obj
 0001:00014c10       ?_Tidy@?$vector@Vvec3f@@V?$allocator@Vvec3f@@@std@@@std@@IAEXXZ 00415c10 f i trimesh.obj
 0001:00014c60       ?addFace@Trimesh@@QAE_NHHH@Z 00415c60 f   trimesh.obj
 0001:00014d80       ?addMaterial@Trimesh@@QAEXPAVMaterial@@@Z 00415d80 f   trimesh.obj
 0001:00014da0       ?addNormal@Trimesh@@QAEXABVvec3f@@@Z 00415da0 f   trimesh.obj
 0001:00014db0       ?addVertex@Trimesh@@QAEXABVvec3f@@@Z 00415db0 f   trimesh.obj
 0001:00014dc0       ?allocate@?$allocator@PAVMaterial@@@std@@QAEPAPAVMaterial@@I@Z 00415dc0 f i trimesh.obj
 0001:00014e30       ?allocate@?$allocator@PAVTrimeshFace@@@std@@QAEPAPAVTrimeshFace@@I@Z 00415e30 f i trimesh.obj
 0001:00014ea0       ?allocate@?$allocator@Vvec3f@@@std@@QAEPAVvec3f@@I@Z 00415ea0 f i trimesh.obj
 0001:00014f10       ?doubleCheck@Trimesh@@QAEPADXZ 00415f10 f   trimesh.obj
 0001:00014fb0       ?generateNormals@Trimesh@@QAEXXZ 00415fb0 f   trimesh.obj
 0001:00015240       ?hasBoundingBoxCapability@TrimeshFace@@UBE_NXZ 00416240 f i trimesh.obj
 0001:00015250       ?intersectLocal@TrimeshFace@@UBE_NABVray@@AAVisect@@@Z 00416250 f   trimesh.obj
 0001:00015990       ?push_back@?$vector@PAVMaterial@@V?$allocator@PAVMaterial@@@std@@@std@@QAEXABQAVMaterial@@@Z 00416990 f i trimesh.obj
 0001:00015a00       ?push_back@?$vector@PAVTrimeshFace@@V?$allocator@PAVTrimeshFace@@@std@@@std@@QAEXABQAVTrimeshFace@@@Z 00416a00 f i trimesh.obj
 0001:00015a70       ?push_back@?$vector@Vvec3f@@V?$allocator@Vvec3f@@@std@@@std@@QAEXABVvec3f@@@Z 00416a70 f i trimesh.obj
 0001:00015b20       ?resize@?$vector@Vvec3f@@V?$allocator@Vvec3f@@@std@@@std@@QAEXI@Z 00416b20 f i trimesh.obj
 0001:00015c20       ?visual@Fl@@SAHH@Z         00416c20 f   fltk:Fl_visual.obj
 0001:00015c80       ?option@Fl@@SA_NW4Fl_Option@1@@Z 00416c80 f   fltk:Fl.obj
 0001:00015f10       ?option@Fl@@SAXW4Fl_Option@1@_N@Z 00416f10 f   fltk:Fl.obj
 0001:00015f50       ?version@Fl@@SANXZ         00416f50 f   fltk:Fl.obj
 0001:00015f60       ?scrollbar_size@Fl@@SAHXZ  00416f60 f   fltk:Fl.obj
 0001:00015f70       ?scrollbar_size@Fl@@SAXH@Z 00416f70 f   fltk:Fl.obj
 0001:00015f80       ?wait@Fl@@SAHXZ            00416f80 f   fltk:Fl.obj
 0001:00015fd0       ?wait@Fl@@SANN@Z           00416fd0 f   fltk:Fl.obj
 0001:00016000       ?check@Fl@@SAHXZ           00417000 f   fltk:Fl.obj
 0001:00016040       ?ready@Fl@@SAHXZ           00417040 f   fltk:Fl.obj
 0001:00016050       ?run@Fl@@SAHXZ             00417050 f   fltk:Fl.obj
 0001:00016080       ?add_timeout@Fl@@SAXNP6AXPAX@Z0@Z 00417080 f   fltk:Fl.obj
 0001:000160b0       ?repeat_timeout@Fl@@SAXNP6AXPAX@Z0@Z 004170b0 f   fltk:Fl.obj
 0001:00016260       ?has_timeout@Fl@@SAHP6AXPAX@Z0@Z 00417260 f   fltk:Fl.obj
 0001:000162c0       ?remove_timeout@Fl@@SAXP6AXPAX@Z0@Z 004172c0 f   fltk:Fl.obj
 0001:00016330       ?add_check@Fl@@SAXP6AXPAX@Z0@Z 00417330 f   fltk:Fl.obj
 0001:000163b0       ?has_check@Fl@@SAHP6AXPAX@Z0@Z 004173b0 f   fltk:Fl.obj
 0001:00016400       ?remove_check@Fl@@SAXP6AXPAX@Z0@Z 00417400 f   fltk:Fl.obj
 0001:00016480       ?add_fd@Fl@@SAXHHP6AXHPAX@Z0@Z 00417480 f   fltk:Fl.obj
 0001:00016750       ?add_fd@Fl@@SAXHP6AXHPAX@Z0@Z 00417750 f   fltk:Fl.obj
 0001:00016770       ?remove_fd@Fl@@SAXHH@Z     00417770 f   fltk:Fl.obj
 0001:00016a70       ?remove_fd@Fl@@SAXH@Z      00417a70 f   fltk:Fl.obj
 0001:00016a90       ?redraw@Fl@@SAXXZ          00417a90 f   fltk:Fl.obj
 0001:00016ac0       ?flush@Fl@@SAXXZ           00417ac0 f   fltk:Fl.obj
 0001:00016b90       ?first_window@Fl@@SAPAVFl_Window@@XZ 00417b90 f   fltk:Fl.obj
 0001:00016bc0       ?first_window@Fl@@SAXPAVFl_Window@@@Z 00417bc0 f   fltk:Fl.obj
 0001:00016c10       ?next_window@Fl@@SAPAVFl_Window@@PBV2@@Z 00417c10 f   fltk:Fl.obj
 0001:00016c50       ?get_mouse@Fl@@SAXAAH0@Z   00417c50 f   fltk:Fl.obj
 0001:00016c80       ?event_inside@Fl@@SAHHHHH@Z 00417c80 f   fltk:Fl.obj
 0001:00016cd0       ?event_inside@Fl@@SAHPBVFl_Widget@@@Z 00417cd0 f   fltk:Fl.obj
 0001:00016d50       ?enable_im@Fl@@SAXXZ       00417d50 f   fltk:Fl.obj
 0001:00016d90       ?disable_im@Fl@@SAXXZ      00417d90 f   fltk:Fl.obj
 0001:00016dd0       ?handle@Fl@@SAHHPAVFl_Window@@@Z 00417dd0 f   fltk:Fl.obj
 0001:00016e10       ?handle_@Fl@@SAHHPAVFl_Window@@@Z 00417e10 f   fltk:Fl.obj
 0001:000174f0       ?belowmouse@Fl@@SAXPAVFl_Widget@@@Z 004184f0 f   fltk:Fl.obj
 0001:00017590       ?pushed@Fl@@SAXPAVFl_Widget@@@Z 00418590 f   fltk:Fl.obj
 0001:000175a0       ?focus@Fl@@SAXPAVFl_Widget@@@Z 004185a0 f   fltk:Fl.obj
 0001:000176a0       ?add_handler@Fl@@SAXP6AHH@Z@Z 004186a0 f   fltk:Fl.obj
 0001:000176e0       ?remove_handler@Fl@@SAXP6AHH@Z@Z 004186e0 f   fltk:Fl.obj
 0001:00017760       ?add_system_handler@Fl@@SAXP6AHPAX0@Z0@Z 00418760 f   fltk:Fl.obj
 0001:000177b0       ?remove_system_handler@Fl@@SAXP6AHPAX0@Z@Z 004187b0 f   fltk:Fl.obj
 0001:00017830       ?event_dispatch@Fl@@SAXP6AHHPAVFl_Window@@@Z@Z 00418830 f   fltk:Fl.obj
 0001:00017840       ?event_dispatch@Fl@@SAP6AHHPAVFl_Window@@@ZXZ 00418840 f   fltk:Fl.obj
 0001:00017850       ?copy@Fl@@SAXPBDHH0@Z      00418850 f   fltk:Fl.obj
 0001:00017980       ?copy@Fl@@SAXPBDHH@Z       00418980 f   fltk:Fl.obj
 0001:000179a0       ?paste@Fl@@SAXAAVFl_Widget@@HPBD@Z 004189a0 f   fltk:Fl.obj
 0001:00018690       ?paste@Fl@@SAXAAVFl_Widget@@H@Z 00419690 f   fltk:Fl.obj
 0001:000186b0       ?add_clipboard_notify@Fl@@SAXP6AXHPAX@Z0@Z 004196b0 f   fltk:Fl.obj
 0001:00018710       ?remove_clipboard_notify@Fl@@SAXP6AXHPAX@Z@Z 00419710 f   fltk:Fl.obj
 0001:00018780       ?clipboard_contains@Fl@@SAHPBD@Z 00419780 f   fltk:Fl.obj
 0001:00018830       ?selection_owner@Fl@@SAXPAVFl_Widget@@@Z 00419830 f   fltk:Fl.obj
 0001:00018840       ?selection@Fl@@SAXAAVFl_Widget@@PBDH@Z 00419840 f   fltk:Fl.obj
 0001:00018860       ?paste@Fl@@SAXAAVFl_Widget@@@Z 00419860 f   fltk:Fl.obj
 0001:00018880       ?x@Fl@@SAHXZ               00419880 f   fltk:Fl.obj
 0001:000188c0       ?y@Fl@@SAHXZ               004198c0 f   fltk:Fl.obj
 0001:00018900       ?w@Fl@@SAHXZ               00419900 f   fltk:Fl.obj
 0001:00018940       ?h@Fl@@SAHXZ               00419940 f   fltk:Fl.obj
 0001:00018980       ?thread_message@Fl@@SAPAXXZ 00419980 f   fltk:Fl.obj
 0001:000189a0       ?delete_widget@Fl@@SAXPAVFl_Widget@@@Z 004199a0 f   fltk:Fl.obj
 0001:00018aa0       ?do_widget_deletion@Fl@@SAXXZ 00419aa0 f   fltk:Fl.obj
 0001:00018b20       ?watch_widget_pointer@Fl@@SAXAAPAVFl_Widget@@@Z 00419b20 f   fltk:Fl.obj
 0001:00018bc0       ?release_widget_pointer@Fl@@SAXAAPAVFl_Widget@@@Z 00419bc0 f   fltk:Fl.obj
 0001:00018c40       ?clear_widget_pointer@Fl@@SAXPBVFl_Widget@@@Z 00419c40 f   fltk:Fl.obj
 0001:00018cb0       ??0Fl_Widget_Tracker@@QAE@PAVFl_Widget@@@Z 00419cb0 f   fltk:Fl.obj
 0001:00018ce0       ??1Fl_Widget_Tracker@@QAE@XZ 00419ce0 f   fltk:Fl.obj
 0001:00018d30       ?redraw@Fl_Widget@@QAEXXZ  00419d30 f   fltk:Fl.obj
 0001:00018d50       ?redraw_label@Fl_Widget@@QAEXXZ 00419d50 f   fltk:Fl.obj
 0001:00019350       ?damage@Fl_Widget@@QAEXE@Z 0041a350 f   fltk:Fl.obj
 0001:00019410       ?damage@Fl_Widget@@QAEXEHHHH@Z 0041a410 f   fltk:Fl.obj
 0001:00019600       ?size_range_@Fl_Window@@AAEXXZ 0041a600 f   fltk:Fl.obj
 0001:00019620       ?fullscreen_x@Fl_Window@@AAEXXZ 0041a620 f   fltk:Fl.obj
 0001:00019690       ?fullscreen_off_x@Fl_Window@@AAEXHHHH@Z 0041a690 f   fltk:Fl.obj
 0001:00019870       ?flush@Fl_Window@@MAEXXZ   0041a870 f   fltk:Fl.obj
 0001:000198e0       ?handle@Fl_Window@@UAEHH@Z 0041a8e0 f   fltk:Fl.obj
 0001:00019a50       ?resize@Fl_Window@@UAEXHHHH@Z 0041aa50 f   fltk:Fl.obj
 0001:00019d30       ?label@Fl_Window@@QAEXPBD0@Z 0041ad30 f   fltk:Fl.obj
 0001:00019e20       ?default_icons@Fl_Window@@SAXPAUHICON__@@0@Z 0041ae20 f   fltk:Fl.obj
 0001:00019e40       ?icons@Fl_Window@@QAEXPAUHICON__@@0@Z 0041ae40 f   fltk:Fl.obj
 0001:00019ea0       ?show@Fl_Window@@UAEXXZ    0041aea0 f   fltk:Fl.obj
 0001:00019f60       ?hide@Fl_Window@@UAEXXZ    0041af60 f   fltk:Fl.obj
 0001:0001a3c0       ?make_current@Fl_Window@@QAEXXZ 0041b3c0 f   fltk:Fl.obj
 0001:0001a420       ?decorated_w@Fl_Window@@QAEHXZ 0041b420 f   fltk:Fl.obj
 0001:0001a4f0       ?decorated_h@Fl_Window@@QAEHXZ 0041b4f0 f   fltk:Fl.obj
 0001:0001a5c0       ?XRectangleRegion@@YAPAUHRGN__@@HHHH@Z 0041b5c0 f   fltk:Fl.obj
 0001:0001a670       ?fake_X_wm@Fl_X@@SAHPBVFl_Window@@AAH1111@Z 0041b670 f   fltk:Fl.obj
 0001:0001ada0       ?make_fullscreen@Fl_X@@QAEXHHHH@Z 0041bda0 f   fltk:Fl.obj
 0001:0001af00       ?set_minmax@Fl_X@@QAEXPAUtagMINMAXINFO@@@Z 0041bf00 f   fltk:Fl.obj
 0001:0001aff0       ?set_default_icons@Fl_X@@SAXQAPBVFl_RGB_Image@@H@Z 0041bff0 f   fltk:Fl.obj
 0001:0001b0b0       ?set_default_icons@Fl_X@@SAXPAUHICON__@@0@Z 0041c0b0 f   fltk:Fl.obj
 0001:0001b120       ?set_icons@Fl_X@@QAEXXZ    0041c120 f   fltk:Fl.obj
 0001:0001b2c0       ?set_cursor@Fl_X@@QAEHW4Fl_Cursor@@@Z 0041c2c0 f   fltk:Fl.obj
 0001:0001b450       ?set_cursor@Fl_X@@QAEHPBVFl_RGB_Image@@HH@Z 0041c450 f   fltk:Fl.obj
 0001:0001b4d0       ?make@Fl_X@@SAPAV1@PAVFl_Window@@@Z 0041c4d0 f   fltk:Fl.obj
 0001:0001c170       ?fl_release_dc@@YAXPAUHWND__@@PAUHDC__@@@Z 0041d170 f   fltk:Fl.obj
 0001:0001c210       ?fl_save_dc@@YAXPAUHWND__@@PAUHDC__@@@Z 0041d210 f   fltk:Fl.obj
 0001:0001c280       ?fl_open_display@@YAXXZ    0041d280 f   fltk:Fl.obj
 0001:0001c2b0       ?fl_find@@YAPAVFl_Window@@PAUHWND__@@@Z 0041d2b0 f   fltk:Fl.obj
 0001:0001c330       ?fl_GetDC@@YAPAUHDC__@@PAUHWND__@@@Z 0041d330 f   fltk:Fl.obj
 0001:0001c3d0       ?fl_free_fonts@@YAXXZ      0041d3d0 f   fltk:Fl.obj
 0001:0001c490       ?fl_cleanup_dc_list@@YAXXZ 0041d490 f   fltk:Fl.obj
 0001:0001c560       ?fl_clipboard_notify_change@@YAXXZ 0041d560 f   fltk:Fl.obj
 0001:0001c5e0       ?fl_clipboard_notify_empty@@YA_NXZ 0041d5e0 f   fltk:Fl.obj
 0001:0001c610       ?fl_trigger_clipboard_notify@@YAXH@Z 0041d610 f   fltk:Fl.obj
 0001:0001c650       ?fl_ready@@YAHXZ           0041d650 f   fltk:Fl.obj
 0001:0001c730       ?fl_wait@@YAHN@Z           0041d730 f   fltk:Fl.obj
 0001:0001cb40       ?fl_send_system_handlers@@YAHPAX@Z 0041db40 f   fltk:Fl.obj
 0001:0001cba0       ?fl_fix_focus@@YAXXZ       0041dba0 f   fltk:Fl.obj
 0001:0001cd80       ?fl_throw_focus@@YAXPAVFl_Widget@@@Z 0041dd80 f   fltk:Fl.obj
 0001:0001cf50       ?fl_clipboard_notify_retarget@@YAXPAUHWND__@@@Z 0041df50 f   fltk:Fl.obj
 0001:0001cfb0       ?fl_update_clipboard@@YAXXZ 0041dfb0 f   fltk:Fl.obj
 0001:0001d0c0       ?fl_set_status@@YAXHHHH@Z  0041e0c0 f   fltk:Fl.obj
 0001:0001d0d0       ?fl_set_spot@@YAXHHHHHHPAVFl_Window@@@Z 0041e0d0 f   fltk:Fl.obj
 0001:0001d230       ?fl_reset_spot@@YAXXZ      0041e230 f   fltk:Fl.obj
 0001:0001d240       ?print_window@Fl_Paged_Device@@QAEXPAVFl_Window@@HH@Z 0041e240 f   fltk:Fl.obj
 0001:0001d870       ?fl_get_lcid_codepage@@YAIK@Z 0041e870 f   fltk:Fl.obj
 0001:0001d8d0       ?fl_get_codepage@@YAXXZ    0041e8d0 f   fltk:Fl.obj
 0001:0001ee90       ?fl_filename_name@@YAPBDPBD@Z 0041fe90 f   fltk:Fl.obj
 0001:0001f490       ?fl_xid_@@YAPAUHWND__@@PBVFl_Window@@@Z 00420490 f   fltk:Fl.obj
 0001:0001f4c0       ??0Lf2CrlfConvert@@QAE@PBDH@Z 004204c0 f i fltk:Fl.obj
 0001:0001f680       ??1Fl_Win32_At_Exit@@QAE@XZ 00420680 f i fltk:Fl.obj
 0001:0001f6f0       ??1Lf2CrlfConvert@@QAE@XZ  004206f0 f i fltk:Fl.obj
 0001:0001f720       ??1NameList@@QAE@XZ        00420720 f i fltk:Fl.obj
 0001:0001f780       ??_GFl_Device@@UAEPAXI@Z   00420780 f i fltk:Fl.obj
 0001:0001f780       ??_EFl_Device@@UAEPAXI@Z   00420780 f i fltk:Fl.obj
 0001:0001f7b0       ??_EFl_GDI_Graphics_Driver@@UAEPAXI@Z 004207b0 f i fltk:Fl.obj
 0001:0001f7b0       ??_GFl_GDI_Graphics_Driver@@UAEPAXI@Z 004207b0 f i fltk:Fl.obj
 0001:0001f810       ??_GFl_Graphics_Driver@@UAEPAXI@Z 00420810 f i fltk:Fl.obj
 0001:0001f810       ??_EFl_Graphics_Driver@@UAEPAXI@Z 00420810 f i fltk:Fl.obj
 0001:0001f870       ??_EFl_Image@@UAEPAXI@Z    00420870 f i fltk:Fl.obj
 0001:0001f870       ??_GFl_Image@@UAEPAXI@Z    00420870 f i fltk:Fl.obj
 0001:0001f8a0       ??_GFl_RGB_Image@@UAEPAXI@Z 004208a0 f i fltk:Fl.obj
 0001:0001f8a0       ??_EFl_RGB_Image@@UAEPAXI@Z 004208a0 f i fltk:Fl.obj
 0001:0001f8d0       ??_EFl_Surface_Device@@UAEPAXI@Z 004208d0 f i fltk:Fl.obj
 0001:0001f8d0       ??_GFl_Surface_Device@@UAEPAXI@Z 004208d0 f i fltk:Fl.obj
 0001:0001f910       ?add_name@NameList@@QAEXPBD@Z 00420910 f i fltk:Fl.obj
 0001:0001f990       ?class_name@Fl_Device@@UAEPBDXZ 00420990 f i fltk:Fl.obj
 0001:0001f9a0       ?class_name@Fl_GDI_Graphics_Driver@@UAEPBDXZ 004209a0 f i fltk:Fl.obj
 0001:0001f9b0       ?class_name@Fl_Graphics_Driver@@UAEPBDXZ 004209b0 f i fltk:Fl.obj
 0001:0001f9c0       ?class_name@Fl_Surface_Device@@UAEPBDXZ 004209c0 f i fltk:Fl.obj
 0001:0001f9d0       ?color@Fl_Graphics_Driver@@MAEXEEE@Z 004209d0 f i fltk:Fl.obj
 0001:0001f9e0       ?color@Fl_Graphics_Driver@@MAEXI@Z 004209e0 f i fltk:Fl.obj
 0001:0001fa00       ?descent@Fl_Graphics_Driver@@UAEHXZ 00420a00 f i fltk:Fl.obj
 0001:0001fa10       ?draw@Fl_Graphics_Driver@@MAEXHPBDHHH@Z 00420a10 f i fltk:Fl.obj
 0001:0001fa20       ?draw@Fl_Graphics_Driver@@MAEXPAVFl_Bitmap@@HHHHHH@Z 00420a20 f i fltk:Fl.obj
 0001:0001fa30       ?draw@Fl_Graphics_Driver@@MAEXPAVFl_Pixmap@@HHHHHH@Z 00420a30 f i fltk:Fl.obj
 0001:0001fa40       ?draw@Fl_Graphics_Driver@@MAEXPAVFl_RGB_Image@@HHHHHH@Z 00420a40 f i fltk:Fl.obj
 0001:0001fa50       ?draw@Fl_Graphics_Driver@@MAEXPBDHHH@Z 00420a50 f i fltk:Fl.obj
 0001:0001fa60       ?draw_image@Fl_Graphics_Driver@@MAEXP6AXPAXHHHPAE@Z0HHHHH@Z 00420a60 f i fltk:Fl.obj
 0001:0001fa70       ?draw_image@Fl_Graphics_Driver@@MAEXPBEHHHHHH@Z 00420a70 f i fltk:Fl.obj
 0001:0001fa80       ?draw_image_mono@Fl_Graphics_Driver@@MAEXP6AXPAXHHHPAE@Z0HHHHH@Z 00420a80 f i fltk:Fl.obj
 0001:0001fa90       ?draw_image_mono@Fl_Graphics_Driver@@MAEXPBEHHHHHH@Z 00420a90 f i fltk:Fl.obj
 0001:0001faa0       ?font@Fl_Graphics_Driver@@UAEXHH@Z 00420aa0 f i fltk:Fl.obj
 0001:0001fac0       ?height@Fl_Graphics_Driver@@UAEHXZ 00420ac0 f i fltk:Fl.obj
 0001:0001fae0       ?rtl_draw@Fl_Graphics_Driver@@MAEXPBDHHH@Z 00420ae0 f i fltk:Fl.obj
 0001:0001faf0       ?width@Fl_Graphics_Driver@@UAENI@Z 00420af0 f i fltk:Fl.obj
 0001:0001fb20       ?width@Fl_Graphics_Driver@@UAENPBDH@Z 00420b20 f i fltk:Fl.obj
 0001:0001fb30       ?fl_beep@@YAXH@Z           00420b30 f   fltk:fl_ask.obj
 0001:0001fba0       ?fl_message@@YAXPBDZZ      00420ba0 f   fltk:fl_ask.obj
 0001:0001fc00       ?fl_alert@@YAXPBDZZ        00420c00 f   fltk:fl_ask.obj
 0001:0001fc60       ?fl_ask@@YAHPBDZZ          00420c60 f   fltk:fl_ask.obj
 0001:0001fcb0       ?fl_choice@@YAHPBD000ZZ    00420cb0 f   fltk:fl_ask.obj
 0001:0001fd00       ?fl_input@@YAPBDPBD0ZZ     00420d00 f   fltk:fl_ask.obj
 0001:0001fd50       ?fl_password@@YAPBDPBD0ZZ  00420d50 f   fltk:fl_ask.obj
 0001:0001fda0       ?fl_message_icon@@YAPAVFl_Widget@@XZ 00420da0 f   fltk:fl_ask.obj
 0001:0001fdb0       ?fl_message_hotspot@@YAXH@Z 00420db0 f   fltk:fl_ask.obj
 0001:0001fde0       ?fl_message_hotspot@@YAHXZ 00420de0 f   fltk:fl_ask.obj
 0001:0001fdf0       ?fl_message_title@@YAXPBD@Z 00420df0 f   fltk:fl_ask.obj
 0001:0001fe10       ?fl_message_title_default@@YAXPBD@Z 00420e10 f   fltk:fl_ask.obj
 0001:00020c90       ??$__vcrt_va_start_verify_argument_type@PBD@@YAXXZ 00421c90 f i fltk:fl_ask.obj
 0001:00020ca0       ?default_atclose@Fl@@SAXPAVFl_Window@@PAX@Z 00421ca0 f   fltk:Fl_Window.obj
 0001:00020cd0       ?window@Fl_Widget@@QBEPAVFl_Window@@XZ 00421cd0 f   fltk:Fl_Window.obj
 0001:00020d20       ?top_window@Fl_Widget@@QBEPAVFl_Window@@XZ 00421d20 f   fltk:Fl_Window.obj
 0001:00020d60       ?top_window_offset@Fl_Widget@@QBEPAVFl_Window@@AAH0@Z 00421d60 f   fltk:Fl_Window.obj
 0001:00020de0       ?_Fl_Window@Fl_Window@@AAEXXZ 00421de0 f   fltk:Fl_Window.obj
 0001:00020ed0       ?free_icons@Fl_Window@@IAEXXZ 00421ed0 f   fltk:Fl_Window.obj
 0001:00020fe0       ??0Fl_Window@@QAE@HHPBD@Z  00421fe0 f   fltk:Fl_Window.obj
 0001:00021080       ??0Fl_Window@@QAE@HHHHPBD@Z 00422080 f   fltk:Fl_Window.obj
 0001:00021120       ??1Fl_Window@@UAE@XZ       00422120 f   fltk:Fl_Window.obj
 0001:00021210       ?label@Fl_Window@@QAEXPBD@Z 00422210 f   fltk:Fl_Window.obj
 0001:00021240       ?iconlabel@Fl_Window@@QAEXPBD@Z 00422240 f   fltk:Fl_Window.obj
 0001:00021270       ?copy_label@Fl_Window@@QAEXPBD@Z 00422270 f   fltk:Fl_Window.obj
 0001:000212b0       ?default_xclass@Fl_Window@@SAXPBD@Z 004222b0 f   fltk:Fl_Window.obj
 0001:000212f0       ?default_xclass@Fl_Window@@SAPBDXZ 004222f0 f   fltk:Fl_Window.obj
 0001:00021310       ?xclass@Fl_Window@@QBEPBDXZ 00422310 f   fltk:Fl_Window.obj
 0001:00021340       ?xclass@Fl_Window@@QAEXPBD@Z 00422340 f   fltk:Fl_Window.obj
 0001:000213a0       ?default_icon@Fl_Window@@SAXPBVFl_RGB_Image@@@Z 004223a0 f   fltk:Fl_Window.obj
 0001:000213c0       ?default_icons@Fl_Window@@SAXQAPBVFl_RGB_Image@@H@Z 004223c0 f   fltk:Fl_Window.obj
 0001:000213e0       ?icon@Fl_Window@@QAEXPBVFl_RGB_Image@@@Z 004223e0 f   fltk:Fl_Window.obj
 0001:00021400       ?icons@Fl_Window@@QAEXQAPBVFl_RGB_Image@@H@Z 00422400 f   fltk:Fl_Window.obj
 0001:000214d0       ?icon@Fl_Window@@QBEPBXXZ  004224d0 f   fltk:Fl_Window.obj
 0001:000214f0       ?icon@Fl_Window@@QAEXPBX@Z 004224f0 f   fltk:Fl_Window.obj
 0001:00021510       ?wait_for_expose@Fl_Window@@QAEXXZ 00422510 f   fltk:Fl_Window.obj
 0001:00021560       ?x_root@Fl_Window@@QBEHXZ  00422560 f   fltk:Fl_Window.obj
 0001:000215a0       ?y_root@Fl_Window@@QBEHXZ  004225a0 f   fltk:Fl_Window.obj
 0001:000215e0       ?current@Fl_Window@@SAPAV1@XZ 004225e0 f   fltk:Fl_Window.obj
 0001:000215f0       ?default_callback@Fl_Window@@SAXPAV1@PAX@Z 004225f0 f   fltk:Fl_Window.obj
 0001:00021610       ??_GFl_Window@@UAEPAXI@Z   00422610 f i fltk:Fl_Window.obj
 0001:00021610       ??_EFl_Window@@UAEPAXI@Z   00422610 f i fltk:Fl_Window.obj
 0001:00021650       ?as_gl_window@Fl_Widget@@UAEPAVFl_Gl_Window@@XZ 00422650 f i fltk:Fl_Window.obj
 0001:00021660       ?readqueue@Fl@@SAPAVFl_Widget@@XZ 00422660 f   fltk:Fl_Widget.obj
[...]
 0003:00002dd4       ?s_wsock_select@@3P6GHHPAUfd_set@@00PBUtimeval@@@ZA 0048cdd4     fltk:Fl.obj
 0003:00002dd8       ?fl_wsk_fd_is_set@@3P6GHIPAUfd_set@@@ZA 0048cdd8     fltk:Fl.obj
 0003:00002e04       ?s_imm_module@@3PAUHINSTANCE__@@A 0048ce04     fltk:Fl.obj
 0003:00002e08       ?flImmAssociateContextEx@@3P6GHPAUHWND__@@PAUHIMC__@@K@ZA 0048ce08     fltk:Fl.obj
 0003:00002e0d       ?dnd_flag@@3DA             0048ce0d     fltk:Fl.obj
 0003:00002e10       ?flImmGetContext@@3P6GPAUHIMC__@@PAUHWND__@@@ZA 0048ce10     fltk:Fl.obj
 0003:00002e18       ?flImmSetCompositionWindow@@3P6GHPAUHIMC__@@PAUtagCOMPOSITIONFORM@@@ZA 0048ce18     fltk:Fl.obj
 0003:00002e1c       ?flImmReleaseContext@@3P6GHPAUHWND__@@PAUHIMC__@@@ZA 0048ce1c     fltk:Fl.obj
 0003:00002e20       ?sys_handlers@@3PAUsystem_handler_link@@A 0048ce20     fltk:Fl.obj
 0003:00002e24       ?track_mouse_win@@3PAVFl_Window@@A 0048ce24     fltk:Fl.obj
 0003:00002e28       ?maxfd@@3HA                0048ce28     fltk:Fl.obj
 0003:00002e2c       ?nfds@@3HA                 0048ce2c     fltk:Fl.obj
 0003:00002e30       ?fd_array_size@@3HA        0048ce30     fltk:Fl.obj
 0003:00002e5c       ?fd@@3PAUFD@@A             0048ce5c     fltk:Fl.obj
 0003:00002ebc       ?default_big_icon@@3PAUHICON__@@A 0048cebc     fltk:Fl.obj
 0003:00002ec0       ?default_small_icon@@3PAUHICON__@@A 0048cec0     fltk:Fl.obj
 0003:00002ec4       ?win_DC_list@@3PAUWin_DC_List@@A 0048cec4     fltk:Fl.obj
 0003:00002ed0       ?num_dwidgets@@3HA         0048ced0     fltk:Fl.obj
 0003:00002ed4       ?alloc_dwidgets@@3HA       0048ced4     fltk:Fl.obj
 0003:00002ed8       ?dwidgets@@3PAPAVFl_Widget@@A 0048ced8     fltk:Fl.obj
 0003:00002edc       ?widget_watch@@3PAPAPAVFl_Widget@@A 0048cedc     fltk:Fl.obj
 0003:00002ee0       ?num_widget_watch@@3HA     0048cee0     fltk:Fl.obj
 0003:00002ee4       ?max_widget_watch@@3HA     0048cee4     fltk:Fl.obj
 0003:00002ef0       ?win32_at_exit@@3VFl_Win32_At_Exit@@A 0048cef0     fltk:Fl.obj
 0003:00002ef4       ?fl_gdi_display@@3VFl_Display_Device@@A 0048cef4     fltk:Fl.obj
 0003:00002f00       ?fl_gdi_driver@@3VFl_GDI_Graphics_Driver@@A 0048cf00     fltk:Fl.obj
 0003:000035e8       ?first_check@@3PAUCheck@@A 0048d5e8     fltk:Fl.obj
 0003:000035ec       ?next_check@@3PAUCheck@@A  0048d5ec     fltk:Fl.obj
 0003:000035f0       ?free_check@@3PAUCheck@@A  0048d5f0     fltk:Fl.obj
 0003:000035f4       ?thread_message_@@3PAXA    0048d5f4     fltk:Fl.obj
 0003:000035f8       ?fdsets@@3PAUfd_set@@A     0048d5f8     fltk:Fl.obj
 0003:00003904       ?win32_timers@@3PAUWin32Timer@@A 0048d904     fltk:Fl.obj
 0003:00003908       ?win32_timer_alloc@@3HA    0048d908     fltk:Fl.obj
 0003:0000390c       ?win32_timer_used@@3HA     0048d90c     fltk:Fl.obj
 0003:00003910       ?s_TimerWnd@@3PAUHWND__@@A 0048d910     fltk:Fl.obj
 0003:00003914       ?resize_bug_fix@@3PAVFl_Window@@A 0048d914     fltk:Fl.obj
 0003:00003918       ?in_idle@?1??fl_wait@@YAHN@Z@4DA 0048d918     fltk:Fl.obj
 0003:00003919       ?beenHereDoneThat@?1??fl_open_display@@YAXXZ@4DA 0048d919     fltk:Fl.obj
 0003:0000391c       ?px@?1??mouse_event@@YAHPAVFl_Window@@HHIJ@Z@4HA 0048d91c     fltk:Fl.obj
 0003:00003920       ?py@?1??mouse_event@@YAHPAVFl_Window@@HHIJ@Z@4HA 0048d920     fltk:Fl.obj
 0003:00003924       ?pmx@?1??mouse_event@@YAHPAVFl_Window@@HHIJ@Z@4HA 0048d924     fltk:Fl.obj
 0003:00003928       ?pmy@?1??mouse_event@@YAHPAVFl_Window@@HHIJ@Z@4HA 0048d928     fltk:Fl.obj
 0003:00003930       ?vklut@?1??ms2fltk@@YAHIH@Z@4PAGA 0048d930     fltk:Fl.obj
 0003:00003b30       ?extendedlut@?1??ms2fltk@@YAHIH@Z@4PAGA 0048db30     fltk:Fl.obj
 0003:00003d30       ?buffer@?DH@??WndProc@@YGJPAUHWND__@@IIJ@Z@4PADA 0048dd30     fltk:Fl.obj
 0003:00004130       ?delta@?GG@??WndProc@@YGJPAUHWND__@@IIJ@Z@4HA 0048e130     fltk:Fl.obj
 0003:00004134       ?delta@?GJ@??WndProc@@YGJPAUHWND__@@IIJ@Z@4HA 0048e134     fltk:Fl.obj
 0003:00004138       ?class_name_list@?1??make@Fl_X@@SAPAV2@PAVFl_Window@@@Z@4VNameList@@A 0048e138     fltk:Fl.obj
 0003:00004144       ?$TSS0@?1??make@Fl_X@@SAPAV2@PAVFl_Window@@@Z@4HA 0048e144     fltk:Fl.obj
 0003:00004148       ?first_class_name@?1??make@Fl_X@@SAPAV2@PAVFl_Window@@@Z@4PBDB 0048e148     fltk:Fl.obj
 0003:0000414c       ?avoidRecursion@@3DA       0048e14c     fltk:fl_ask.obj
 0003:00004154       ?message_form@@3PAVFl_Window@@A 0048e154     fltk:fl_ask.obj
 0003:00004158       ?message@@3PAVFl_Box@@A    0048e158     fltk:fl_ask.obj
 0003:0000415c       ?icon@@3PAVFl_Box@@A       0048e15c     fltk:fl_ask.obj
 0003:00004160       ?button@@3PAPAVFl_Button@@A 0048e160     fltk:fl_ask.obj
 0003:0000416c       ?input@@3PAVFl_Input@@A    0048e16c     fltk:fl_ask.obj
 0003:00004170       ?ret_val@@3HA              0048e170     fltk:fl_ask.obj
 0003:00004174       ?message_title_default@@3PBDB 0048e174     fltk:fl_ask.obj
 0003:00004180       ?obj_queue@@3PAPAVFl_Widget@@A 0048e180     fltk:Fl_Widget.obj
 0003:000041d0       ?obj_head@@3HA             0048e1d0     fltk:Fl_Widget.obj
 0003:000041d4       ?obj_tail@@3HA             0048e1d4     fltk:Fl_Widget.obj
 0003:000041e4       ?fc@@3PAVFl_File_Chooser@@A 0048e1e4     fltk:fl_file_dir.obj
 0003:000041e8       ?current_callback@@3P6AXPBD@ZA 0048e1e8     fltk:fl_file_dir.obj
 0003:000041ec       ?current_label@@3PBDB      0048e1ec     fltk:fl_file_dir.obj
 0003:000041f0       ?retname@?1??fl_file_chooser@@YAPADPBD00H@Z@4PADA 0048e1f0     fltk:fl_file_dir.obj
 0003:000049f0       ?retname@?1??fl_dir_chooser@@YAPADPBD0H@Z@4PADA 0048e9f0     fltk:fl_file_dir.obj
 0003:000051f0       ?fl_gmi@@3P6GHPAUHMONITOR__@@PAUtagMONITORINFO@@@ZA 0048f1f0     fltk:screen_xywh.obj
 0003:000051f8       ?screens@@3PAUtagRECT@@A   0048f1f8     fltk:screen_xywh.obj
 0003:000052f8       ?work_area@@3PAUtagRECT@@A 0048f2f8     fltk:screen_xywh.obj
 0003:000053f8       ?dpi@@3PAY01MA             0048f3f8     fltk:screen_xywh.obj
 0003:000054a8       ?main_thread@@3KA          0048f4a8     fltk:Fl_lock.obj
 0003:000054b0       ?measure@@3PAP6AXPBUFl_Label@@AAH1@ZA 0048f4b0     fltk:fl_labeltype.obj
 0003:000054fc       ?window@@3PAVFl_TooltipBox@@A 0048f4fc     fltk:Fl_Tooltip.obj
 0003:00005504       ?tip@@3PBDB                0048f504     fltk:Fl_Tooltip.obj
 0003:00005508       ?Y@@3HA                    0048f508     fltk:Fl_Tooltip.obj
 0003:0000550c       ?H@@3HA                    0048f50c     fltk:Fl_Tooltip.obj
 0003:00005510       ?recent_tooltip@@3DA       0048f510     fltk:Fl_Tooltip.obj
 0003:00005511       ?recursion@@3DA            0048f511     fltk:Fl_Tooltip.obj
 0003:00005512       ?beenhere@?1??set_enter_exit_once_@Fl_Tooltip@@CAXXZ@4DA 0048f512     fltk:Fl_Tooltip.obj
 0003:00006120       ?tmppen@@3PAXA             00490120     fltk:fl_color.obj
 0003:00006124       ?savepen@@3PAUHPEN__@@A    00490124     fltk:fl_color.obj
 0003:00006128       ?xmap@?1??color@Fl_GDI_Graphics_Driver@@UAEXEEE@Z@4UFl_XMap@@A 00490128     fltk:fl_color.obj
 0003:00006138       ?brushes@?1??fl_brush_action@@YAPAUHBRUSH__@@H@Z@4PAUFl_Brush@?1??1@YAPAU2@H@Z@A 00490138     fltk:fl_color.obj
 0003:000061f8       ?beenhere@?1??fl_select_palette@@YAPAUHPALETTE__@@XZ@4DA 004901f8     fltk:fl_color.obj
 0003:000061fc       ?fl_alpha_blend@@3P6GHPAUHDC__@@HHHH0HHHHUFL_BLENDFUNCTION@@@ZA 004901fc     fltk:Fl_Double_Window.obj
 0003:00006200       ?been_here@?1??fl_can_do_alpha_blending@@YADXZ@4DA 00490200     fltk:Fl_Double_Window.obj
 0003:00006201       ?can_do@?1??fl_can_do_alpha_blending@@YADXZ@4DA 00490201     fltk:Fl_Double_Window.obj
 0003:000062b4       ?hMod@?1??newUUID@Fl_Preferences@@SAPBDXZ@4PAUHINSTANCE__@@A 004902b4     fltk:Fl_Preferences.obj
 0003:000062c4       ?fl_angle_@@3HA            004902c4     fltk:fl_font.obj
 0003:000062c8       ?wstr@@3PAGA               004902c8     fltk:fl_font.obj
 0003:000062cc       ?wstr_len@@3HA             004902cc     fltk:fl_font.obj
 0003:000062d0       ?fl_GetGlyphIndices@@3P6GKPAUHDC__@@PB_WHPAGK@ZA 004902d0     fltk:fl_font.obj
 0003:000062d4       ?have_loaded_GetGlyphIndices@@3HA 004902d4     fltk:fl_font.obj
 0003:000062d8       ?ext_buff@?1??text_extents@Fl_GDI_Graphics_Driver@@UAEXPBDHAAH111@Z@4PAGA 004902d8     fltk:fl_font.obj
 0003:000062dc       ?w_buff@?1??text_extents@Fl_GDI_Graphics_Driver@@UAEXPBDHAAH111@Z@4PAGA 004902dc     fltk:fl_font.obj
 0003:000062e0       ?wc_len@?1??text_extents@Fl_GDI_Graphics_Driver@@UAEXPBDHAAH111@Z@4IA 004902e0     fltk:fl_font.obj
 0003:000062f0       ?hMod@?1??draw@Fl_GDI_Printer_Graphics_Driver@@UAEXPAVFl_Pixmap@@HHHHHH@Z@4PAUHINSTANCE__@@A 004902f0     fltk:Fl_Pixmap.obj
 0003:000062f4       ?fl_TransparentBlt@?1??draw@Fl_GDI_Printer_Graphics_Driver@@UAEXPAVFl_Pixmap@@HHHHHH@Z@4P6GHPAUHDC__@@HHHH1HHHHI@ZA 004902f4     fltk:Fl_Pixmap.obj
 0003:000062f8       ?fl_TransparentBlt@?1??draw@Fl_GDI_Printer_Graphics_Driver@@UAEXPAVFl_Bitmap@@HHHHHH@Z@4P6GHPAUHDC__@@HHHH1HHHHI@ZA 004902f8     fltk:Fl_Bitmap.obj
 0003:000062fc       ?hMod@?1??draw@Fl_GDI_Printer_Graphics_Driver@@UAEXPAVFl_Bitmap@@HHHHHH@Z@4PAUHINSTANCE__@@A 004902fc     fltk:Fl_Bitmap.obj
 0003:00006300       ?ri@?1??dither@@YAXPAEPBEHH@Z@4HA 00490300     fltk:fl_draw_image.obj
 0003:00006304       ?gi@?1??dither@@YAXPAEPBEHH@Z@4HA 00490304     fltk:fl_draw_image.obj
 0003:00006308       ?bi@?1??dither@@YAXPAEPBEHH@Z@4HA 00490308     fltk:fl_draw_image.obj
 0003:0000630c       ?dir@?1??dither@@YAXPAEPBEHH@Z@4HA 0049030c     fltk:fl_draw_image.obj
 0003:00006310       ?ri@?1??monodither@@YAXPAEPBEHH@Z@4HA 00490310     fltk:fl_draw_image.obj
 0003:00006314       ?dir@?1??monodither@@YAXPAEPBEHH@Z@4HA 00490314     fltk:fl_draw_image.obj
 0003:00006318       ?bmibuffer@?1??innards@@YAXPBEHHHHHHHP6AXPAXHHHPAE@Z1@Z@4PAIA 00490318     fltk:fl_draw_image.obj
 0003:00006748       ?buffer@?1??innards@@YAXPBEHHHHHHHP6AXPAXHHHPAE@Z1@Z@4PAIA 00490748     fltk:fl_draw_image.obj
 0003:0000674c       ?buffer_size@?1??innards@@YAXPBEHHHHHHHP6AXPAXHHHPAE@Z1@Z@4JA 0049074c     fltk:fl_draw_image.obj
 0003:00006750       ?line_buffer@?1??innards@@YAXPBEHHHHHHHP6AXPAXHHHPAE@Z1@Z@4PAIA 00490750     fltk:fl_draw_image.obj
 0003:00006754       ?line_buf_size@?CH@??innards@@YAXPBEHHHHHHHP6AXPAXHHHPAE@Z1@Z@4HA 00490754     fltk:fl_draw_image.obj
 0003:00006760       ?fl_bg_set@@3DA            00490760     fltk:Fl_get_system_colors.obj
 0003:00006761       ?fl_bg2_set@@3DA           00490761     fltk:Fl_get_system_colors.obj
 0003:00006762       ?fl_fg_set@@3DA            00490762     fltk:Fl_get_system_colors.obj
 0003:00006770       ?tile@@3VFl_Pixmap@@A      00490770     fltk:Fl_get_system_colors.obj
 0003:00006798       ?e@?1??scheme@Fl@@SAHPBD@Z@4PADA 00490798     fltk:Fl_get_system_colors.obj
 0003:00006bd0       ?mbwbuf@@3PA_WA            00490bd0     fltk:fl_utf8.obj
 0003:00006bd8       ?buf@@3PADA                00490bd8     fltk:fl_utf8.obj
 0003:00006bdc       ?buf_len@@3HA              00490bdc     fltk:fl_utf8.obj
 0003:00006be0       ?wbufa@@3PAGA              00490be0     fltk:fl_utf8.obj
 0003:00006be4       ?wbuf@@3PA_WA              00490be4     fltk:fl_utf8.obj
 0003:00006be8       ?wbuf1@@3PA_WA             00490be8     fltk:fl_utf8.obj
 0003:00006bec       ?table@?1??Toupper@@YAHH@Z@4PAGA 00490bec     fltk:fl_utf8.obj
 0003:00006bf0       ?buf@?1??fl_utf2mbcs@@9@4PADA 00490bf0     fltk:fl_utf8.obj
 0003:00006bf4       ?buf@?1??fl_getenv@@9@4PADA 00490bf4     fltk:fl_utf8.obj
 0003:00006bf8       ?wbuf@?1??fl_getcwd@@9@4PA_WA 00490bf8     fltk:fl_utf8.obj
 0003:00006bfc       ?buf@?1??fl_shortcut_label@@YAPBDIPAPBD@Z@4PADA 00490bfc     fltk:fl_shortcut.obj
 0003:00006c34       ?l_secret@@3HA             00490c34     fltk:Fl_Input_.obj
 0003:00006c38       ?undobuffer@@3PADA         00490c38     fltk:Fl_Input_.obj
 0003:00006c3c       ?undobufferlength@@3HA     00490c3c     fltk:Fl_Input_.obj
 0003:00006c40       ?undowidget@@3PAVFl_Input_@@A 00490c40     fltk:Fl_Input_.obj
 0003:00006c44       ?undoat@@3HA               00490c44     fltk:Fl_Input_.obj
 0003:00006c48       ?undocut@@3HA              00490c48     fltk:Fl_Input_.obj
 0003:00006c4c       ?undoinsert@@3HA           00490c4c     fltk:Fl_Input_.obj
 0003:00006c50       ?yankcut@@3HA              00490c50     fltk:Fl_Input_.obj
 0003:00006c54       ?legal_fp_chars@@3PBDB     00490c54     fltk:Fl_Input.obj
 0003:00006c58       ?dnd_save_position@?1??handle@Fl_Input@@UAEHH@Z@4HA 00490c58     fltk:Fl_Input.obj
 0003:00006c5c       ?dnd_save_mark@?1??handle@Fl_Input@@UAEHH@Z@4HA 00490c5c     fltk:Fl_Input.obj
 0003:00006c60       ?newpos@?1??handle@Fl_Input@@UAEHH@Z@4HA 00490c60     fltk:Fl_Input.obj
 0003:00006c64       ?dnd_save_focus@?1??handle@Fl_Input@@UAEHH@Z@4PAVFl_Widget@@A 00490c64     fltk:Fl_Input.obj
 0003:00006c6c       ?underline_at@@3PADA       00490c6c     fltk:fl_draw.obj
 0003:00006c70       ?local_buf@?1??expand_text_@@YAPBDPBDAAPADHNAAHAANHH@Z@4PADA 00490c70     fltk:fl_draw.obj
 0003:00006c74       ?$TSS0@?1??expand_text_@@YAPBDPBDAAPADHNAAHAANHH@Z@4HA 00490c74     fltk:fl_draw.obj
 0003:00006c7c       ?pressed_menu_button_@@3PAVFl_Menu_Button@@A 00490c7c     fltk:Fl_Menu_Button.obj
 0003:00006c80       ?p@@3PAUmenustate@@A       00490c80     fltk:Fl_Menu.obj
 0003:00006c84       ?button@@3PBVFl_Menu_@@B   00490c84     fltk:Fl_Menu.obj
 0003:00006c88       ?dummy@?1??popup@Fl_Menu_Item@@QBEPBU2@HHPBDPBU2@PBVFl_Menu_@@@Z@4U2@A 00490c88     fltk:Fl_Menu.obj
 0003:00006cac       ?local_array@@3PAUFl_Menu_Item@@A 00490cac     fltk:Fl_Menu_add.obj
 0003:00006cb0       ?local_array_alloc@@3HA    00490cb0     fltk:Fl_Menu_add.obj
 0003:00006cb4       ?local_array_size@@3HA     00490cb4     fltk:Fl_Menu_add.obj
 0003:00006cb8       ?offcenter@?9??handle@Fl_Slider@@IAEHHHHHH@Z@4HA 00490cb8     fltk:Fl_Slider.obj
 0003:00006cbc       ?image_new@@3VFl_Bitmap@@A 00490cbc     fltk:Fl_File_Chooser.obj
 0003:00006cf0       ?pathname@?1??value@Fl_File_Chooser@@QAEPBDH@Z@4PADA 00490cf0     fltk:Fl_File_Chooser2.obj
 0003:000074f8       ?ncolors@@3HA              004914f8     fltk:fl_draw_pixmap.obj
 0003:000074fc       ?chars_per_pixel@@3HA      004914fc     fltk:fl_draw_pixmap.obj
 0003:00007500       ?color_count@@3HA          00491500     fltk:fl_draw_pixmap.obj
 0003:00007504       ?used_colors@@3PAUUsedColor@@A 00491504     fltk:fl_draw_pixmap.obj
 0003:00007508       ?table@?1??XUtf8Toupper@@9@9 00491508     fltk:case.obj
 0003:00007510       ?symbols@@3PAUSYMBOL@@A    00491510     fltk:fl_symbols.obj
 0003:00007ef4       ?beenhere@?1??fl_init_symbols@@YAXXZ@4DA 00491ef4     fltk:fl_symbols.obj
 0003:00007ef8       ?cursor@?1??set_cursor@@YAXPAVFl_Tile@@W4Fl_Cursor@@@Z@4W43@A 00491ef8     fltk:Fl_Tile.obj
 0003:00007efc       ?sdrag@?1??handle@Fl_Tile@@UAEHH@Z@4HA 00491efc     fltk:Fl_Tile.obj
 0003:00007f00       ?sdx@?1??handle@Fl_Tile@@UAEHH@Z@4HA 00491f00     fltk:Fl_Tile.obj
 0003:00007f04       ?sdy@?1??handle@Fl_Tile@@UAEHH@Z@4HA 00491f04     fltk:Fl_Tile.obj
 0003:00007f08       ?sx@?1??handle@Fl_Tile@@UAEHH@Z@4HA 00491f08     fltk:Fl_Tile.obj
 0003:00007f0c       ?sy@?1??handle@Fl_Tile@@UAEHH@Z@4HA 00491f0c     fltk:Fl_Tile.obj
 0003:00007f10       ?change@?1??handle@Fl_Browser_@@UAEHH@Z@4DA 00491f10     fltk:Fl_Browser_.obj
 0003:00007f11       ?whichway@?1??handle@Fl_Browser_@@UAEHH@Z@4DA 00491f11     fltk:Fl_Browser_.obj
 0003:00007f14       ?py@?1??handle@Fl_Browser_@@UAEHH@Z@4HA 00491f14     fltk:Fl_Browser_.obj
 0003:00007f18       ?inButtonBar@?1??handle@Fl_File_Input@@UAEHH@Z@4DA 00491f18     fltk:Fl_File_Input.obj
 0003:00007f38       ?SWAP_TYPE@@3DA            00491f38     fltkgl:Fl_Gl_Window.obj
 0003:00007f40       ?ortho_context@?DG@??flush@Fl_Gl_Window@@UAEXXZ@4PAUHGLRC__@@A 00491f40     fltkgl:Fl_Gl_Window.obj
 0003:00007f44       ?ortho_window@?DG@??flush@Fl_Gl_Window@@UAEXXZ@4PAV2@A 00491f44     fltkgl:Fl_Gl_Window.obj
 0003:00007f48       ?context_list@@3PAPAUHGLRC__@@A 00491f48     fltkgl:Fl_Gl_Choice.obj
 0003:00007f4c       ?nContext@@3HA             00491f4c     fltkgl:Fl_Gl_Choice.obj
 0003:00007f50       ?NContext@@3HA             00491f50     fltkgl:Fl_Gl_Choice.obj
 0003:00007f54       ?first@@3PAVFl_Gl_Choice@@A 00491f54     fltkgl:Fl_Gl_Choice.obj
 0003:00007f58       ?cached_context@@3PAUHGLRC__@@A 00491f58     fltkgl:Fl_Gl_Choice.obj
 0003:00007f5c       ?cached_window@@3PAVFl_Window@@A 00491f5c     fltkgl:Fl_Gl_Choice.obj
 0003:00007f64       ?Gl_Device_Plugin@@3VFl_Gl_Device_Plugin@@A 00491f64     fltkgl:Fl_Gl_Device_Plugin.obj
 0003:00007f6c       ?gl_fontsize@@3PAVFl_Font_Descriptor@@A 00491f6c     fltkgl:gl_draw.obj
 0003:00007f70       ?buf@?1??gl_draw@@YAXPBDH@Z@4PA_WA 00491f70     fltkgl:gl_draw.obj
 0003:00007f74       ?l@?1??gl_draw@@YAXPBDH@Z@4HA 00491f74     fltkgl:gl_draw.obj
 0003:00007f78       _GS_ExceptionRecord        00491f78     MSVCRT:gs_report.obj
 0003:00007fc8       _GS_ContextRecord          00491fc8     MSVCRT:gs_report.obj
 0003:0000829c       ?module_local_atexit_table@@3U_onexit_table_t@@A 0049229c     MSVCRT:utility.obj
 0003:000082a8       ?module_local_at_quick_exit_table@@3U_onexit_table_t@@A 004922a8     MSVCRT:utility.obj
 0003:000082b4       ?is_initialized_as_dll@@3_NA 004922b4     MSVCRT:utility.obj
 0003:000082b8       ?_Tss_mutex@@3U_RTL_CRITICAL_SECTION@@A 004922b8     MSVCRT:thread_safe_statics.obj
 0003:000082d0       ?_Tss_cv@@3U_RTL_CONDITION_VARIABLE@@A 004922d0     MSVCRT:thread_safe_statics.obj
 0003:000082d4       ?_Tss_event@@3PAXA         004922d4     MSVCRT:thread_safe_statics.obj
 0003:000082d8       ?encoded_sleep_condition_variable_cs@@3P6GHPAU_RTL_CONDITION_VARIABLE@@PAU_RTL_CRITICAL_SECTION@@K@ZA 004922d8     MSVCRT:thread_safe_statics.obj
 0003:000082dc       ?encoded_wake_all_condition_variable@@3P6GXPAU_RTL_CONDITION_VARIABLE@@@ZA 004922dc     MSVCRT:thread_safe_statics.obj
 0003:000082fc       ?_Fac_head@std@@3PAU_Fac_node@1@A 004922fc     msvcprt:locale0_implib.obj
 0003:00008300       ?_Fac_tidy_reg@std@@3U_Fac_tidy_reg_t@1@B 00492300     msvcprt:locale0_implib.obj
 0003:00008304       ?mbwbuf@?1??mbcs2utf@@9@9  00492304     fltk:fl_call_main.obj
 0004:00000000       __guard_fids__             00493000     MSVCRT:std_type_info_static.obj
 0004:00000004       __guard_fids__             00493004     MSVCRT:exe_winmain.obj
 0004:00000008       __guard_fids__             00493008     MSVCRT:exe_winmain.obj
 0004:0000000c       __guard_fids__             0049300c     MSVCRT:exe_winmain.obj
 0004:00000010       __guard_fids_?pre_c_initialization@@YAHXZ 00493010     MSVCRT:exe_winmain.obj
 0004:00000018       __guard_fids__             00493018     MSVCRT:thread_safe_statics.obj
 0004:0000001c       __guard_fids_?__scrt_initialize_thread_safe_statics@@YAHXZ 0049301c     MSVCRT:thread_safe_statics.obj
 0004:00000020       __guard_fids__             00493020     MSVCRT:throw_bad_alloc.obj
 0004:00000028       __guard_fids__             00493028     MSVCRT:throw_bad_alloc.obj
 0004:00000030       __guard_fids__             00493030     MSVCRT:throw_bad_alloc.obj
 0004:00000034       __guard_fids__             00493034     MSVCRT:throw_bad_alloc.obj
 0004:00000038       __guard_fids__             00493038     MSVCRT:throw_bad_alloc.obj
 0004:0000003c       __guard_fids__             0049303c     MSVCRT:throw_bad_alloc.obj
 0004:00000040       __guard_fids____scrt_set_unhandled_exception_filter 00493040     MSVCRT:utility_desktop.obj
 0004:00000044       __guard_fids___except_handler4 00493044     MSVCRT:_chandler4gs_.obj
 0004:00000048       __guard_fids__             00493048     MSVCRT:guard_support.obj
 0004:0000004c       __guard_fids___guard_icall_checks_enforced 0049304c     MSVCRT:guard_support.obj
 0004:00000050       __guard_fids_??__E_Fac_tidy_reg@std@@YAXXZ 00493050     msvcprt:locale0_implib.obj
 0004:00000054       __guard_fids__             00493054     msvcprt:locale0_implib.obj
 0006:00000060       $R000000                   00495060     * linker generated manifest res *
